stm32f1xx_ll_fsmc.c:207:20:FSMC_NORSRAM_Init	32	static
stm32f1xx_ll_fsmc.c:290:19:FSMC_NORSRAM_DeInit	24	static
stm32f1xx_ll_fsmc.c:327:19:FSMC_NORSRAM_Timing_Init	24	static
stm32f1xx_ll_fsmc.c:366:19:FSMC_NORSRAM_Extended_Timing_Init	24	static
stm32f1xx_ll_fsmc.c:438:19:FSMC_NORSRAM_WriteOperation_Enable	16	static
stm32f1xx_ll_fsmc.c:456:19:FSMC_NORSRAM_WriteOperation_Disable	16	static
stm32f1xx_ll_fsmc.c:528:19:FSMC_NAND_Init	16	static
stm32f1xx_ll_fsmc.c:575:19:FSMC_NAND_CommonSpace_Timing_Init	24	static
stm32f1xx_ll_fsmc.c:615:19:FSMC_NAND_AttributeSpace_Timing_Init	24	static
stm32f1xx_ll_fsmc.c:653:19:FSMC_NAND_DeInit	16	static
stm32f1xx_ll_fsmc.c:710:19:FSMC_NAND_ECC_Enable	16	static
stm32f1xx_ll_fsmc.c:736:19:FSMC_NAND_ECC_Disable	16	static
stm32f1xx_ll_fsmc.c:763:19:FSMC_NAND_GetECC	32	static
stm32f1xx_ll_fsmc.c:856:19:FSMC_PCCARD_Init	16	static
stm32f1xx_ll_fsmc.c:889:19:FSMC_PCCARD_CommonSpace_Timing_Init	16	static
stm32f1xx_ll_fsmc.c:918:19:FSMC_PCCARD_AttributeSpace_Timing_Init	16	static
stm32f1xx_ll_fsmc.c:947:19:FSMC_PCCARD_IOSpace_Timing_Init	16	static
stm32f1xx_ll_fsmc.c:974:19:FSMC_PCCARD_DeInit	16	static
