ili9341_lcd.c:45:6:lcdInit	16	static
ili9341_lcd.c:210:6:lcdTest	24	static
ili9341_lcd.c:232:6:lcdFillRGB	24	static
ili9341_lcd.c:251:6:lcdDrawPixel	16	static
ili9341_lcd.c:261:6:lcdDrawHLine	32	static
ili9341_lcd.c:290:6:lcdDrawVLine	32	static
ili9341_lcd.c:331:6:lcdDrawLine	48	static
ili9341_lcd.c:394:6:lcdDrawRect	24	static
ili9341_lcd.c:414:6:lcdDrawRoundRect	32	static
ili9341_lcd.c:440:6:lcdDrawCircleHelper	40	static
ili9341_lcd.c:492:6:lcdDrawCircle	40	static
ili9341_lcd.c:540:6:lcdDrawTriangle	32	static
ili9341_lcd.c:557:6:lcdFillCircle	32	static
ili9341_lcd.c:575:6:lcdFillCircleHelper	40	static
ili9341_lcd.c:619:6:lcdFillRect	32	static
ili9341_lcd.c:644:6:lcdFillRoundRect	32	static
ili9341_lcd.c:667:6:lcdFillTriangle	72	static
ili9341_lcd.c:750:6:lcdDrawImage	24	static
ili9341_lcd.c:762:6:lcdHome	8	static
ili9341_lcd.c:781:6:lcdDrawChar	32	static
ili9341_lcd.c:828:6:lcdPrintf	32	static
ili9341_lcd.c:880:6:lcdSetTextFont	16	static
ili9341_lcd.c:893:6:lcdSetTextColor	16	static
ili9341_lcd.c:906:6:lcdSetTextWrap	16	static
ili9341_lcd.c:911:6:lcdSetOrientation	16	static
ili9341_lcd.c:946:6:lcdSetCursor	16	static
ili9341_lcd.c:963:6:lcdSetWindow	24	static
ili9341_lcd.c:978:6:lcdBacklightOff	8	static
ili9341_lcd.c:983:6:lcdBacklightOn	8	static
ili9341_lcd.c:988:6:lcdInversionOff	8	static
ili9341_lcd.c:993:6:lcdInversionOn	8	static
ili9341_lcd.c:998:6:lcdDisplayOff	8	static
ili9341_lcd.c:1004:6:lcdDisplayOn	8	static
ili9341_lcd.c:1010:6:lcdTearingOff	8	static
ili9341_lcd.c:1015:6:lcdTearingOn	16	static
ili9341_lcd.c:1021:10:lcdGetWidth	4	static
ili9341_lcd.c:1026:10:lcdGetHeight	4	static
ili9341_lcd.c:1031:10:lcdGetControllerID	16	static
ili9341_lcd.c:1042:23:lcdGetOrientation	4	static
ili9341_lcd.c:1047:8:lcdGetTextFont	4	static
ili9341_lcd.c:1052:22:lcdGetProperties	16	static
ili9341_lcd.c:1065:10:lcdReadPixel	24	static
ili9341_lcd.c:1089:10:lcdColor565	16	static
ili9341_lcd.c:1096:13:lcdDrawPixels	32	static
ili9341_lcd.c:1109:13:lcdReset	8	static
ili9341_lcd.c:1116:13:lcdWriteCommand	16	static
ili9341_lcd.c:1122:13:lcdWriteData	16	static
ili9341_lcd.c:1127:23:lcdReadData	4	static
ili9341_lcd.c:1132:22:lcdBuildMemoryAccessControlConfig	24	static
