Archive member included to satisfy reference by file (symbol)

c:/st/stm32cubeide_1.6.0/stm32cubeide/plugins/com.st.stm32cube.ide.mcu.externaltools.gnu-tools-for-stm32.9-2020-q2-update.win32_1.5.0.202011040924/tools/bin/../lib/gcc/arm-none-eabi/9.3.1/../../../../arm-none-eabi/lib/thumb/v7-m/nofp\libc_nano.a(lib_a-errno.o)
                              src/bsp/syscalls.o (__errno)
c:/st/stm32cubeide_1.6.0/stm32cubeide/plugins/com.st.stm32cube.ide.mcu.externaltools.gnu-tools-for-stm32.9-2020-q2-update.win32_1.5.0.202011040924/tools/bin/../lib/gcc/arm-none-eabi/9.3.1/../../../../arm-none-eabi/lib/thumb/v7-m/nofp\libc_nano.a(lib_a-exit.o)
                              c:/st/stm32cubeide_1.6.0/stm32cubeide/plugins/com.st.stm32cube.ide.mcu.externaltools.gnu-tools-for-stm32.9-2020-q2-update.win32_1.5.0.202011040924/tools/bin/../lib/gcc/arm-none-eabi/9.3.1/../../../../arm-none-eabi/lib/thumb/v7-m/nofp/crt0.o (exit)
c:/st/stm32cubeide_1.6.0/stm32cubeide/plugins/com.st.stm32cube.ide.mcu.externaltools.gnu-tools-for-stm32.9-2020-q2-update.win32_1.5.0.202011040924/tools/bin/../lib/gcc/arm-none-eabi/9.3.1/../../../../arm-none-eabi/lib/thumb/v7-m/nofp\libc_nano.a(lib_a-impure.o)
                              c:/st/stm32cubeide_1.6.0/stm32cubeide/plugins/com.st.stm32cube.ide.mcu.externaltools.gnu-tools-for-stm32.9-2020-q2-update.win32_1.5.0.202011040924/tools/bin/../lib/gcc/arm-none-eabi/9.3.1/../../../../arm-none-eabi/lib/thumb/v7-m/nofp\libc_nano.a(lib_a-exit.o) (_global_impure_ptr)
c:/st/stm32cubeide_1.6.0/stm32cubeide/plugins/com.st.stm32cube.ide.mcu.externaltools.gnu-tools-for-stm32.9-2020-q2-update.win32_1.5.0.202011040924/tools/bin/../lib/gcc/arm-none-eabi/9.3.1/../../../../arm-none-eabi/lib/thumb/v7-m/nofp\libc_nano.a(lib_a-init.o)
                              c:/st/stm32cubeide_1.6.0/stm32cubeide/plugins/com.st.stm32cube.ide.mcu.externaltools.gnu-tools-for-stm32.9-2020-q2-update.win32_1.5.0.202011040924/tools/bin/../lib/gcc/arm-none-eabi/9.3.1/../../../../arm-none-eabi/lib/thumb/v7-m/nofp/crt0.o (__libc_init_array)
c:/st/stm32cubeide_1.6.0/stm32cubeide/plugins/com.st.stm32cube.ide.mcu.externaltools.gnu-tools-for-stm32.9-2020-q2-update.win32_1.5.0.202011040924/tools/bin/../lib/gcc/arm-none-eabi/9.3.1/../../../../arm-none-eabi/lib/thumb/v7-m/nofp\libc_nano.a(lib_a-malloc.o)
                              src/hw/driver/showmessage.o (malloc)
c:/st/stm32cubeide_1.6.0/stm32cubeide/plugins/com.st.stm32cube.ide.mcu.externaltools.gnu-tools-for-stm32.9-2020-q2-update.win32_1.5.0.202011040924/tools/bin/../lib/gcc/arm-none-eabi/9.3.1/../../../../arm-none-eabi/lib/thumb/v7-m/nofp\libc_nano.a(lib_a-memset.o)
                              c:/st/stm32cubeide_1.6.0/stm32cubeide/plugins/com.st.stm32cube.ide.mcu.externaltools.gnu-tools-for-stm32.9-2020-q2-update.win32_1.5.0.202011040924/tools/bin/../lib/gcc/arm-none-eabi/9.3.1/../../../../arm-none-eabi/lib/thumb/v7-m/nofp/crt0.o (memset)
c:/st/stm32cubeide_1.6.0/stm32cubeide/plugins/com.st.stm32cube.ide.mcu.externaltools.gnu-tools-for-stm32.9-2020-q2-update.win32_1.5.0.202011040924/tools/bin/../lib/gcc/arm-none-eabi/9.3.1/../../../../arm-none-eabi/lib/thumb/v7-m/nofp\libc_nano.a(lib_a-nano-freer.o)
                              c:/st/stm32cubeide_1.6.0/stm32cubeide/plugins/com.st.stm32cube.ide.mcu.externaltools.gnu-tools-for-stm32.9-2020-q2-update.win32_1.5.0.202011040924/tools/bin/../lib/gcc/arm-none-eabi/9.3.1/../../../../arm-none-eabi/lib/thumb/v7-m/nofp\libc_nano.a(lib_a-malloc.o) (_free_r)
c:/st/stm32cubeide_1.6.0/stm32cubeide/plugins/com.st.stm32cube.ide.mcu.externaltools.gnu-tools-for-stm32.9-2020-q2-update.win32_1.5.0.202011040924/tools/bin/../lib/gcc/arm-none-eabi/9.3.1/../../../../arm-none-eabi/lib/thumb/v7-m/nofp\libc_nano.a(lib_a-nano-mallocr.o)
                              c:/st/stm32cubeide_1.6.0/stm32cubeide/plugins/com.st.stm32cube.ide.mcu.externaltools.gnu-tools-for-stm32.9-2020-q2-update.win32_1.5.0.202011040924/tools/bin/../lib/gcc/arm-none-eabi/9.3.1/../../../../arm-none-eabi/lib/thumb/v7-m/nofp\libc_nano.a(lib_a-malloc.o) (_malloc_r)
c:/st/stm32cubeide_1.6.0/stm32cubeide/plugins/com.st.stm32cube.ide.mcu.externaltools.gnu-tools-for-stm32.9-2020-q2-update.win32_1.5.0.202011040924/tools/bin/../lib/gcc/arm-none-eabi/9.3.1/../../../../arm-none-eabi/lib/thumb/v7-m/nofp\libc_nano.a(lib_a-sbrkr.o)
                              c:/st/stm32cubeide_1.6.0/stm32cubeide/plugins/com.st.stm32cube.ide.mcu.externaltools.gnu-tools-for-stm32.9-2020-q2-update.win32_1.5.0.202011040924/tools/bin/../lib/gcc/arm-none-eabi/9.3.1/../../../../arm-none-eabi/lib/thumb/v7-m/nofp\libc_nano.a(lib_a-nano-mallocr.o) (_sbrk_r)
c:/st/stm32cubeide_1.6.0/stm32cubeide/plugins/com.st.stm32cube.ide.mcu.externaltools.gnu-tools-for-stm32.9-2020-q2-update.win32_1.5.0.202011040924/tools/bin/../lib/gcc/arm-none-eabi/9.3.1/../../../../arm-none-eabi/lib/thumb/v7-m/nofp\libc_nano.a(lib_a-strlen.o)
                              src/hw/driver/showmessage.o (strlen)
[...]
Memory Configuration

Name             Origin             Length             Attributes
RAM              0x0000000020000000 0x0000000000010000 xrw
FLASH            0x0000000008000000 0x0000000000080000 xr
*default*        0x0000000000000000 0xffffffffffffffff

Linker script and memory map

LOAD c:/st/stm32cubeide_1.6.0/stm32cubeide/plugins/com.st.stm32cube.ide.mcu.externaltools.gnu-tools-for-stm32.9-2020-q2-update.win32_1.5.0.202011040924/tools/bin/../lib/gcc/arm-none-eabi/9.3.1/thumb/v7-m/nofp/crti.o
LOAD c:/st/stm32cubeide_1.6.0/stm32cubeide/plugins/com.st.stm32cube.ide.mcu.externaltools.gnu-tools-for-stm32.9-2020-q2-update.win32_1.5.0.202011040924/tools/bin/../lib/gcc/arm-none-eabi/9.3.1/thumb/v7-m/nofp/crtbegin.o
LOAD c:/st/stm32cubeide_1.6.0/stm32cubeide/plugins/com.st.stm32cube.ide.mcu.externaltools.gnu-tools-for-stm32.9-2020-q2-update.win32_1.5.0.202011040924/tools/bin/../lib/gcc/arm-none-eabi/9.3.1/../../../../arm-none-eabi/lib/thumb/v7-m/nofp/crt0.o
LOAD src/ap/ap.o
LOAD src/ap/lcd_demo.o
LOAD src/bsp/bsp.o
LOAD src/bsp/stm32f1xx_hal_msp.o
LOAD src/bsp/stm32f1xx_it.o
LOAD src/bsp/syscalls.o
LOAD src/bsp/sysmem.o
LOAD src/bsp/system_stm32f1xx.o
LOAD src/bsp/startup/startup_stm32f103vetx.o
LOAD src/common/core/ili9341_setting/fonts/font12.o
LOAD src/common/core/ili9341_setting/fonts/font16.o
LOAD src/common/core/ili9341_setting/fonts/font20.o
LOAD src/common/core/ili9341_setting/fonts/font24.o
LOAD src/common/core/ili9341_setting/fonts/font8.o
LOAD src/common/core/ili9341_setting/logo/STlogo.o
LOAD src/common/core/qbuffer.o
LOAD src/hw/driver/fsmc.o
LOAD src/hw/driver/ili9341_lcd.o
LOAD src/hw/driver/led.o
LOAD src/hw/driver/menu.o
LOAD src/hw/driver/showmessage.o
LOAD src/hw/driver/spi.o
LOAD src/hw/driver/xpt2046_touch.o
LOAD src/hw/hw.o
LOAD src/lib/cube_stm32f103vet6_fsmc_lcd/Drivers/STM32F1xx_HAL_Driver/Src/stm32f1xx_hal.o
LOAD src/lib/cube_stm32f103vet6_fsmc_lcd/Drivers/STM32F1xx_HAL_Driver/Src/stm32f1xx_hal_cortex.o
LOAD src/lib/cube_stm32f103vet6_fsmc_lcd/Drivers/STM32F1xx_HAL_Driver/Src/stm32f1xx_hal_dma.o
LOAD src/lib/cube_stm32f103vet6_fsmc_lcd/Drivers/STM32F1xx_HAL_Driver/Src/stm32f1xx_hal_exti.o
LOAD src/lib/cube_stm32f103vet6_fsmc_lcd/Drivers/STM32F1xx_HAL_Driver/Src/stm32f1xx_hal_flash.o
LOAD src/lib/cube_stm32f103vet6_fsmc_lcd/Drivers/STM32F1xx_HAL_Driver/Src/stm32f1xx_hal_flash_ex.o
LOAD src/lib/cube_stm32f103vet6_fsmc_lcd/Drivers/STM32F1xx_HAL_Driver/Src/stm32f1xx_hal_gpio.o
LOAD src/lib/cube_stm32f103vet6_fsmc_lcd/Drivers/STM32F1xx_HAL_Driver/Src/stm32f1xx_hal_gpio_ex.o
LOAD src/lib/cube_stm32f103vet6_fsmc_lcd/Drivers/STM32F1xx_HAL_Driver/Src/stm32f1xx_hal_pwr.o
LOAD src/lib/cube_stm32f103vet6_fsmc_lcd/Drivers/STM32F1xx_HAL_Driver/Src/stm32f1xx_hal_rcc.o
LOAD src/lib/cube_stm32f103vet6_fsmc_lcd/Drivers/STM32F1xx_HAL_Driver/Src/stm32f1xx_hal_rcc_ex.o
LOAD src/lib/cube_stm32f103vet6_fsmc_lcd/Drivers/STM32F1xx_HAL_Driver/Src/stm32f1xx_hal_spi.o
LOAD src/lib/cube_stm32f103vet6_fsmc_lcd/Drivers/STM32F1xx_HAL_Driver/Src/stm32f1xx_hal_sram.o
LOAD src/lib/cube_stm32f103vet6_fsmc_lcd/Drivers/STM32F1xx_HAL_Driver/Src/stm32f1xx_hal_tim.o
LOAD src/lib/cube_stm32f103vet6_fsmc_lcd/Drivers/STM32F1xx_HAL_Driver/Src/stm32f1xx_hal_tim_ex.o
LOAD src/lib/cube_stm32f103vet6_fsmc_lcd/Drivers/STM32F1xx_HAL_Driver/Src/stm32f1xx_ll_fsmc.o
LOAD src/main.o
START GROUP
LOAD c:/st/stm32cubeide_1.6.0/stm32cubeide/plugins/com.st.stm32cube.ide.mcu.externaltools.gnu-tools-for-stm32.9-2020-q2-update.win32_1.5.0.202011040924/tools/bin/../lib/gcc/arm-none-eabi/9.3.1/../../../../arm-none-eabi/lib/thumb/v7-m/nofp\libc_nano.a
LOAD c:/st/stm32cubeide_1.6.0/stm32cubeide/plugins/com.st.stm32cube.ide.mcu.externaltools.gnu-tools-for-stm32.9-2020-q2-update.win32_1.5.0.202011040924/tools/bin/../lib/gcc/arm-none-eabi/9.3.1/../../../../arm-none-eabi/lib/thumb/v7-m/nofp\libm.a
END GROUP
START GROUP
LOAD c:/st/stm32cubeide_1.6.0/stm32cubeide/plugins/com.st.stm32cube.ide.mcu.externaltools.gnu-tools-for-stm32.9-2020-q2-update.win32_1.5.0.202011040924/tools/bin/../lib/gcc/arm-none-eabi/9.3.1/thumb/v7-m/nofp\libgcc.a
LOAD c:/st/stm32cubeide_1.6.0/stm32cubeide/plugins/com.st.stm32cube.ide.mcu.externaltools.gnu-tools-for-stm32.9-2020-q2-update.win32_1.5.0.202011040924/tools/bin/../lib/gcc/arm-none-eabi/9.3.1/../../../../arm-none-eabi/lib/thumb/v7-m/nofp\libc_nano.a
END GROUP
START GROUP
LOAD c:/st/stm32cubeide_1.6.0/stm32cubeide/plugins/com.st.stm32cube.ide.mcu.externaltools.gnu-tools-for-stm32.9-2020-q2-update.win32_1.5.0.202011040924/tools/bin/../lib/gcc/arm-none-eabi/9.3.1/thumb/v7-m/nofp\libgcc.a
LOAD c:/st/stm32cubeide_1.6.0/stm32cubeide/plugins/com.st.stm32cube.ide.mcu.externaltools.gnu-tools-for-stm32.9-2020-q2-update.win32_1.5.0.202011040924/tools/bin/../lib/gcc/arm-none-eabi/9.3.1/../../../../arm-none-eabi/lib/thumb/v7-m/nofp\libc_nano.a
LOAD c:/st/stm32cubeide_1.6.0/stm32cubeide/plugins/com.st.stm32cube.ide.mcu.externaltools.gnu-tools-for-stm32.9-2020-q2-update.win32_1.5.0.202011040924/tools/bin/../lib/gcc/arm-none-eabi/9.3.1/../../../../arm-none-eabi/lib/thumb/v7-m/nofp\libnosys.a
END GROUP
START GROUP
LOAD c:/st/stm32cubeide_1.6.0/stm32cubeide/plugins/com.st.stm32cube.ide.mcu.externaltools.gnu-tools-for-stm32.9-2020-q2-update.win32_1.5.0.202011040924/tools/bin/../lib/gcc/arm-none-eabi/9.3.1/thumb/v7-m/nofp\libgcc.a
LOAD c:/st/stm32cubeide_1.6.0/stm32cubeide/plugins/com.st.stm32cube.ide.mcu.externaltools.gnu-tools-for-stm32.9-2020-q2-update.win32_1.5.0.202011040924/tools/bin/../lib/gcc/arm-none-eabi/9.3.1/../../../../arm-none-eabi/lib/thumb/v7-m/nofp\libc_nano.a
LOAD c:/st/stm32cubeide_1.6.0/stm32cubeide/plugins/com.st.stm32cube.ide.mcu.externaltools.gnu-tools-for-stm32.9-2020-q2-update.win32_1.5.0.202011040924/tools/bin/../lib/gcc/arm-none-eabi/9.3.1/../../../../arm-none-eabi/lib/thumb/v7-m/nofp\libnosys.a
END GROUP
LOAD c:/st/stm32cubeide_1.6.0/stm32cubeide/plugins/com.st.stm32cube.ide.mcu.externaltools.gnu-tools-for-stm32.9-2020-q2-update.win32_1.5.0.202011040924/tools/bin/../lib/gcc/arm-none-eabi/9.3.1/thumb/v7-m/nofp/crtend.o
LOAD c:/st/stm32cubeide_1.6.0/stm32cubeide/plugins/com.st.stm32cube.ide.mcu.externaltools.gnu-tools-for-stm32.9-2020-q2-update.win32_1.5.0.202011040924/tools/bin/../lib/gcc/arm-none-eabi/9.3.1/thumb/v7-m/nofp/crtn.o
                0x0000000020010000                _estack = (ORIGIN (RAM) + LENGTH (RAM))
                0x0000000000000200                _Min_Heap_Size = 0x200
                0x0000000000000400                _Min_Stack_Size = 0x400

.isr_vector     0x0000000008000000      0x1e4
                0x0000000008000000                . = ALIGN (0x4)
 *(.isr_vector)
 .isr_vector    0x0000000008000000      0x1e4 src/bsp/startup/startup_stm32f103vetx.o
                0x0000000008000000                g_pfnVectors
                0x00000000080001e4                . = ALIGN (0x4)

.text           0x00000000080001e4     0x6060
                0x00000000080001e4                . = ALIGN (0x4)
 *(.text)
 .text          0x00000000080001e4       0x40 c:/st/stm32cubeide_1.6.0/stm32cubeide/plugins/com.st.stm32cube.ide.mcu.externaltools.gnu-tools-for-stm32.9-2020-q2-update.win32_1.5.0.202011040924/tools/bin/../lib/gcc/arm-none-eabi/9.3.1/thumb/v7-m/nofp/crtbegin.o
 .text          0x0000000008000224       0x10 c:/st/stm32cubeide_1.6.0/stm32cubeide/plugins/com.st.stm32cube.ide.mcu.externaltools.gnu-tools-for-stm32.9-2020-q2-update.win32_1.5.0.202011040924/tools/bin/../lib/gcc/arm-none-eabi/9.3.1/../../../../arm-none-eabi/lib/thumb/v7-m/nofp\libc_nano.a(lib_a-strlen.o)
                0x0000000008000224                strlen
 *(.text*)
 .text.apInit   0x0000000008000234        0xc src/ap/ap.o
                0x0000000008000234                apInit
 .text.HAL_GPIO_EXTI_Callback
                0x0000000008000240      0x190 src/ap/ap.o
                0x0000000008000240                HAL_GPIO_EXTI_Callback
 .text.apLcdTouchMenuTest
                0x00000000080003d0      0x168 src/ap/ap.o
                0x00000000080003d0                apLcdTouchMenuTest
 .text.demoLCD  0x0000000008000538      0x440 src/ap/lcd_demo.o
                0x0000000008000538                demoLCD
 .text.testFillScreen
                0x0000000008000978      0x150 src/ap/lcd_demo.o
                0x0000000008000978                testFillScreen
 .text.testText
                0x0000000008000ac8      0x118 src/ap/lcd_demo.o
                0x0000000008000ac8                testText
 .text.testLines
                0x0000000008000be0      0x268 src/ap/lcd_demo.o
                0x0000000008000be0                testLines
 .text.testFastLines
                0x0000000008000e48       0x86 src/ap/lcd_demo.o
                0x0000000008000e48                testFastLines
 .text.testRects
                0x0000000008000ece       0xae src/ap/lcd_demo.o
                0x0000000008000ece                testRects
 .text.testFilledRects
                0x0000000008000f7c       0xf0 src/ap/lcd_demo.o
                0x0000000008000f7c                testFilledRects
 .text.testFilledCircles
                0x000000000800106c       0x82 src/ap/lcd_demo.o
                0x000000000800106c                testFilledCircles
 .text.testCircles
                0x00000000080010ee       0x88 src/ap/lcd_demo.o
                0x00000000080010ee                testCircles
 .text.testTriangles
                0x0000000008001176       0xda src/ap/lcd_demo.o
                0x0000000008001176                testTriangles
 .text.testFilledTriangles
                0x0000000008001250      0x17c src/ap/lcd_demo.o
                0x0000000008001250                testFilledTriangles
 .text.testRoundRects
                0x00000000080013cc       0xc2 src/ap/lcd_demo.o
                0x00000000080013cc                testRoundRects
 .text.testFilledRoundRects
                0x000000000800148e       0xd2 src/ap/lcd_demo.o
                0x000000000800148e                testFilledRoundRects
 .text.testDrawImage
                0x0000000008001560       0x80 src/ap/lcd_demo.o
                0x0000000008001560                testDrawImage
 .text.bspInit  0x00000000080015e0       0xf4 src/bsp/bsp.o
                0x00000000080015e0                bspInit
 .text.SystemClock_Config
                0x00000000080016d4       0x8a src/bsp/bsp.o
                0x00000000080016d4                SystemClock_Config
 .text.Error_Handler
                0x000000000800175e        0xa src/bsp/bsp.o
                0x000000000800175e                Error_Handler
 .text.HAL_MspInit
                0x0000000008001768       0x64 src/bsp/stm32f1xx_hal_msp.o
                0x0000000008001768                HAL_MspInit
 .text.NMI_Handler
                0x00000000080017cc        0x6 src/bsp/stm32f1xx_it.o
                0x00000000080017cc                NMI_Handler
 .text.HardFault_Handler
                0x00000000080017d2        0x6 src/bsp/stm32f1xx_it.o
                0x00000000080017d2                HardFault_Handler
 .text.MemManage_Handler
                0x00000000080017d8        0x6 src/bsp/stm32f1xx_it.o
                0x00000000080017d8                MemManage_Handler
 .text.BusFault_Handler
                0x00000000080017de        0x6 src/bsp/stm32f1xx_it.o
                0x00000000080017de                BusFault_Handler
 .text.UsageFault_Handler
                0x00000000080017e4        0x6 src/bsp/stm32f1xx_it.o
                0x00000000080017e4                UsageFault_Handler
 .text.SVC_Handler
                0x00000000080017ea        0xc src/bsp/stm32f1xx_it.o
                0x00000000080017ea                SVC_Handler
 .text.DebugMon_Handler
                0x00000000080017f6        0xc src/bsp/stm32f1xx_it.o
                0x00000000080017f6                DebugMon_Handler
 .text.PendSV_Handler
                0x0000000008001802        0xc src/bsp/stm32f1xx_it.o
                0x0000000008001802                PendSV_Handler
 .text.SysTick_Handler
                0x000000000800180e        0xc src/bsp/stm32f1xx_it.o
                0x000000000800180e                SysTick_Handler
 .text.EXTI9_5_IRQHandler
                0x000000000800181a       0x10 src/bsp/stm32f1xx_it.o
                0x000000000800181a                EXTI9_5_IRQHandler
 *fill*         0x000000000800182a        0x2 
 .text._sbrk    0x000000000800182c       0x6c src/bsp/sysmem.o
                0x000000000800182c                _sbrk
 .text.SystemInit
                0x0000000008001898        0xc src/bsp/system_stm32f1xx.o
                0x0000000008001898                SystemInit
 .text.Reset_Handler
                0x00000000080018a4       0x48 src/bsp/startup/startup_stm32f103vetx.o
                0x00000000080018a4                Reset_Handler
 .text.Default_Handler
                0x00000000080018ec        0x2 src/bsp/startup/startup_stm32f103vetx.o
                0x00000000080018ec                RTC_Alarm_IRQHandler
                0x00000000080018ec                EXTI2_IRQHandler
                0x00000000080018ec                TIM8_TRG_COM_IRQHandler
                0x00000000080018ec                TIM8_CC_IRQHandler
                0x00000000080018ec                TIM1_CC_IRQHandler
                0x00000000080018ec                TIM6_IRQHandler
                0x00000000080018ec                PVD_IRQHandler
                0x00000000080018ec                SDIO_IRQHandler
                0x00000000080018ec                EXTI3_IRQHandler
                0x00000000080018ec                EXTI0_IRQHandler
                0x00000000080018ec                I2C2_EV_IRQHandler
                0x00000000080018ec                ADC1_2_IRQHandler
                0x00000000080018ec                SPI1_IRQHandler
                0x00000000080018ec                TAMPER_IRQHandler
                0x00000000080018ec                TIM8_UP_IRQHandler
                0x00000000080018ec                DMA2_Channel2_IRQHandler
                0x00000000080018ec                DMA1_Channel4_IRQHandler
                0x00000000080018ec                USART3_IRQHandler
                0x00000000080018ec                RTC_IRQHandler
                0x00000000080018ec                DMA1_Channel7_IRQHandler
                0x00000000080018ec                CAN1_RX1_IRQHandler
                0x00000000080018ec                UART5_IRQHandler
                0x00000000080018ec                ADC3_IRQHandler
                0x00000000080018ec                TIM4_IRQHandler
                0x00000000080018ec                DMA2_Channel1_IRQHandler
                0x00000000080018ec                I2C1_EV_IRQHandler
                0x00000000080018ec                DMA1_Channel6_IRQHandler
                0x00000000080018ec                UART4_IRQHandler
                0x00000000080018ec                TIM3_IRQHandler
                0x00000000080018ec                RCC_IRQHandler
                0x00000000080018ec                TIM1_TRG_COM_IRQHandler
                0x00000000080018ec                DMA1_Channel1_IRQHandler
                0x00000000080018ec                Default_Handler
                0x00000000080018ec                EXTI15_10_IRQHandler
                0x00000000080018ec                TIM7_IRQHandler
                0x00000000080018ec                TIM5_IRQHandler
                0x00000000080018ec                SPI2_IRQHandler
                0x00000000080018ec                DMA1_Channel5_IRQHandler
                0x00000000080018ec                EXTI4_IRQHandler
                0x00000000080018ec                USB_LP_CAN1_RX0_IRQHandler
                0x00000000080018ec                USB_HP_CAN1_TX_IRQHandler
                0x00000000080018ec                DMA1_Channel3_IRQHandler
                0x00000000080018ec                FSMC_IRQHandler
                0x00000000080018ec                TIM1_UP_IRQHandler
                0x00000000080018ec                WWDG_IRQHandler
                0x00000000080018ec                TIM2_IRQHandler
                0x00000000080018ec                TIM1_BRK_IRQHandler
                0x00000000080018ec                EXTI1_IRQHandler
                0x00000000080018ec                DMA2_Channel4_5_IRQHandler
                0x00000000080018ec                USART2_IRQHandler
                0x00000000080018ec                I2C2_ER_IRQHandler
                0x00000000080018ec                DMA1_Channel2_IRQHandler
                0x00000000080018ec                TIM8_BRK_IRQHandler
                0x00000000080018ec                CAN1_SCE_IRQHandler
                0x00000000080018ec                FLASH_IRQHandler
                0x00000000080018ec                USART1_IRQHandler
                0x00000000080018ec                SPI3_IRQHandler
                0x00000000080018ec                I2C1_ER_IRQHandler
                0x00000000080018ec                USBWakeUp_IRQHandler
                0x00000000080018ec                DMA2_Channel3_IRQHandler
 *fill*         0x00000000080018ee        0x2 
 .text.MX_FSMC_Init
                0x00000000080018f0       0xc8 src/hw/driver/fsmc.o
                0x00000000080018f0                MX_FSMC_Init
 .text.HAL_FSMC_MspInit
                0x00000000080019b8       0x88 src/hw/driver/fsmc.o
 .text.HAL_SRAM_MspInit
                0x0000000008001a40       0x14 src/hw/driver/fsmc.o
                0x0000000008001a40                HAL_SRAM_MspInit
 .text.lcdInit  0x0000000008001a54      0x2fc src/hw/driver/ili9341_lcd.o
                0x0000000008001a54                lcdInit
 .text.lcdTest  0x0000000008001d50      0x144 src/hw/driver/ili9341_lcd.o
                0x0000000008001d50                lcdTest
 .text.lcdFillRGB
                0x0000000008001e94       0x54 src/hw/driver/ili9341_lcd.o
                0x0000000008001e94                lcdFillRGB
 .text.lcdDrawPixel
                0x0000000008001ee8       0x48 src/hw/driver/ili9341_lcd.o
                0x0000000008001ee8                lcdDrawPixel
 .text.lcdDrawHLine
                0x0000000008001f30       0x8c src/hw/driver/ili9341_lcd.o
                0x0000000008001f30                lcdDrawHLine
 .text.lcdDrawVLine
                0x0000000008001fbc       0xa0 src/hw/driver/ili9341_lcd.o
                0x0000000008001fbc                lcdDrawVLine
 .text.lcdDrawLine
                0x000000000800205c      0x13c src/hw/driver/ili9341_lcd.o
                0x000000000800205c                lcdDrawLine
 .text.lcdDrawRect
                0x0000000008002198       0x92 src/hw/driver/ili9341_lcd.o
                0x0000000008002198                lcdDrawRect
 .text.lcdDrawRoundRect
                0x000000000800222a      0x162 src/hw/driver/ili9341_lcd.o
                0x000000000800222a                lcdDrawRoundRect
 .text.lcdDrawCircleHelper
                0x000000000800238c      0x188 src/hw/driver/ili9341_lcd.o
                0x000000000800238c                lcdDrawCircleHelper
 .text.lcdDrawCircle
                0x0000000008002514      0x1a8 src/hw/driver/ili9341_lcd.o
                0x0000000008002514                lcdDrawCircle
 .text.lcdDrawTriangle
                0x00000000080026bc       0x74 src/hw/driver/ili9341_lcd.o
                0x00000000080026bc                lcdDrawTriangle
 .text.lcdFillCircle
                0x0000000008002730       0x5c src/hw/driver/ili9341_lcd.o
                0x0000000008002730                lcdFillCircle
 .text.lcdFillCircleHelper
                0x000000000800278c      0x154 src/hw/driver/ili9341_lcd.o
                0x000000000800278c                lcdFillCircleHelper
 .text.lcdFillRect
                0x00000000080028e0       0xb8 src/hw/driver/ili9341_lcd.o
                0x00000000080028e0                lcdFillRect
 .text.lcdFillRoundRect
                0x0000000008002998       0xca src/hw/driver/ili9341_lcd.o
                0x0000000008002998                lcdFillRoundRect
 .text.lcdFillTriangle
                0x0000000008002a62      0x29a src/hw/driver/ili9341_lcd.o
                0x0000000008002a62                lcdFillTriangle
 .text.lcdDrawImage
                0x0000000008002cfc       0xa8 src/hw/driver/ili9341_lcd.o
                0x0000000008002cfc                lcdDrawImage
 .text.lcdDrawChar
                0x0000000008002da4      0x154 src/hw/driver/ili9341_lcd.o
                0x0000000008002da4                lcdDrawChar
 .text.lcdPrintf
                0x0000000008002ef8      0x118 src/hw/driver/ili9341_lcd.o
                0x0000000008002ef8                lcdPrintf
 .text.lcdSetTextFont
                0x0000000008003010       0x1c src/hw/driver/ili9341_lcd.o
                0x0000000008003010                lcdSetTextFont
 .text.lcdSetTextColor
                0x000000000800302c       0x2c src/hw/driver/ili9341_lcd.o
                0x000000000800302c                lcdSetTextColor
 .text.lcdSetOrientation
                0x0000000008003058       0xdc src/hw/driver/ili9341_lcd.o
                0x0000000008003058                lcdSetOrientation
 .text.lcdSetCursor
                0x0000000008003134       0x34 src/hw/driver/ili9341_lcd.o
                0x0000000008003134                lcdSetCursor
 .text.lcdSetWindow
                0x0000000008003168       0x98 src/hw/driver/ili9341_lcd.o
                0x0000000008003168                lcdSetWindow
 .text.lcdBacklightOn
                0x0000000008003200       0x18 src/hw/driver/ili9341_lcd.o
                0x0000000008003200                lcdBacklightOn
 .text.lcdGetWidth
                0x0000000008003218       0x14 src/hw/driver/ili9341_lcd.o
                0x0000000008003218                lcdGetWidth
 .text.lcdGetHeight
                0x000000000800322c       0x14 src/hw/driver/ili9341_lcd.o
                0x000000000800322c                lcdGetHeight
 .text.lcdGetOrientation
                0x0000000008003240       0x14 src/hw/driver/ili9341_lcd.o
                0x0000000008003240                lcdGetOrientation
 .text.lcdGetTextFont
                0x0000000008003254       0x14 src/hw/driver/ili9341_lcd.o
                0x0000000008003254                lcdGetTextFont
 .text.lcdReadPixel
                0x0000000008003268       0xac src/hw/driver/ili9341_lcd.o
                0x0000000008003268                lcdReadPixel
 .text.lcdColor565
                0x0000000008003314       0x4a src/hw/driver/ili9341_lcd.o
                0x0000000008003314                lcdColor565
 *fill*         0x000000000800335e        0x2 
 .text.lcdDrawPixels
                0x0000000008003360       0x58 src/hw/driver/ili9341_lcd.o
 .text.lcdReset
                0x00000000080033b8       0x14 src/hw/driver/ili9341_lcd.o
 .text.lcdWriteCommand
                0x00000000080033cc       0x1e src/hw/driver/ili9341_lcd.o
 *fill*         0x00000000080033ea        0x2 
 .text.lcdWriteData
                0x00000000080033ec       0x20 src/hw/driver/ili9341_lcd.o
 .text.lcdReadData
                0x000000000800340c       0x18 src/hw/driver/ili9341_lcd.o
 .text.lcdBuildMemoryAccessControlConfig
                0x0000000008003424       0x82 src/hw/driver/ili9341_lcd.o
 *fill*         0x00000000080034a6        0x2 
 .text.ledInit  0x00000000080034a8       0x6c src/hw/driver/led.o
                0x00000000080034a8                ledInit
 .text.ledOff   0x0000000008003514       0x40 src/hw/driver/led.o
                0x0000000008003514                ledOff
 .text.hideMenu
                0x0000000008003554       0x22 src/hw/driver/menu.o
                0x0000000008003554                hideMenu
 *fill*         0x0000000008003576        0x2 
 .text.showMenu
                0x0000000008003578      0x1fc src/hw/driver/menu.o
                0x0000000008003578                showMenu
 .text.getTouchMenItem
                0x0000000008003774       0x98 src/hw/driver/menu.o
                0x0000000008003774                getTouchMenItem
 .text.showMessage
                0x000000000800380c      0x240 src/hw/driver/showmessage.o
                0x000000000800380c                showMessage
 .text.MX_SPI2_Init
                0x0000000008003a4c       0x6c src/hw/driver/spi.o
                0x0000000008003a4c                MX_SPI2_Init
 .text.HAL_SPI_MspInit
                0x0000000008003ab8       0x98 src/hw/driver/spi.o
                0x0000000008003ab8                HAL_SPI_MspInit
 .text.XPT2046_TouchSelect
                0x0000000008003b50       0x18 src/hw/driver/xpt2046_touch.o
 .text.XPT2046_TouchUnselect
                0x0000000008003b68       0x18 src/hw/driver/xpt2046_touch.o
                0x0000000008003b68                XPT2046_TouchUnselect
 .text.XPT2046_TouchPressed
                0x0000000008003b80       0x24 src/hw/driver/xpt2046_touch.o
                0x0000000008003b80                XPT2046_TouchPressed
 .text.XPT2046_Init
                0x0000000008003ba4        0xc src/hw/driver/xpt2046_touch.o
                0x0000000008003ba4                XPT2046_Init
 .text.XPT2046_TouchGetCoordinates
                0x0000000008003bb0      0x164 src/hw/driver/xpt2046_touch.o
                0x0000000008003bb0                XPT2046_TouchGetCoordinates
 .text.XPT2046_TouchCalibration
                0x0000000008003d14      0x2e8 src/hw/driver/xpt2046_touch.o
                0x0000000008003d14                XPT2046_TouchCalibration
 .text.hwInit   0x0000000008003ffc       0x18 src/hw/hw.o
                0x0000000008003ffc                hwInit
 .text.HAL_Init
                0x0000000008004014       0x2c src/lib/cube_stm32f103vet6_fsmc_lcd/Drivers/STM32F1xx_HAL_Driver/Src/stm32f1xx_hal.o
                0x0000000008004014                HAL_Init
 .text.HAL_InitTick
                0x0000000008004040       0x60 src/lib/cube_stm32f103vet6_fsmc_lcd/Drivers/STM32F1xx_HAL_Driver/Src/stm32f1xx_hal.o
                0x0000000008004040                HAL_InitTick
 .text.HAL_IncTick
                0x00000000080040a0       0x24 src/lib/cube_stm32f103vet6_fsmc_lcd/Drivers/STM32F1xx_HAL_Driver/Src/stm32f1xx_hal.o
                0x00000000080040a0                HAL_IncTick
 .text.HAL_GetTick
                0x00000000080040c4       0x14 src/lib/cube_stm32f103vet6_fsmc_lcd/Drivers/STM32F1xx_HAL_Driver/Src/stm32f1xx_hal.o
                0x00000000080040c4                HAL_GetTick
 .text.HAL_Delay
                0x00000000080040d8       0x48 src/lib/cube_stm32f103vet6_fsmc_lcd/Drivers/STM32F1xx_HAL_Driver/Src/stm32f1xx_hal.o
                0x00000000080040d8                HAL_Delay
 .text.__NVIC_SetPriorityGrouping
                0x0000000008004120       0x48 src/lib/cube_stm32f103vet6_fsmc_lcd/Drivers/STM32F1xx_HAL_Driver/Src/stm32f1xx_hal_cortex.o
 .text.__NVIC_GetPriorityGrouping
                0x0000000008004168       0x1c src/lib/cube_stm32f103vet6_fsmc_lcd/Drivers/STM32F1xx_HAL_Driver/Src/stm32f1xx_hal_cortex.o
 .text.__NVIC_EnableIRQ
                0x0000000008004184       0x38 src/lib/cube_stm32f103vet6_fsmc_lcd/Drivers/STM32F1xx_HAL_Driver/Src/stm32f1xx_hal_cortex.o
 .text.__NVIC_SetPriority
                0x00000000080041bc       0x54 src/lib/cube_stm32f103vet6_fsmc_lcd/Drivers/STM32F1xx_HAL_Driver/Src/stm32f1xx_hal_cortex.o
 .text.NVIC_EncodePriority
                0x0000000008004210       0x64 src/lib/cube_stm32f103vet6_fsmc_lcd/Drivers/STM32F1xx_HAL_Driver/Src/stm32f1xx_hal_cortex.o
 .text.SysTick_Config
                0x0000000008004274       0x44 src/lib/cube_stm32f103vet6_fsmc_lcd/Drivers/STM32F1xx_HAL_Driver/Src/stm32f1xx_hal_cortex.o
 .text.HAL_NVIC_SetPriorityGrouping
                0x00000000080042b8       0x16 src/lib/cube_stm32f103vet6_fsmc_lcd/Drivers/STM32F1xx_HAL_Driver/Src/stm32f1xx_hal_cortex.o
                0x00000000080042b8                HAL_NVIC_SetPriorityGrouping
 .text.HAL_NVIC_SetPriority
                0x00000000080042ce       0x38 src/lib/cube_stm32f103vet6_fsmc_lcd/Drivers/STM32F1xx_HAL_Driver/Src/stm32f1xx_hal_cortex.o
                0x00000000080042ce                HAL_NVIC_SetPriority
 .text.HAL_NVIC_EnableIRQ
                0x0000000008004306       0x1c src/lib/cube_stm32f103vet6_fsmc_lcd/Drivers/STM32F1xx_HAL_Driver/Src/stm32f1xx_hal_cortex.o
                0x0000000008004306                HAL_NVIC_EnableIRQ
 .text.HAL_SYSTICK_Config
                0x0000000008004322       0x18 src/lib/cube_stm32f103vet6_fsmc_lcd/Drivers/STM32F1xx_HAL_Driver/Src/stm32f1xx_hal_cortex.o
                0x0000000008004322                HAL_SYSTICK_Config
 *fill*         0x000000000800433a        0x2 
 .text.HAL_GPIO_Init
                0x000000000800433c      0x328 src/lib/cube_stm32f103vet6_fsmc_lcd/Drivers/STM32F1xx_HAL_Driver/Src/stm32f1xx_hal_gpio.o
                0x000000000800433c                HAL_GPIO_Init
 .text.HAL_GPIO_ReadPin
                0x0000000008004664       0x2e src/lib/cube_stm32f103vet6_fsmc_lcd/Drivers/STM32F1xx_HAL_Driver/Src/stm32f1xx_hal_gpio.o
                0x0000000008004664                HAL_GPIO_ReadPin
 .text.HAL_GPIO_WritePin
                0x0000000008004692       0x30 src/lib/cube_stm32f103vet6_fsmc_lcd/Drivers/STM32F1xx_HAL_Driver/Src/stm32f1xx_hal_gpio.o
                0x0000000008004692                HAL_GPIO_WritePin
 *fill*         0x00000000080046c2        0x2 
 .text.HAL_GPIO_EXTI_IRQHandler
                0x00000000080046c4       0x30 src/lib/cube_stm32f103vet6_fsmc_lcd/Drivers/STM32F1xx_HAL_Driver/Src/stm32f1xx_hal_gpio.o
                0x00000000080046c4                HAL_GPIO_EXTI_IRQHandler
 .text.HAL_RCC_OscConfig
                0x00000000080046f4      0x500 src/lib/cube_stm32f103vet6_fsmc_lcd/Drivers/STM32F1xx_HAL_Driver/Src/stm32f1xx_hal_rcc.o
                0x00000000080046f4                HAL_RCC_OscConfig
 .text.HAL_RCC_ClockConfig
                0x0000000008004bf4      0x1d4 src/lib/cube_stm32f103vet6_fsmc_lcd/Drivers/STM32F1xx_HAL_Driver/Src/stm32f1xx_hal_rcc.o
                0x0000000008004bf4                HAL_RCC_ClockConfig
 .text.HAL_RCC_GetSysClockFreq
                0x0000000008004dc8       0xc0 src/lib/cube_stm32f103vet6_fsmc_lcd/Drivers/STM32F1xx_HAL_Driver/Src/stm32f1xx_hal_rcc.o
                0x0000000008004dc8                HAL_RCC_GetSysClockFreq
 .text.RCC_Delay
                0x0000000008004e88       0x3c src/lib/cube_stm32f103vet6_fsmc_lcd/Drivers/STM32F1xx_HAL_Driver/Src/stm32f1xx_hal_rcc.o
 .text.HAL_SPI_Init
                0x0000000008004ec4      0x108 src/lib/cube_stm32f103vet6_fsmc_lcd/Drivers/STM32F1xx_HAL_Driver/Src/stm32f1xx_hal_spi.o
                0x0000000008004ec4                HAL_SPI_Init
 .text.HAL_SPI_Transmit
                0x0000000008004fcc      0x278 src/lib/cube_stm32f103vet6_fsmc_lcd/Drivers/STM32F1xx_HAL_Driver/Src/stm32f1xx_hal_spi.o
                0x0000000008004fcc                HAL_SPI_Transmit
 .text.HAL_SPI_TransmitReceive
                0x0000000008005244      0x344 src/lib/cube_stm32f103vet6_fsmc_lcd/Drivers/STM32F1xx_HAL_Driver/Src/stm32f1xx_hal_spi.o
                0x0000000008005244                HAL_SPI_TransmitReceive
 .text.SPI_WaitFlagStateUntilTimeout
                0x0000000008005588      0x110 src/lib/cube_stm32f103vet6_fsmc_lcd/Drivers/STM32F1xx_HAL_Driver/Src/stm32f1xx_hal_spi.o
 .text.SPI_EndRxTxTransaction
                0x0000000008005698       0x3c src/lib/cube_stm32f103vet6_fsmc_lcd/Drivers/STM32F1xx_HAL_Driver/Src/stm32f1xx_hal_spi.o
 .text.HAL_SRAM_Init
                0x00000000080056d4       0x9a src/lib/cube_stm32f103vet6_fsmc_lcd/Drivers/STM32F1xx_HAL_Driver/Src/stm32f1xx_hal_sram.o
                0x00000000080056d4                HAL_SRAM_Init
 *fill*         0x000000000800576e        0x2 
 .text.FSMC_NORSRAM_Init
                0x0000000008005770       0xd4 src/lib/cube_stm32f103vet6_fsmc_lcd/Drivers/STM32F1xx_HAL_Driver/Src/stm32f1xx_ll_fsmc.o
                0x0000000008005770                FSMC_NORSRAM_Init
 .text.FSMC_NORSRAM_Timing_Init
                0x0000000008005844       0x68 src/lib/cube_stm32f103vet6_fsmc_lcd/Drivers/STM32F1xx_HAL_Driver/Src/stm32f1xx_ll_fsmc.o
                0x0000000008005844                FSMC_NORSRAM_Timing_Init
 .text.FSMC_NORSRAM_Extended_Timing_Init
                0x00000000080058ac       0x70 src/lib/cube_stm32f103vet6_fsmc_lcd/Drivers/STM32F1xx_HAL_Driver/Src/stm32f1xx_ll_fsmc.o
                0x00000000080058ac                FSMC_NORSRAM_Extended_Timing_Init
 .text.main     0x000000000800591c       0x16 src/main.o
                0x000000000800591c                main
 *fill*         0x0000000008005932        0x2 
 .text.__errno  0x0000000008005934        0xc c:/st/stm32cubeide_1.6.0/stm32cubeide/plugins/com.st.stm32cube.ide.mcu.externaltools.gnu-tools-for-stm32.9-2020-q2-update.win32_1.5.0.202011040924/tools/bin/../lib/gcc/arm-none-eabi/9.3.1/../../../../arm-none-eabi/lib/thumb/v7-m/nofp\libc_nano.a(lib_a-errno.o)
                0x0000000008005934                __errno
 .text.__libc_init_array
                0x0000000008005940       0x48 c:/st/stm32cubeide_1.6.0/stm32cubeide/plugins/com.st.stm32cube.ide.mcu.externaltools.gnu-tools-for-stm32.9-2020-q2-update.win32_1.5.0.202011040924/tools/bin/../lib/gcc/arm-none-eabi/9.3.1/../../../../arm-none-eabi/lib/thumb/v7-m/nofp\libc_nano.a(lib_a-init.o)
                0x0000000008005940                __libc_init_array
 .text.malloc   0x0000000008005988       0x10 c:/st/stm32cubeide_1.6.0/stm32cubeide/plugins/com.st.stm32cube.ide.mcu.externaltools.gnu-tools-for-stm32.9-2020-q2-update.win32_1.5.0.202011040924/tools/bin/../lib/gcc/arm-none-eabi/9.3.1/../../../../arm-none-eabi/lib/thumb/v7-m/nofp\libc_nano.a(lib_a-malloc.o)
                0x0000000008005988                malloc
 .text.free     0x0000000008005998       0x10 c:/st/stm32cubeide_1.6.0/stm32cubeide/plugins/com.st.stm32cube.ide.mcu.externaltools.gnu-tools-for-stm32.9-2020-q2-update.win32_1.5.0.202011040924/tools/bin/../lib/gcc/arm-none-eabi/9.3.1/../../../../arm-none-eabi/lib/thumb/v7-m/nofp\libc_nano.a(lib_a-malloc.o)
                0x0000000008005998                free
 .text.memset   0x00000000080059a8       0x10 c:/st/stm32cubeide_1.6.0/stm32cubeide/plugins/com.st.stm32cube.ide.mcu.externaltools.gnu-tools-for-stm32.9-2020-q2-update.win32_1.5.0.202011040924/tools/bin/../lib/gcc/arm-none-eabi/9.3.1/../../../../arm-none-eabi/lib/thumb/v7-m/nofp\libc_nano.a(lib_a-memset.o)
                0x00000000080059a8                memset
 .text._free_r  0x00000000080059b8       0x98 c:/st/stm32cubeide_1.6.0/stm32cubeide/plugins/com.st.stm32cube.ide.mcu.externaltools.gnu-tools-for-stm32.9-2020-q2-update.win32_1.5.0.202011040924/tools/bin/../lib/gcc/arm-none-eabi/9.3.1/../../../../arm-none-eabi/lib/thumb/v7-m/nofp\libc_nano.a(lib_a-nano-freer.o)
                0x00000000080059b8                _free_r
 .text._malloc_r
                0x0000000008005a50       0xb4 c:/st/stm32cubeide_1.6.0/stm32cubeide/plugins/com.st.stm32cube.ide.mcu.externaltools.gnu-tools-for-stm32.9-2020-q2-update.win32_1.5.0.202011040924/tools/bin/../lib/gcc/arm-none-eabi/9.3.1/../../../../arm-none-eabi/lib/thumb/v7-m/nofp\libc_nano.a(lib_a-nano-mallocr.o)
                0x0000000008005a50                _malloc_r
 .text._sbrk_r  0x0000000008005b04       0x20 c:/st/stm32cubeide_1.6.0/stm32cubeide/plugins/com.st.stm32cube.ide.mcu.externaltools.gnu-tools-for-stm32.9-2020-q2-update.win32_1.5.0.202011040924/tools/bin/../lib/gcc/arm-none-eabi/9.3.1/../../../../arm-none-eabi/lib/thumb/v7-m/nofp\libc_nano.a(lib_a-sbrkr.o)
                0x0000000008005b04                _sbrk_r
 .text._vsprintf_r
                0x0000000008005b24       0x2c c:/st/stm32cubeide_1.6.0/stm32cubeide/plugins/com.st.stm32cube.ide.mcu.externaltools.gnu-tools-for-stm32.9-2020-q2-update.win32_1.5.0.202011040924/tools/bin/../lib/gcc/arm-none-eabi/9.3.1/../../../../arm-none-eabi/lib/thumb/v7-m/nofp\libc_nano.a(lib_a-vsprintf.o)
                0x0000000008005b24                _vsprintf_r
                0x0000000008005b24                _vsiprintf_r
 .text.vsprintf
                0x0000000008005b50       0x14 c:/st/stm32cubeide_1.6.0/stm32cubeide/plugins/com.st.stm32cube.ide.mcu.externaltools.gnu-tools-for-stm32.9-2020-q2-update.win32_1.5.0.202011040924/tools/bin/../lib/gcc/arm-none-eabi/9.3.1/../../../../arm-none-eabi/lib/thumb/v7-m/nofp\libc_nano.a(lib_a-vsprintf.o)
                0x0000000008005b50                vsiprintf
                0x0000000008005b50                vsprintf
 .text.__malloc_lock
                0x0000000008005b64        0xc c:/st/stm32cubeide_1.6.0/stm32cubeide/plugins/com.st.stm32cube.ide.mcu.externaltools.gnu-tools-for-stm32.9-2020-q2-update.win32_1.5.0.202011040924/tools/bin/../lib/gcc/arm-none-eabi/9.3.1/../../../../arm-none-eabi/lib/thumb/v7-m/nofp\libc_nano.a(lib_a-mlock.o)
                0x0000000008005b64                __malloc_lock
 .text.__malloc_unlock
                0x0000000008005b70        0xc c:/st/stm32cubeide_1.6.0/stm32cubeide/plugins/com.st.stm32cube.ide.mcu.externaltools.gnu-tools-for-stm32.9-2020-q2-update.win32_1.5.0.202011040924/tools/bin/../lib/gcc/arm-none-eabi/9.3.1/../../../../arm-none-eabi/lib/thumb/v7-m/nofp\libc_nano.a(lib_a-mlock.o)
                0x0000000008005b70                __malloc_unlock
 .text.__ssputs_r
                0x0000000008005b7c       0xb6 c:/st/stm32cubeide_1.6.0/stm32cubeide/plugins/com.st.stm32cube.ide.mcu.externaltools.gnu-tools-for-stm32.9-2020-q2-update.win32_1.5.0.202011040924/tools/bin/../lib/gcc/arm-none-eabi/9.3.1/../../../../arm-none-eabi/lib/thumb/v7-m/nofp\libc_nano.a(lib_a-nano-svfprintf.o)
                0x0000000008005b7c                __ssputs_r
 *fill*         0x0000000008005c32        0x2 
 .text._svfprintf_r
                0x0000000008005c34      0x200 c:/st/stm32cubeide_1.6.0/stm32cubeide/plugins/com.st.stm32cube.ide.mcu.externaltools.gnu-tools-for-stm32.9-2020-q2-update.win32_1.5.0.202011040924/tools/bin/../lib/gcc/arm-none-eabi/9.3.1/../../../../arm-none-eabi/lib/thumb/v7-m/nofp\libc_nano.a(lib_a-nano-svfprintf.o)
                0x0000000008005c34                _svfiprintf_r
                0x0000000008005c34                _svfprintf_r
 .text._printf_common
                0x0000000008005e34       0xde c:/st/stm32cubeide_1.6.0/stm32cubeide/plugins/com.st.stm32cube.ide.mcu.externaltools.gnu-tools-for-stm32.9-2020-q2-update.win32_1.5.0.202011040924/tools/bin/../lib/gcc/arm-none-eabi/9.3.1/../../../../arm-none-eabi/lib/thumb/v7-m/nofp\libc_nano.a(lib_a-nano-vfprintf_i.o)
                0x0000000008005e34                _printf_common
 *fill*         0x0000000008005f12        0x2 
 .text._printf_i
                0x0000000008005f14      0x24c c:/st/stm32cubeide_1.6.0/stm32cubeide/plugins/com.st.stm32cube.ide.mcu.externaltools.gnu-tools-for-stm32.9-2020-q2-update.win32_1.5.0.202011040924/tools/bin/../lib/gcc/arm-none-eabi/9.3.1/../../../../arm-none-eabi/lib/thumb/v7-m/nofp\libc_nano.a(lib_a-nano-vfprintf_i.o)
                0x0000000008005f14                _printf_i
 .text.__retarget_lock_acquire_recursive
                0x0000000008006160        0x2 c:/st/stm32cubeide_1.6.0/stm32cubeide/plugins/com.st.stm32cube.ide.mcu.externaltools.gnu-tools-for-stm32.9-2020-q2-update.win32_1.5.0.202011040924/tools/bin/../lib/gcc/arm-none-eabi/9.3.1/../../../../arm-none-eabi/lib/thumb/v7-m/nofp\libc_nano.a(lib_a-lock.o)
                0x0000000008006160                __retarget_lock_acquire_recursive
 .text.__retarget_lock_release_recursive
                0x0000000008006162        0x2 c:/st/stm32cubeide_1.6.0/stm32cubeide/plugins/com.st.stm32cube.ide.mcu.externaltools.gnu-tools-for-stm32.9-2020-q2-update.win32_1.5.0.202011040924/tools/bin/../lib/gcc/arm-none-eabi/9.3.1/../../../../arm-none-eabi/lib/thumb/v7-m/nofp\libc_nano.a(lib_a-lock.o)
                0x0000000008006162                __retarget_lock_release_recursive
 .text.memchr   0x0000000008006164       0x1c c:/st/stm32cubeide_1.6.0/stm32cubeide/plugins/com.st.stm32cube.ide.mcu.externaltools.gnu-tools-for-stm32.9-2020-q2-update.win32_1.5.0.202011040924/tools/bin/../lib/gcc/arm-none-eabi/9.3.1/../../../../arm-none-eabi/lib/thumb/v7-m/nofp\libc_nano.a(lib_a-memchr-stub.o)
                0x0000000008006164                memchr
 .text.memcpy   0x0000000008006180       0x1c c:/st/stm32cubeide_1.6.0/stm32cubeide/plugins/com.st.stm32cube.ide.mcu.externaltools.gnu-tools-for-stm32.9-2020-q2-update.win32_1.5.0.202011040924/tools/bin/../lib/gcc/arm-none-eabi/9.3.1/../../../../arm-none-eabi/lib/thumb/v7-m/nofp\libc_nano.a(lib_a-memcpy-stub.o)
                0x0000000008006180                memcpy
 .text.memmove  0x000000000800619c       0x34 c:/st/stm32cubeide_1.6.0/stm32cubeide/plugins/com.st.stm32cube.ide.mcu.externaltools.gnu-tools-for-stm32.9-2020-q2-update.win32_1.5.0.202011040924/tools/bin/../lib/gcc/arm-none-eabi/9.3.1/../../../../arm-none-eabi/lib/thumb/v7-m/nofp\libc_nano.a(lib_a-memmove.o)
                0x000000000800619c                memmove
 .text._realloc_r
                0x00000000080061d0       0x4c c:/st/stm32cubeide_1.6.0/stm32cubeide/plugins/com.st.stm32cube.ide.mcu.externaltools.gnu-tools-for-stm32.9-2020-q2-update.win32_1.5.0.202011040924/tools/bin/../lib/gcc/arm-none-eabi/9.3.1/../../../../arm-none-eabi/lib/thumb/v7-m/nofp\libc_nano.a(lib_a-nano-reallocr.o)
                0x00000000080061d0                _realloc_r
 .text._malloc_usable_size_r
                0x000000000800621c       0x10 c:/st/stm32cubeide_1.6.0/stm32cubeide/plugins/com.st.stm32cube.ide.mcu.externaltools.gnu-tools-for-stm32.9-2020-q2-update.win32_1.5.0.202011040924/tools/bin/../lib/gcc/arm-none-eabi/9.3.1/../../../../arm-none-eabi/lib/thumb/v7-m/nofp\libc_nano.a(lib_a-nano-msizer.o)
                0x000000000800621c                _malloc_usable_size_r
 *(.glue_7)
 .glue_7        0x000000000800622c        0x0 linker stubs
 *(.glue_7t)
 .glue_7t       0x000000000800622c        0x0 linker stubs
 *(.eh_frame)
 .eh_frame      0x000000000800622c        0x0 c:/st/stm32cubeide_1.6.0/stm32cubeide/plugins/com.st.stm32cube.ide.mcu.externaltools.gnu-tools-for-stm32.9-2020-q2-update.win32_1.5.0.202011040924/tools/bin/../lib/gcc/arm-none-eabi/9.3.1/thumb/v7-m/nofp/crtbegin.o
 *(.init)
 .init          0x000000000800622c        0x4 c:/st/stm32cubeide_1.6.0/stm32cubeide/plugins/com.st.stm32cube.ide.mcu.externaltools.gnu-tools-for-stm32.9-2020-q2-update.win32_1.5.0.202011040924/tools/bin/../lib/gcc/arm-none-eabi/9.3.1/thumb/v7-m/nofp/crti.o
                0x000000000800622c                _init
 .init          0x0000000008006230        0x8 c:/st/stm32cubeide_1.6.0/stm32cubeide/plugins/com.st.stm32cube.ide.mcu.externaltools.gnu-tools-for-stm32.9-2020-q2-update.win32_1.5.0.202011040924/tools/bin/../lib/gcc/arm-none-eabi/9.3.1/thumb/v7-m/nofp/crtn.o
 *(.fini)
 .fini          0x0000000008006238        0x4 c:/st/stm32cubeide_1.6.0/stm32cubeide/plugins/com.st.stm32cube.ide.mcu.externaltools.gnu-tools-for-stm32.9-2020-q2-update.win32_1.5.0.202011040924/tools/bin/../lib/gcc/arm-none-eabi/9.3.1/thumb/v7-m/nofp/crti.o
                0x0000000008006238                _fini
 .fini          0x000000000800623c        0x8 c:/st/stm32cubeide_1.6.0/stm32cubeide/plugins/com.st.stm32cube.ide.mcu.externaltools.gnu-tools-for-stm32.9-2020-q2-update.win32_1.5.0.202011040924/tools/bin/../lib/gcc/arm-none-eabi/9.3.1/thumb/v7-m/nofp/crtn.o
                0x0000000008006244                . = ALIGN (0x4)
                0x0000000008006244                _etext = .

.vfp11_veneer   0x0000000008006244        0x0
 .vfp11_veneer  0x0000000008006244        0x0 linker stubs

.v4_bx          0x0000000008006244        0x0
 .v4_bx         0x0000000008006244        0x0 linker stubs

.iplt           0x0000000008006244        0x0
 .iplt          0x0000000008006244        0x0 c:/st/stm32cubeide_1.6.0/stm32cubeide/plugins/com.st.stm32cube.ide.mcu.externaltools.gnu-tools-for-stm32.9-2020-q2-update.win32_1.5.0.202011040924/tools/bin/../lib/gcc/arm-none-eabi/9.3.1/thumb/v7-m/nofp/crtbegin.o

.rodata         0x0000000008006244    0x200dc
                0x0000000008006244                . = ALIGN (0x4)
 *(.rodata)
 .rodata        0x0000000008006244       0x4c src/ap/ap.o
 .rodata        0x0000000008006290      0x12a src/ap/lcd_demo.o
 *fill*         0x00000000080063ba        0x2 
 .rodata        0x00000000080063bc       0x1e src/hw/driver/menu.o
 *fill*         0x00000000080063da        0x2 
 .rodata        0x00000000080063dc       0x10 src/lib/cube_stm32f103vet6_fsmc_lcd/Drivers/STM32F1xx_HAL_Driver/Src/stm32f1xx_hal_rcc.o
 *(.rodata*)
 .rodata.AHBPrescTable
                0x00000000080063ec       0x10 src/bsp/system_stm32f1xx.o
                0x00000000080063ec                AHBPrescTable
 .rodata.Font12_Table
                0x00000000080063fc      0x474 src/common/core/ili9341_setting/fonts/font12.o
                0x00000000080063fc                Font12_Table
 .rodata.Font16_Table
                0x0000000008006870      0xbe0 src/common/core/ili9341_setting/fonts/font16.o
                0x0000000008006870                Font16_Table
 .rodata.Font20_Table
                0x0000000008007450      0xed8 src/common/core/ili9341_setting/fonts/font20.o
                0x0000000008007450                Font20_Table
 .rodata.Font24_Table
                0x0000000008008328     0x1ab8 src/common/core/ili9341_setting/fonts/font24.o
                0x0000000008008328                Font24_Table
 .rodata.Font8_Table
                0x0000000008009de0      0x2f8 src/common/core/ili9341_setting/fonts/font8.o
                0x0000000008009de0                Font8_Table
 .rodata._acSTLogo
                0x000000000800a0d8    0x1c200 src/common/core/ili9341_setting/logo/STlogo.o
 .rodata.bmSTLogo
                0x00000000080262d8        0xc src/common/core/ili9341_setting/logo/STlogo.o
                0x00000000080262d8                bmSTLogo
 .rodata.cmd_read_y.7740
                0x00000000080262e4        0x1 src/hw/driver/xpt2046_touch.o
 *fill*         0x00000000080262e5        0x3 
 .rodata.zeroes_tx.7741
                0x00000000080262e8        0x2 src/hw/driver/xpt2046_touch.o
 *fill*         0x00000000080262ea        0x2 
 .rodata.cmd_read_x.7739
                0x00000000080262ec        0x1 src/hw/driver/xpt2046_touch.o
 .rodata._svfprintf_r.str1.1
                0x00000000080262ed       0x11 c:/st/stm32cubeide_1.6.0/stm32cubeide/plugins/com.st.stm32cube.ide.mcu.externaltools.gnu-tools-for-stm32.9-2020-q2-update.win32_1.5.0.202011040924/tools/bin/../lib/gcc/arm-none-eabi/9.3.1/../../../../arm-none-eabi/lib/thumb/v7-m/nofp\libc_nano.a(lib_a-nano-svfprintf.o)
 .rodata._printf_i.str1.1
                0x00000000080262fe       0x22 c:/st/stm32cubeide_1.6.0/stm32cubeide/plugins/com.st.stm32cube.ide.mcu.externaltools.gnu-tools-for-stm32.9-2020-q2-update.win32_1.5.0.202011040924/tools/bin/../lib/gcc/arm-none-eabi/9.3.1/../../../../arm-none-eabi/lib/thumb/v7-m/nofp\libc_nano.a(lib_a-nano-vfprintf_i.o)
                0x0000000008026320                . = ALIGN (0x4)

.rel.dyn        0x0000000008026320        0x0
 .rel.iplt      0x0000000008026320        0x0 c:/st/stm32cubeide_1.6.0/stm32cubeide/plugins/com.st.stm32cube.ide.mcu.externaltools.gnu-tools-for-stm32.9-2020-q2-update.win32_1.5.0.202011040924/tools/bin/../lib/gcc/arm-none-eabi/9.3.1/thumb/v7-m/nofp/crtbegin.o

.ARM.extab      0x0000000008026320        0x0
                0x0000000008026320                . = ALIGN (0x4)
 *(.ARM.extab* .gnu.linkonce.armextab.*)
                0x0000000008026320                . = ALIGN (0x4)

.ARM            0x0000000008026320        0x0
                0x0000000008026320                . = ALIGN (0x4)
                0x0000000008026320                __exidx_start = .
 *(.ARM.exidx*)
                0x0000000008026320                __exidx_end = .
                0x0000000008026320                . = ALIGN (0x4)

.preinit_array  0x0000000008026320        0x0
                0x0000000008026320                . = ALIGN (0x4)
                0x0000000008026320                PROVIDE (__preinit_array_start = .)
 *(.preinit_array*)
                0x0000000008026320                PROVIDE (__preinit_array_end = .)
                0x0000000008026320                . = ALIGN (0x4)

.init_array     0x0000000008026320        0x4
                0x0000000008026320                . = ALIGN (0x4)
                0x0000000008026320                PROVIDE (__init_array_start = .)
 *(SORT_BY_NAME(.init_array.*))
 *(.init_array*)
 .init_array    0x0000000008026320        0x4 c:/st/stm32cubeide_1.6.0/stm32cubeide/plugins/com.st.stm32cube.ide.mcu.externaltools.gnu-tools-for-stm32.9-2020-q2-update.win32_1.5.0.202011040924/tools/bin/../lib/gcc/arm-none-eabi/9.3.1/thumb/v7-m/nofp/crtbegin.o
                0x0000000008026324                PROVIDE (__init_array_end = .)
                0x0000000008026324                . = ALIGN (0x4)

.fini_array     0x0000000008026324        0x4
                0x0000000008026324                . = ALIGN (0x4)
                [!provide]                        PROVIDE (__fini_array_start = .)
 *(SORT_BY_NAME(.fini_array.*))
 *(.fini_array*)
 .fini_array    0x0000000008026324        0x4 c:/st/stm32cubeide_1.6.0/stm32cubeide/plugins/com.st.stm32cube.ide.mcu.externaltools.gnu-tools-for-stm32.9-2020-q2-update.win32_1.5.0.202011040924/tools/bin/../lib/gcc/arm-none-eabi/9.3.1/thumb/v7-m/nofp/crtbegin.o
                [!provide]                        PROVIDE (__fini_array_end = .)
                0x0000000008026328                . = ALIGN (0x4)
                0x0000000008026328                _sidata = LOADADDR (.data)

.data           0x0000000020000000      0x124 load address 0x0000000008026328
                0x0000000020000000                . = ALIGN (0x4)
                0x0000000020000000                _sdata = .
 *(.data)
 *(.data*)
 .data.penWidth
                0x0000000020000000        0x1 src/ap/ap.o
                0x0000000020000000                penWidth
 *fill*         0x0000000020000001        0x3 
 .data.SystemCoreClock
                0x0000000020000004        0x4 src/bsp/system_stm32f1xx.o
                0x0000000020000004                SystemCoreClock
 .data.Font12   0x0000000020000008        0x8 src/common/core/ili9341_setting/fonts/font12.o
                0x0000000020000008                Font12
 .data.Font16   0x0000000020000010        0x8 src/common/core/ili9341_setting/fonts/font16.o
                0x0000000020000010                Font16
 .data.Font20   0x0000000020000018        0x8 src/common/core/ili9341_setting/fonts/font20.o
                0x0000000020000018                Font20
 .data.Font24   0x0000000020000020        0x8 src/common/core/ili9341_setting/fonts/font24.o
                0x0000000020000020                Font24
 .data.Font8    0x0000000020000028        0x8 src/common/core/ili9341_setting/fonts/font8.o
                0x0000000020000028                Font8
 .data.lcdProperties
                0x0000000020000030        0x8 src/hw/driver/ili9341_lcd.o
 .data.lcdFont  0x0000000020000038       0x10 src/hw/driver/ili9341_lcd.o
 .data.led_tbl  0x0000000020000048       0x10 src/hw/driver/led.o
                0x0000000020000048                led_tbl
 .data.menuColordinate
                0x0000000020000058       0x30 src/hw/driver/menu.o
                0x0000000020000058                menuColordinate
 .data.menuText
                0x0000000020000088       0x18 src/hw/driver/menu.o
                0x0000000020000088                menuText
 .data.menuBGColor
                0x00000000200000a0        0xc src/hw/driver/menu.o
                0x00000000200000a0                menuBGColor
 .data.selmenuBGColor
                0x00000000200000ac        0x2 src/hw/driver/menu.o
                0x00000000200000ac                selmenuBGColor
 .data.cRawX_min
                0x00000000200000ae        0x2 src/hw/driver/xpt2046_touch.o
                0x00000000200000ae                cRawX_min
 .data.cRawX_max
                0x00000000200000b0        0x2 src/hw/driver/xpt2046_touch.o
                0x00000000200000b0                cRawX_max
 .data.cRawY_min
                0x00000000200000b2        0x2 src/hw/driver/xpt2046_touch.o
                0x00000000200000b2                cRawY_min
 .data.cRawY_max
                0x00000000200000b4        0x2 src/hw/driver/xpt2046_touch.o
                0x00000000200000b4                cRawY_max
 *fill*         0x00000000200000b6        0x2 
 .data.uwTickPrio
                0x00000000200000b8        0x4 src/lib/cube_stm32f103vet6_fsmc_lcd/Drivers/STM32F1xx_HAL_Driver/Src/stm32f1xx_hal.o
                0x00000000200000b8                uwTickPrio
 .data.uwTickFreq
                0x00000000200000bc        0x1 src/lib/cube_stm32f103vet6_fsmc_lcd/Drivers/STM32F1xx_HAL_Driver/Src/stm32f1xx_hal.o
                0x00000000200000bc                uwTickFreq
 *fill*         0x00000000200000bd        0x3 
 .data._impure_ptr
                0x00000000200000c0        0x4 c:/st/stm32cubeide_1.6.0/stm32cubeide/plugins/com.st.stm32cube.ide.mcu.externaltools.gnu-tools-for-stm32.9-2020-q2-update.win32_1.5.0.202011040924/tools/bin/../lib/gcc/arm-none-eabi/9.3.1/../../../../arm-none-eabi/lib/thumb/v7-m/nofp\libc_nano.a(lib_a-impure.o)
                0x00000000200000c0                _impure_ptr
 .data.impure_data
                0x00000000200000c4       0x60 c:/st/stm32cubeide_1.6.0/stm32cubeide/plugins/com.st.stm32cube.ide.mcu.externaltools.gnu-tools-for-stm32.9-2020-q2-update.win32_1.5.0.202011040924/tools/bin/../lib/gcc/arm-none-eabi/9.3.1/../../../../arm-none-eabi/lib/thumb/v7-m/nofp\libc_nano.a(lib_a-impure.o)
 *(.RamFunc)
 *(.RamFunc*)
                0x0000000020000124                . = ALIGN (0x4)
                0x0000000020000124                _edata = .

.igot.plt       0x0000000020000124        0x0 load address 0x000000000802644c
 .igot.plt      0x0000000020000124        0x0 c:/st/stm32cubeide_1.6.0/stm32cubeide/plugins/com.st.stm32cube.ide.mcu.externaltools.gnu-tools-for-stm32.9-2020-q2-update.win32_1.5.0.202011040924/tools/bin/../lib/gcc/arm-none-eabi/9.3.1/thumb/v7-m/nofp/crtbegin.o
                0x0000000020000124                . = ALIGN (0x4)

.bss            0x0000000020000124      0x1f4 load address 0x000000000802644c
                0x0000000020000124                _sbss = .
                0x0000000020000124                __bss_start__ = _sbss
 *(.bss)
 .bss           0x0000000020000124       0x1c c:/st/stm32cubeide_1.6.0/stm32cubeide/plugins/com.st.stm32cube.ide.mcu.externaltools.gnu-tools-for-stm32.9-2020-q2-update.win32_1.5.0.202011040924/tools/bin/../lib/gcc/arm-none-eabi/9.3.1/thumb/v7-m/nofp/crtbegin.o
 *(.bss*)
 .bss.tempIgnoralEXTI
                0x0000000020000140        0x1 src/ap/ap.o
                0x0000000020000140                tempIgnoralEXTI
 *fill*         0x0000000020000141        0x1 
 .bss.cx        0x0000000020000142        0x2 src/ap/ap.o
                0x0000000020000142                cx
 .bss.cy        0x0000000020000144        0x2 src/ap/ap.o
                0x0000000020000144                cy
 *fill*         0x0000000020000146        0x2 
 .bss.__sbrk_heap_end
                0x0000000020000148        0x4 src/bsp/sysmem.o
 .bss.FSMC_Initialized
                0x000000002000014c        0x4 src/hw/driver/fsmc.o
 .bss.cursorXY  0x0000000020000150        0x4 src/hw/driver/ili9341_lcd.o
 .bss.lcdPortraitConfig
                0x0000000020000154        0x1 src/hw/driver/ili9341_lcd.o
 .bss.lcdLandscapeConfig
                0x0000000020000155        0x1 src/hw/driver/ili9341_lcd.o
 .bss.lcdPortraitMirrorConfig
                0x0000000020000156        0x1 src/hw/driver/ili9341_lcd.o
 .bss.lcdLandscapeMirrorConfig
                0x0000000020000157        0x1 src/hw/driver/ili9341_lcd.o
 .bss.buf.7985  0x0000000020000158      0x100 src/hw/driver/ili9341_lcd.o
 .bss.__malloc_free_list
                0x0000000020000258        0x4 c:/st/stm32cubeide_1.6.0/stm32cubeide/plugins/com.st.stm32cube.ide.mcu.externaltools.gnu-tools-for-stm32.9-2020-q2-update.win32_1.5.0.202011040924/tools/bin/../lib/gcc/arm-none-eabi/9.3.1/../../../../arm-none-eabi/lib/thumb/v7-m/nofp\libc_nano.a(lib_a-nano-mallocr.o)
                0x0000000020000258                __malloc_free_list
 .bss.__malloc_sbrk_start
                0x000000002000025c        0x4 c:/st/stm32cubeide_1.6.0/stm32cubeide/plugins/com.st.stm32cube.ide.mcu.externaltools.gnu-tools-for-stm32.9-2020-q2-update.win32_1.5.0.202011040924/tools/bin/../lib/gcc/arm-none-eabi/9.3.1/../../../../arm-none-eabi/lib/thumb/v7-m/nofp\libc_nano.a(lib_a-nano-mallocr.o)
                0x000000002000025c                __malloc_sbrk_start
 *(COMMON)
 COMMON         0x0000000020000260       0x5b src/ap/ap.o
                0x0000000020000260                hspi2
                0x00000000200002b8                menuActived
                0x00000000200002b9                activedMenuItem
                0x00000000200002ba                isCalbriating
 *fill*         0x00000000200002bb        0x1 
 COMMON         0x00000000200002bc       0x48 src/hw/driver/fsmc.o
                0x00000000200002bc                hsram1
 COMMON         0x0000000020000304        0x4 src/lib/cube_stm32f103vet6_fsmc_lcd/Drivers/STM32F1xx_HAL_Driver/Src/stm32f1xx_hal.o
                0x0000000020000304                uwTick
 COMMON         0x0000000020000308        0x4 c:/st/stm32cubeide_1.6.0/stm32cubeide/plugins/com.st.stm32cube.ide.mcu.externaltools.gnu-tools-for-stm32.9-2020-q2-update.win32_1.5.0.202011040924/tools/bin/../lib/gcc/arm-none-eabi/9.3.1/../../../../arm-none-eabi/lib/thumb/v7-m/nofp\libc_nano.a(lib_a-reent.o)
                0x0000000020000308                errno
 COMMON         0x000000002000030c        0x9 c:/st/stm32cubeide_1.6.0/stm32cubeide/plugins/com.st.stm32cube.ide.mcu.externaltools.gnu-tools-for-stm32.9-2020-q2-update.win32_1.5.0.202011040924/tools/bin/../lib/gcc/arm-none-eabi/9.3.1/../../../../arm-none-eabi/lib/thumb/v7-m/nofp\libc_nano.a(lib_a-lock.o)
                0x000000002000030c                __lock___atexit_recursive_mutex
                0x000000002000030d                __lock___arc4random_mutex
                0x000000002000030e                __lock___env_recursive_mutex
                0x000000002000030f                __lock___sinit_recursive_mutex
                0x0000000020000310                __lock___malloc_recursive_mutex
                0x0000000020000311                __lock___at_quick_exit_mutex
                0x0000000020000312                __lock___dd_hash_mutex
                0x0000000020000313                __lock___tz_mutex
                0x0000000020000314                __lock___sfp_recursive_mutex
                0x0000000020000318                . = ALIGN (0x4)
 *fill*         0x0000000020000315        0x3 
                0x0000000020000318                _ebss = .
                0x0000000020000318                __bss_end__ = _ebss

._user_heap_stack
                0x0000000020000318      0x600 load address 0x000000000802644c
                0x0000000020000318                . = ALIGN (0x8)
                [!provide]                        PROVIDE (end = .)
                0x0000000020000318                PROVIDE (_end = .)
                0x0000000020000518                . = (. + _Min_Heap_Size)
 *fill*         0x0000000020000318      0x200 
                0x0000000020000918                . = (. + _Min_Stack_Size)
 *fill*         0x0000000020000518      0x400 
                0x0000000020000918                . = ALIGN (0x8)

/DISCARD/
 libc.a(*)
 libm.a(*)
 libgcc.a(*)

.ARM.attributes
                0x0000000000000000       0x29
 *(.ARM.attributes)
 .ARM.attributes
                0x0000000000000000       0x1d c:/st/stm32cubeide_1.6.0/stm32cubeide/plugins/com.st.stm32cube.ide.mcu.externaltools.gnu-tools-for-stm32.9-2020-q2-update.win32_1.5.0.202011040924/tools/bin/../lib/gcc/arm-none-eabi/9.3.1/thumb/v7-m/nofp/crti.o
 .ARM.attributes
                0x000000000000001d       0x2d c:/st/stm32cubeide_1.6.0/stm32cubeide/plugins/com.st.stm32cube.ide.mcu.externaltools.gnu-tools-for-stm32.9-2020-q2-update.win32_1.5.0.202011040924/tools/bin/../lib/gcc/arm-none-eabi/9.3.1/thumb/v7-m/nofp/crtbegin.o
 .ARM.attributes
                0x000000000000004a       0x2d src/ap/ap.o
 .ARM.attributes
                0x0000000000000077       0x2d src/ap/lcd_demo.o
 .ARM.attributes
                0x00000000000000a4       0x2d src/bsp/bsp.o
 .ARM.attributes
                0x00000000000000d1       0x2d src/bsp/stm32f1xx_hal_msp.o
 .ARM.attributes
                0x00000000000000fe       0x2d src/bsp/stm32f1xx_it.o
 .ARM.attributes
                0x000000000000012b       0x2d src/bsp/sysmem.o
 .ARM.attributes
                0x0000000000000158       0x2d src/bsp/system_stm32f1xx.o
 .ARM.attributes
                0x0000000000000185       0x21 src/bsp/startup/startup_stm32f103vetx.o
 .ARM.attributes
                0x00000000000001a6       0x33 src/common/core/ili9341_setting/fonts/font12.o
 .ARM.attributes
                0x00000000000001d9       0x33 src/common/core/ili9341_setting/fonts/font16.o
 .ARM.attributes
                0x000000000000020c       0x33 src/common/core/ili9341_setting/fonts/font20.o
 .ARM.attributes
                0x000000000000023f       0x33 src/common/core/ili9341_setting/fonts/font24.o
 .ARM.attributes
                0x0000000000000272       0x33 src/common/core/ili9341_setting/fonts/font8.o
 .ARM.attributes
                0x00000000000002a5       0x33 src/common/core/ili9341_setting/logo/STlogo.o
 .ARM.attributes
                0x00000000000002d8       0x2d src/hw/driver/fsmc.o
 .ARM.attributes
                0x0000000000000305       0x2d src/hw/driver/ili9341_lcd.o
 .ARM.attributes
                0x0000000000000332       0x2d src/hw/driver/led.o
 .ARM.attributes
                0x000000000000035f       0x2d src/hw/driver/menu.o
 .ARM.attributes
                0x000000000000038c       0x2d src/hw/driver/showmessage.o
 .ARM.attributes
                0x00000000000003b9       0x2d src/hw/driver/spi.o
 .ARM.attributes
                0x00000000000003e6       0x2d src/hw/driver/xpt2046_touch.o
 .ARM.attributes
                0x0000000000000413       0x2d src/hw/hw.o
 .ARM.attributes
                0x0000000000000440       0x2d src/lib/cube_stm32f103vet6_fsmc_lcd/Drivers/STM32F1xx_HAL_Driver/Src/stm32f1xx_hal.o
 .ARM.attributes
                0x000000000000046d       0x2d src/lib/cube_stm32f103vet6_fsmc_lcd/Drivers/STM32F1xx_HAL_Driver/Src/stm32f1xx_hal_cortex.o
 .ARM.attributes
                0x000000000000049a       0x2d src/lib/cube_stm32f103vet6_fsmc_lcd/Drivers/STM32F1xx_HAL_Driver/Src/stm32f1xx_hal_gpio.o
 .ARM.attributes
                0x00000000000004c7       0x2d src/lib/cube_stm32f103vet6_fsmc_lcd/Drivers/STM32F1xx_HAL_Driver/Src/stm32f1xx_hal_rcc.o
 .ARM.attributes
                0x00000000000004f4       0x2d src/lib/cube_stm32f103vet6_fsmc_lcd/Drivers/STM32F1xx_HAL_Driver/Src/stm32f1xx_hal_spi.o
 .ARM.attributes
                0x0000000000000521       0x2d src/lib/cube_stm32f103vet6_fsmc_lcd/Drivers/STM32F1xx_HAL_Driver/Src/stm32f1xx_hal_sram.o
 .ARM.attributes
                0x000000000000054e       0x2d src/lib/cube_stm32f103vet6_fsmc_lcd/Drivers/STM32F1xx_HAL_Driver/Src/stm32f1xx_ll_fsmc.o
 .ARM.attributes
                0x000000000000057b       0x2d src/main.o
 .ARM.attributes
                0x00000000000005a8       0x2d c:/st/stm32cubeide_1.6.0/stm32cubeide/plugins/com.st.stm32cube.ide.mcu.externaltools.gnu-tools-for-stm32.9-2020-q2-update.win32_1.5.0.202011040924/tools/bin/../lib/gcc/arm-none-eabi/9.3.1/../../../../arm-none-eabi/lib/thumb/v7-m/nofp\libc_nano.a(lib_a-errno.o)
 .ARM.attributes
                0x00000000000005d5       0x2d c:/st/stm32cubeide_1.6.0/stm32cubeide/plugins/com.st.stm32cube.ide.mcu.externaltools.gnu-tools-for-stm32.9-2020-q2-update.win32_1.5.0.202011040924/tools/bin/../lib/gcc/arm-none-eabi/9.3.1/../../../../arm-none-eabi/lib/thumb/v7-m/nofp\libc_nano.a(lib_a-impure.o)
 .ARM.attributes
                0x0000000000000602       0x2d c:/st/stm32cubeide_1.6.0/stm32cubeide/plugins/com.st.stm32cube.ide.mcu.externaltools.gnu-tools-for-stm32.9-2020-q2-update.win32_1.5.0.202011040924/tools/bin/../lib/gcc/arm-none-eabi/9.3.1/../../../../arm-none-eabi/lib/thumb/v7-m/nofp\libc_nano.a(lib_a-init.o)
 .ARM.attributes
                0x000000000000062f       0x2d c:/st/stm32cubeide_1.6.0/stm32cubeide/plugins/com.st.stm32cube.ide.mcu.externaltools.gnu-tools-for-stm32.9-2020-q2-update.win32_1.5.0.202011040924/tools/bin/../lib/gcc/arm-none-eabi/9.3.1/../../../../arm-none-eabi/lib/thumb/v7-m/nofp\libc_nano.a(lib_a-malloc.o)
 .ARM.attributes
                0x000000000000065c       0x2d c:/st/stm32cubeide_1.6.0/stm32cubeide/plugins/com.st.stm32cube.ide.mcu.externaltools.gnu-tools-for-stm32.9-2020-q2-update.win32_1.5.0.202011040924/tools/bin/../lib/gcc/arm-none-eabi/9.3.1/../../../../arm-none-eabi/lib/thumb/v7-m/nofp\libc_nano.a(lib_a-memset.o)
 .ARM.attributes
                0x0000000000000689       0x2d c:/st/stm32cubeide_1.6.0/stm32cubeide/plugins/com.st.stm32cube.ide.mcu.externaltools.gnu-tools-for-stm32.9-2020-q2-update.win32_1.5.0.202011040924/tools/bin/../lib/gcc/arm-none-eabi/9.3.1/../../../../arm-none-eabi/lib/thumb/v7-m/nofp\libc_nano.a(lib_a-nano-freer.o)
 .ARM.attributes
                0x00000000000006b6       0x2d c:/st/stm32cubeide_1.6.0/stm32cubeide/plugins/com.st.stm32cube.ide.mcu.externaltools.gnu-tools-for-stm32.9-2020-q2-update.win32_1.5.0.202011040924/tools/bin/../lib/gcc/arm-none-eabi/9.3.1/../../../../arm-none-eabi/lib/thumb/v7-m/nofp\libc_nano.a(lib_a-nano-mallocr.o)
 .ARM.attributes
                0x00000000000006e3       0x2d c:/st/stm32cubeide_1.6.0/stm32cubeide/plugins/com.st.stm32cube.ide.mcu.externaltools.gnu-tools-for-stm32.9-2020-q2-update.win32_1.5.0.202011040924/tools/bin/../lib/gcc/arm-none-eabi/9.3.1/../../../../arm-none-eabi/lib/thumb/v7-m/nofp\libc_nano.a(lib_a-sbrkr.o)
 .ARM.attributes
                0x0000000000000710       0x17 c:/st/stm32cubeide_1.6.0/stm32cubeide/plugins/com.st.stm32cube.ide.mcu.externaltools.gnu-tools-for-stm32.9-2020-q2-update.win32_1.5.0.202011040924/tools/bin/../lib/gcc/arm-none-eabi/9.3.1/../../../../arm-none-eabi/lib/thumb/v7-m/nofp\libc_nano.a(lib_a-strlen.o)
 .ARM.attributes
                0x0000000000000727       0x2d c:/st/stm32cubeide_1.6.0/stm32cubeide/plugins/com.st.stm32cube.ide.mcu.externaltools.gnu-tools-for-stm32.9-2020-q2-update.win32_1.5.0.202011040924/tools/bin/../lib/gcc/arm-none-eabi/9.3.1/../../../../arm-none-eabi/lib/thumb/v7-m/nofp\libc_nano.a(lib_a-vsprintf.o)
 .ARM.attributes
                0x0000000000000754       0x2d c:/st/stm32cubeide_1.6.0/stm32cubeide/plugins/com.st.stm32cube.ide.mcu.externaltools.gnu-tools-for-stm32.9-2020-q2-update.win32_1.5.0.202011040924/tools/bin/../lib/gcc/arm-none-eabi/9.3.1/../../../../arm-none-eabi/lib/thumb/v7-m/nofp\libc_nano.a(lib_a-mlock.o)
 .ARM.attributes
                0x0000000000000781       0x2d c:/st/stm32cubeide_1.6.0/stm32cubeide/plugins/com.st.stm32cube.ide.mcu.externaltools.gnu-tools-for-stm32.9-2020-q2-update.win32_1.5.0.202011040924/tools/bin/../lib/gcc/arm-none-eabi/9.3.1/../../../../arm-none-eabi/lib/thumb/v7-m/nofp\libc_nano.a(lib_a-nano-svfprintf.o)
 .ARM.attributes
                0x00000000000007ae       0x2d c:/st/stm32cubeide_1.6.0/stm32cubeide/plugins/com.st.stm32cube.ide.mcu.externaltools.gnu-tools-for-stm32.9-2020-q2-update.win32_1.5.0.202011040924/tools/bin/../lib/gcc/arm-none-eabi/9.3.1/../../../../arm-none-eabi/lib/thumb/v7-m/nofp\libc_nano.a(lib_a-nano-vfprintf_i.o)
 .ARM.attributes
                0x00000000000007db       0x2d c:/st/stm32cubeide_1.6.0/stm32cubeide/plugins/com.st.stm32cube.ide.mcu.externaltools.gnu-tools-for-stm32.9-2020-q2-update.win32_1.5.0.202011040924/tools/bin/../lib/gcc/arm-none-eabi/9.3.1/../../../../arm-none-eabi/lib/thumb/v7-m/nofp\libc_nano.a(lib_a-reent.o)
 .ARM.attributes
                0x0000000000000808       0x2d c:/st/stm32cubeide_1.6.0/stm32cubeide/plugins/com.st.stm32cube.ide.mcu.externaltools.gnu-tools-for-stm32.9-2020-q2-update.win32_1.5.0.202011040924/tools/bin/../lib/gcc/arm-none-eabi/9.3.1/../../../../arm-none-eabi/lib/thumb/v7-m/nofp\libc_nano.a(lib_a-lock.o)
 .ARM.attributes
                0x0000000000000835       0x2d c:/st/stm32cubeide_1.6.0/stm32cubeide/plugins/com.st.stm32cube.ide.mcu.externaltools.gnu-tools-for-stm32.9-2020-q2-update.win32_1.5.0.202011040924/tools/bin/../lib/gcc/arm-none-eabi/9.3.1/../../../../arm-none-eabi/lib/thumb/v7-m/nofp\libc_nano.a(lib_a-memchr-stub.o)
 .ARM.attributes
                0x0000000000000862       0x2d c:/st/stm32cubeide_1.6.0/stm32cubeide/plugins/com.st.stm32cube.ide.mcu.externaltools.gnu-tools-for-stm32.9-2020-q2-update.win32_1.5.0.202011040924/tools/bin/../lib/gcc/arm-none-eabi/9.3.1/../../../../arm-none-eabi/lib/thumb/v7-m/nofp\libc_nano.a(lib_a-memcpy-stub.o)
 .ARM.attributes
                0x000000000000088f       0x2d c:/st/stm32cubeide_1.6.0/stm32cubeide/plugins/com.st.stm32cube.ide.mcu.externaltools.gnu-tools-for-stm32.9-2020-q2-update.win32_1.5.0.202011040924/tools/bin/../lib/gcc/arm-none-eabi/9.3.1/../../../../arm-none-eabi/lib/thumb/v7-m/nofp\libc_nano.a(lib_a-memmove.o)
 .ARM.attributes
                0x00000000000008bc       0x2d c:/st/stm32cubeide_1.6.0/stm32cubeide/plugins/com.st.stm32cube.ide.mcu.externaltools.gnu-tools-for-stm32.9-2020-q2-update.win32_1.5.0.202011040924/tools/bin/../lib/gcc/arm-none-eabi/9.3.1/../../../../arm-none-eabi/lib/thumb/v7-m/nofp\libc_nano.a(lib_a-nano-reallocr.o)
 .ARM.attributes
                0x00000000000008e9       0x2d c:/st/stm32cubeide_1.6.0/stm32cubeide/plugins/com.st.stm32cube.ide.mcu.externaltools.gnu-tools-for-stm32.9-2020-q2-update.win32_1.5.0.202011040924/tools/bin/../lib/gcc/arm-none-eabi/9.3.1/../../../../arm-none-eabi/lib/thumb/v7-m/nofp\libc_nano.a(lib_a-nano-msizer.o)
 .ARM.attributes
                0x0000000000000916       0x1d c:/st/stm32cubeide_1.6.0/stm32cubeide/plugins/com.st.stm32cube.ide.mcu.externaltools.gnu-tools-for-stm32.9-2020-q2-update.win32_1.5.0.202011040924/tools/bin/../lib/gcc/arm-none-eabi/9.3.1/thumb/v7-m/nofp/crtn.o
OUTPUT(stm32f103vet6_fsmc_lcd_test.elf elf32-littlearm)
LOAD linker stubs
LOAD c:/st/stm32cubeide_1.6.0/stm32cubeide/plugins/com.st.stm32cube.ide.mcu.externaltools.gnu-tools-for-stm32.9-2020-q2-update.win32_1.5.0.202011040924/tools/bin/../lib/gcc/arm-none-eabi/9.3.1/../../../../arm-none-eabi/lib/thumb/v7-m/nofp\libc.a
LOAD c:/st/stm32cubeide_1.6.0/stm32cubeide/plugins/com.st.stm32cube.ide.mcu.externaltools.gnu-tools-for-stm32.9-2020-q2-update.win32_1.5.0.202011040924/tools/bin/../lib/gcc/arm-none-eabi/9.3.1/../../../../arm-none-eabi/lib/thumb/v7-m/nofp\libm.a
LOAD c:/st/stm32cubeide_1.6.0/stm32cubeide/plugins/com.st.stm32cube.ide.mcu.externaltools.gnu-tools-for-stm32.9-2020-q2-update.win32_1.5.0.202011040924/tools/bin/../lib/gcc/arm-none-eabi/9.3.1/thumb/v7-m/nofp\libgcc.a

.debug_info     0x0000000000000000    0x19932
 .debug_info    0x0000000000000000     0x131d src/ap/ap.o
 .debug_info    0x000000000000131d     0x112a src/ap/lcd_demo.o
 .debug_info    0x0000000000002447     0x1044 src/bsp/bsp.o
 .debug_info    0x000000000000348b     0x13b9 src/bsp/stm32f1xx_hal_msp.o
 .debug_info    0x0000000000004844     0x12f1 src/bsp/stm32f1xx_it.o
 .debug_info    0x0000000000005b35      0xa25 src/bsp/sysmem.o
 .debug_info    0x000000000000655a      0x260 src/bsp/system_stm32f1xx.o
 .debug_info    0x00000000000067ba       0x22 src/bsp/startup/startup_stm32f103vetx.o
 .debug_info    0x00000000000067dc      0xa0c src/common/core/ili9341_setting/fonts/font12.o
 .debug_info    0x00000000000071e8      0xa0c src/common/core/ili9341_setting/fonts/font16.o
 .debug_info    0x0000000000007bf4      0xa0c src/common/core/ili9341_setting/fonts/font20.o
 .debug_info    0x0000000000008600      0xa0c src/common/core/ili9341_setting/fonts/font24.o
 .debug_info    0x000000000000900c      0xa0c src/common/core/ili9341_setting/fonts/font8.o
 .debug_info    0x0000000000009a18      0xa00 src/common/core/ili9341_setting/logo/STlogo.o
 .debug_info    0x000000000000a418     0x11db src/hw/driver/fsmc.o
 .debug_info    0x000000000000b5f3     0x222f src/hw/driver/ili9341_lcd.o
 .debug_info    0x000000000000d822      0xc69 src/hw/driver/led.o
 .debug_info    0x000000000000e48b      0xcaf src/hw/driver/menu.o
 .debug_info    0x000000000000f13a      0xc18 src/hw/driver/showmessage.o
 .debug_info    0x000000000000fd52     0x1153 src/hw/driver/spi.o
 .debug_info    0x0000000000010ea5     0x134b src/hw/driver/xpt2046_touch.o
 .debug_info    0x00000000000121f0     0x124f src/hw/hw.o
 .debug_info    0x000000000001343f      0x7d0 src/lib/cube_stm32f103vet6_fsmc_lcd/Drivers/STM32F1xx_HAL_Driver/Src/stm32f1xx_hal.o
 .debug_info    0x0000000000013c0f      0xc42 src/lib/cube_stm32f103vet6_fsmc_lcd/Drivers/STM32F1xx_HAL_Driver/Src/stm32f1xx_hal_cortex.o
 .debug_info    0x0000000000014851      0x701 src/lib/cube_stm32f103vet6_fsmc_lcd/Drivers/STM32F1xx_HAL_Driver/Src/stm32f1xx_hal_gpio.o
 .debug_info    0x0000000000014f52      0x88e src/lib/cube_stm32f103vet6_fsmc_lcd/Drivers/STM32F1xx_HAL_Driver/Src/stm32f1xx_hal_rcc.o
 .debug_info    0x00000000000157e0     0x16cd src/lib/cube_stm32f103vet6_fsmc_lcd/Drivers/STM32F1xx_HAL_Driver/Src/stm32f1xx_hal_spi.o
 .debug_info    0x0000000000016ead      0xd4b src/lib/cube_stm32f103vet6_fsmc_lcd/Drivers/STM32F1xx_HAL_Driver/Src/stm32f1xx_hal_sram.o
 .debug_info    0x0000000000017bf8      0xae7 src/lib/cube_stm32f103vet6_fsmc_lcd/Drivers/STM32F1xx_HAL_Driver/Src/stm32f1xx_ll_fsmc.o
 .debug_info    0x00000000000186df     0x1253 src/main.o

.debug_abbrev   0x0000000000000000     0x3cc0
 .debug_abbrev  0x0000000000000000      0x25c src/ap/ap.o
 .debug_abbrev  0x000000000000025c      0x2a2 src/ap/lcd_demo.o
 .debug_abbrev  0x00000000000004fe      0x261 src/bsp/bsp.o
 .debug_abbrev  0x000000000000075f      0x20d src/bsp/stm32f1xx_hal_msp.o
 .debug_abbrev  0x000000000000096c      0x202 src/bsp/stm32f1xx_it.o
 .debug_abbrev  0x0000000000000b6e      0x1bf src/bsp/sysmem.o
 .debug_abbrev  0x0000000000000d2d      0x14e src/bsp/system_stm32f1xx.o
 .debug_abbrev  0x0000000000000e7b       0x12 src/bsp/startup/startup_stm32f103vetx.o
 .debug_abbrev  0x0000000000000e8d      0x1a1 src/common/core/ili9341_setting/fonts/font12.o
 .debug_abbrev  0x000000000000102e      0x1a1 src/common/core/ili9341_setting/fonts/font16.o
 .debug_abbrev  0x00000000000011cf      0x1a1 src/common/core/ili9341_setting/fonts/font20.o
 .debug_abbrev  0x0000000000001370      0x1a1 src/common/core/ili9341_setting/fonts/font24.o
 .debug_abbrev  0x0000000000001511      0x1a1 src/common/core/ili9341_setting/fonts/font8.o
 .debug_abbrev  0x00000000000016b2      0x19f src/common/core/ili9341_setting/logo/STlogo.o
 .debug_abbrev  0x0000000000001851      0x24e src/hw/driver/fsmc.o
 .debug_abbrev  0x0000000000001a9f      0x3de src/hw/driver/ili9341_lcd.o
 .debug_abbrev  0x0000000000001e7d      0x235 src/hw/driver/led.o
 .debug_abbrev  0x00000000000020b2      0x24b src/hw/driver/menu.o
 .debug_abbrev  0x00000000000022fd      0x1f5 src/hw/driver/showmessage.o
 .debug_abbrev  0x00000000000024f2      0x227 src/hw/driver/spi.o
 .debug_abbrev  0x0000000000002719      0x26c src/hw/driver/xpt2046_touch.o
 .debug_abbrev  0x0000000000002985      0x1e8 src/hw/hw.o
 .debug_abbrev  0x0000000000002b6d      0x1ed src/lib/cube_stm32f103vet6_fsmc_lcd/Drivers/STM32F1xx_HAL_Driver/Src/stm32f1xx_hal.o
 .debug_abbrev  0x0000000000002d5a      0x313 src/lib/cube_stm32f103vet6_fsmc_lcd/Drivers/STM32F1xx_HAL_Driver/Src/stm32f1xx_hal_cortex.o
 .debug_abbrev  0x000000000000306d      0x1e8 src/lib/cube_stm32f103vet6_fsmc_lcd/Drivers/STM32F1xx_HAL_Driver/Src/stm32f1xx_hal_gpio.o
 .debug_abbrev  0x0000000000003255      0x273 src/lib/cube_stm32f103vet6_fsmc_lcd/Drivers/STM32F1xx_HAL_Driver/Src/stm32f1xx_hal_rcc.o
 .debug_abbrev  0x00000000000034c8      0x26e src/lib/cube_stm32f103vet6_fsmc_lcd/Drivers/STM32F1xx_HAL_Driver/Src/stm32f1xx_hal_spi.o
 .debug_abbrev  0x0000000000003736      0x1f2 src/lib/cube_stm32f103vet6_fsmc_lcd/Drivers/STM32F1xx_HAL_Driver/Src/stm32f1xx_hal_sram.o
 .debug_abbrev  0x0000000000003928      0x1ae src/lib/cube_stm32f103vet6_fsmc_lcd/Drivers/STM32F1xx_HAL_Driver/Src/stm32f1xx_ll_fsmc.o
 .debug_abbrev  0x0000000000003ad6      0x1ea src/main.o

.debug_aranges  0x0000000000000000      0xba0
 .debug_aranges
                0x0000000000000000       0x30 src/ap/ap.o
 .debug_aranges
                0x0000000000000030       0x88 src/ap/lcd_demo.o
 .debug_aranges
                0x00000000000000b8       0x48 src/bsp/bsp.o
 .debug_aranges
                0x0000000000000100       0x20 src/bsp/stm32f1xx_hal_msp.o
 .debug_aranges
                0x0000000000000120       0x68 src/bsp/stm32f1xx_it.o
 .debug_aranges
                0x0000000000000188       0x20 src/bsp/sysmem.o
 .debug_aranges
                0x00000000000001a8       0x28 src/bsp/system_stm32f1xx.o
 .debug_aranges
                0x00000000000001d0       0x28 src/bsp/startup/startup_stm32f103vetx.o
 .debug_aranges
                0x00000000000001f8       0x18 src/common/core/ili9341_setting/fonts/font12.o
 .debug_aranges
                0x0000000000000210       0x18 src/common/core/ili9341_setting/fonts/font16.o
 .debug_aranges
                0x0000000000000228       0x18 src/common/core/ili9341_setting/fonts/font20.o
 .debug_aranges
                0x0000000000000240       0x18 src/common/core/ili9341_setting/fonts/font24.o
 .debug_aranges
                0x0000000000000258       0x18 src/common/core/ili9341_setting/fonts/font8.o
 .debug_aranges
                0x0000000000000270       0x18 src/common/core/ili9341_setting/logo/STlogo.o
 .debug_aranges
                0x0000000000000288       0x40 src/hw/driver/fsmc.o
 .debug_aranges
                0x00000000000002c8      0x1a0 src/hw/driver/ili9341_lcd.o
 .debug_aranges
                0x0000000000000468       0x38 src/hw/driver/led.o
 .debug_aranges
                0x00000000000004a0       0x30 src/hw/driver/menu.o
 .debug_aranges
                0x00000000000004d0       0x20 src/hw/driver/showmessage.o
 .debug_aranges
                0x00000000000004f0       0x30 src/hw/driver/spi.o
 .debug_aranges
                0x0000000000000520       0x48 src/hw/driver/xpt2046_touch.o
 .debug_aranges
                0x0000000000000568       0x20 src/hw/hw.o
 .debug_aranges
                0x0000000000000588       0xe0 src/lib/cube_stm32f103vet6_fsmc_lcd/Drivers/STM32F1xx_HAL_Driver/Src/stm32f1xx_hal.o
 .debug_aranges
                0x0000000000000668      0x100 src/lib/cube_stm32f103vet6_fsmc_lcd/Drivers/STM32F1xx_HAL_Driver/Src/stm32f1xx_hal_cortex.o
 .debug_aranges
                0x0000000000000768       0x58 src/lib/cube_stm32f103vet6_fsmc_lcd/Drivers/STM32F1xx_HAL_Driver/Src/stm32f1xx_hal_gpio.o
 .debug_aranges
                0x00000000000007c0       0x90 src/lib/cube_stm32f103vet6_fsmc_lcd/Drivers/STM32F1xx_HAL_Driver/Src/stm32f1xx_hal_rcc.o
 .debug_aranges
                0x0000000000000850      0x1d0 src/lib/cube_stm32f103vet6_fsmc_lcd/Drivers/STM32F1xx_HAL_Driver/Src/stm32f1xx_hal_spi.o
 .debug_aranges
                0x0000000000000a20       0xb8 src/lib/cube_stm32f103vet6_fsmc_lcd/Drivers/STM32F1xx_HAL_Driver/Src/stm32f1xx_hal_sram.o
 .debug_aranges
                0x0000000000000ad8       0xa8 src/lib/cube_stm32f103vet6_fsmc_lcd/Drivers/STM32F1xx_HAL_Driver/Src/stm32f1xx_ll_fsmc.o
 .debug_aranges
                0x0000000000000b80       0x20 src/main.o

.debug_ranges   0x0000000000000000      0x9b0
 .debug_ranges  0x0000000000000000       0x20 src/ap/ap.o
 .debug_ranges  0x0000000000000020       0x78 src/ap/lcd_demo.o
 .debug_ranges  0x0000000000000098       0x38 src/bsp/bsp.o
 .debug_ranges  0x00000000000000d0       0x10 src/bsp/stm32f1xx_hal_msp.o
 .debug_ranges  0x00000000000000e0       0x58 src/bsp/stm32f1xx_it.o
 .debug_ranges  0x0000000000000138       0x10 src/bsp/sysmem.o
 .debug_ranges  0x0000000000000148       0x18 src/bsp/system_stm32f1xx.o
 .debug_ranges  0x0000000000000160       0x20 src/bsp/startup/startup_stm32f103vetx.o
 .debug_ranges  0x0000000000000180       0x30 src/hw/driver/fsmc.o
 .debug_ranges  0x00000000000001b0      0x190 src/hw/driver/ili9341_lcd.o
 .debug_ranges  0x0000000000000340       0x28 src/hw/driver/led.o
 .debug_ranges  0x0000000000000368       0x20 src/hw/driver/menu.o
 .debug_ranges  0x0000000000000388       0x10 src/hw/driver/showmessage.o
 .debug_ranges  0x0000000000000398       0x20 src/hw/driver/spi.o
 .debug_ranges  0x00000000000003b8       0x50 src/hw/driver/xpt2046_touch.o
 .debug_ranges  0x0000000000000408       0x10 src/hw/hw.o
 .debug_ranges  0x0000000000000418       0xd0 src/lib/cube_stm32f103vet6_fsmc_lcd/Drivers/STM32F1xx_HAL_Driver/Src/stm32f1xx_hal.o
 .debug_ranges  0x00000000000004e8       0xf0 src/lib/cube_stm32f103vet6_fsmc_lcd/Drivers/STM32F1xx_HAL_Driver/Src/stm32f1xx_hal_cortex.o
 .debug_ranges  0x00000000000005d8       0x48 src/lib/cube_stm32f103vet6_fsmc_lcd/Drivers/STM32F1xx_HAL_Driver/Src/stm32f1xx_hal_gpio.o
 .debug_ranges  0x0000000000000620       0x80 src/lib/cube_stm32f103vet6_fsmc_lcd/Drivers/STM32F1xx_HAL_Driver/Src/stm32f1xx_hal_rcc.o
 .debug_ranges  0x00000000000006a0      0x1c0 src/lib/cube_stm32f103vet6_fsmc_lcd/Drivers/STM32F1xx_HAL_Driver/Src/stm32f1xx_hal_spi.o
 .debug_ranges  0x0000000000000860       0xa8 src/lib/cube_stm32f103vet6_fsmc_lcd/Drivers/STM32F1xx_HAL_Driver/Src/stm32f1xx_hal_sram.o
 .debug_ranges  0x0000000000000908       0x98 src/lib/cube_stm32f103vet6_fsmc_lcd/Drivers/STM32F1xx_HAL_Driver/Src/stm32f1xx_ll_fsmc.o
 .debug_ranges  0x00000000000009a0       0x10 src/main.o

.debug_macro    0x0000000000000000    0x1d8c8
 .debug_macro   0x0000000000000000      0x431 src/ap/ap.o
 .debug_macro   0x0000000000000431      0xa90 src/ap/ap.o
 .debug_macro   0x0000000000000ec1       0x22 src/ap/ap.o
 .debug_macro   0x0000000000000ee3       0x4c src/ap/ap.o
 .debug_macro   0x0000000000000f2f       0x18 src/ap/ap.o
 .debug_macro   0x0000000000000f47       0x94 src/ap/ap.o
 .debug_macro   0x0000000000000fdb       0x3c src/ap/ap.o
 .debug_macro   0x0000000000001017       0x34 src/ap/ap.o
 .debug_macro   0x000000000000104b       0x16 src/ap/ap.o
 .debug_macro   0x0000000000001061       0x57 src/ap/ap.o
 .debug_macro   0x00000000000010b8       0x97 src/ap/ap.o
 .debug_macro   0x000000000000114f      0x339 src/ap/ap.o
 .debug_macro   0x0000000000001488       0xfd src/ap/ap.o
 .debug_macro   0x0000000000001585       0x10 src/ap/ap.o
 .debug_macro   0x0000000000001595       0x16 src/ap/ap.o
 .debug_macro   0x00000000000015ab       0x43 src/ap/ap.o
 .debug_macro   0x00000000000015ee       0x34 src/ap/ap.o
 .debug_macro   0x0000000000001622       0x10 src/ap/ap.o
 .debug_macro   0x0000000000001632       0x58 src/ap/ap.o
 .debug_macro   0x000000000000168a       0x71 src/ap/ap.o
 .debug_macro   0x00000000000016fb       0x1c src/ap/ap.o
 .debug_macro   0x0000000000001717      0x12a src/ap/ap.o
 .debug_macro   0x0000000000001841       0x10 src/ap/ap.o
 .debug_macro   0x0000000000001851       0x6a src/ap/ap.o
 .debug_macro   0x00000000000018bb       0x1c src/ap/ap.o
 .debug_macro   0x00000000000018d7       0x52 src/ap/ap.o
 .debug_macro   0x0000000000001929       0x22 src/ap/ap.o
 .debug_macro   0x000000000000194b       0x10 src/ap/ap.o
 .debug_macro   0x000000000000195b       0x40 src/ap/ap.o
 .debug_macro   0x000000000000199b       0xd5 src/ap/ap.o
 .debug_macro   0x0000000000001a70       0x1c src/ap/ap.o
 .debug_macro   0x0000000000001a8c       0x3d src/ap/ap.o
 .debug_macro   0x0000000000001ac9       0x16 src/ap/ap.o
 .debug_macro   0x0000000000001adf      0x145 src/ap/ap.o
 .debug_macro   0x0000000000001c24       0x16 src/ap/ap.o
 .debug_macro   0x0000000000001c3a       0x35 src/ap/ap.o
 .debug_macro   0x0000000000001c6f       0x20 src/ap/ap.o
 .debug_macro   0x0000000000001c8f      0x103 src/ap/ap.o
 .debug_macro   0x0000000000001d92      0x1df src/ap/ap.o
 .debug_macro   0x0000000000001f71       0x22 src/ap/ap.o
 .debug_macro   0x0000000000001f93       0x4c src/ap/ap.o
 .debug_macro   0x0000000000001fdf       0x16 src/ap/ap.o
 .debug_macro   0x0000000000001ff5       0x16 src/ap/ap.o
 .debug_macro   0x000000000000200b       0x29 src/ap/ap.o
 .debug_macro   0x0000000000002034       0x40 src/ap/ap.o
 .debug_macro   0x0000000000002074      0x21b src/ap/ap.o
 .debug_macro   0x000000000000228f       0x2e src/ap/ap.o
 .debug_macro   0x00000000000022bd       0x22 src/ap/ap.o
 .debug_macro   0x00000000000022df       0x1c src/ap/ap.o
 .debug_macro   0x00000000000022fb       0x22 src/ap/ap.o
 .debug_macro   0x000000000000231d       0xbd src/ap/ap.o
 .debug_macro   0x00000000000023da      0xd23 src/ap/ap.o
 .debug_macro   0x00000000000030fd     0xfd8c src/ap/ap.o
 .debug_macro   0x0000000000012e89       0x6d src/ap/ap.o
 .debug_macro   0x0000000000012ef6     0x3468 src/ap/ap.o
 .debug_macro   0x000000000001635e       0x56 src/ap/ap.o
 .debug_macro   0x00000000000163b4      0x5be src/ap/ap.o
 .debug_macro   0x0000000000016972      0x4d5 src/ap/ap.o
 .debug_macro   0x0000000000016e47      0x1cb src/ap/ap.o
 .debug_macro   0x0000000000017012      0x114 src/ap/ap.o
 .debug_macro   0x0000000000017126      0x1ea src/ap/ap.o
 .debug_macro   0x0000000000017310       0x27 src/ap/ap.o
 .debug_macro   0x0000000000017337      0x144 src/ap/ap.o
 .debug_macro   0x000000000001747b      0x1bc src/ap/ap.o
 .debug_macro   0x0000000000017637       0x30 src/ap/ap.o
 .debug_macro   0x0000000000017667       0x3c src/ap/ap.o
 .debug_macro   0x00000000000176a3       0x57 src/ap/ap.o
 .debug_macro   0x00000000000176fa       0x88 src/ap/ap.o
 .debug_macro   0x0000000000017782      0x24f src/ap/ap.o
 .debug_macro   0x00000000000179d1      0x356 src/ap/ap.o
 .debug_macro   0x0000000000017d27      0x141 src/ap/ap.o
 .debug_macro   0x0000000000017e68      0x217 src/ap/ap.o
 .debug_macro   0x000000000001807f       0xb5 src/ap/ap.o
 .debug_macro   0x0000000000018134       0x34 src/ap/ap.o
 .debug_macro   0x0000000000018168      0x136 src/ap/ap.o
 .debug_macro   0x000000000001829e      0x1fc src/ap/ap.o
 .debug_macro   0x000000000001849a       0x10 src/ap/ap.o
 .debug_macro   0x00000000000184aa       0x16 src/ap/ap.o
 .debug_macro   0x00000000000184c0       0x4c src/ap/ap.o
 .debug_macro   0x000000000001850c       0x4c src/ap/ap.o
 .debug_macro   0x0000000000018558       0x34 src/ap/ap.o
 .debug_macro   0x000000000001858c       0x10 src/ap/ap.o
 .debug_macro   0x000000000001859c       0x10 src/ap/ap.o
 .debug_macro   0x00000000000185ac      0x3e1 src/ap/lcd_demo.o
 .debug_macro   0x000000000001898d      0x38f src/bsp/bsp.o
 .debug_macro   0x0000000000018d1c      0x42c src/bsp/stm32f1xx_hal_msp.o
 .debug_macro   0x0000000000019148      0x436 src/bsp/stm32f1xx_it.o
 .debug_macro   0x000000000001957e       0xff src/bsp/sysmem.o
 .debug_macro   0x000000000001967d      0x23b src/bsp/sysmem.o
 .debug_macro   0x00000000000198b8       0xc8 src/bsp/system_stm32f1xx.o
 .debug_macro   0x0000000000019980       0x8e src/bsp/system_stm32f1xx.o
 .debug_macro   0x0000000000019a0e       0x51 src/bsp/system_stm32f1xx.o
 .debug_macro   0x0000000000019a5f       0xc3 src/bsp/system_stm32f1xx.o
 .debug_macro   0x0000000000019b22      0x256 src/common/core/ili9341_setting/fonts/font12.o
 .debug_macro   0x0000000000019d78      0x256 src/common/core/ili9341_setting/fonts/font16.o
 .debug_macro   0x0000000000019fce      0x256 src/common/core/ili9341_setting/fonts/font20.o
 .debug_macro   0x000000000001a224      0x256 src/common/core/ili9341_setting/fonts/font24.o
 .debug_macro   0x000000000001a47a      0x256 src/common/core/ili9341_setting/fonts/font8.o
 .debug_macro   0x000000000001a6d0      0x24f src/common/core/ili9341_setting/logo/STlogo.o
 .debug_macro   0x000000000001a91f      0x3a8 src/hw/driver/fsmc.o
 .debug_macro   0x000000000001acc7      0x3db src/hw/driver/ili9341_lcd.o
 .debug_macro   0x000000000001b0a2      0x3ae src/hw/driver/led.o
 .debug_macro   0x000000000001b450      0x3e0 src/hw/driver/menu.o
 .debug_macro   0x000000000001b830       0x2e src/hw/driver/menu.o
 .debug_macro   0x000000000001b85e      0x3db src/hw/driver/showmessage.o
 .debug_macro   0x000000000001bc39      0x3a8 src/hw/driver/spi.o
 .debug_macro   0x000000000001bfe1      0x3f0 src/hw/driver/xpt2046_touch.o
 .debug_macro   0x000000000001c3d1      0x418 src/hw/hw.o
 .debug_macro   0x000000000001c7e9      0x1c7 src/lib/cube_stm32f103vet6_fsmc_lcd/Drivers/STM32F1xx_HAL_Driver/Src/stm32f1xx_hal.o
 .debug_macro   0x000000000001c9b0       0x5c src/lib/cube_stm32f103vet6_fsmc_lcd/Drivers/STM32F1xx_HAL_Driver/Src/stm32f1xx_hal.o
 .debug_macro   0x000000000001ca0c      0x1a3 src/lib/cube_stm32f103vet6_fsmc_lcd/Drivers/STM32F1xx_HAL_Driver/Src/stm32f1xx_hal_cortex.o
 .debug_macro   0x000000000001cbaf      0x20e src/lib/cube_stm32f103vet6_fsmc_lcd/Drivers/STM32F1xx_HAL_Driver/Src/stm32f1xx_hal_gpio.o
 .debug_macro   0x000000000001cdbd      0x1b5 src/lib/cube_stm32f103vet6_fsmc_lcd/Drivers/STM32F1xx_HAL_Driver/Src/stm32f1xx_hal_rcc.o
 .debug_macro   0x000000000001cf72      0x1ab src/lib/cube_stm32f103vet6_fsmc_lcd/Drivers/STM32F1xx_HAL_Driver/Src/stm32f1xx_hal_spi.o
 .debug_macro   0x000000000001d11d      0x1a3 src/lib/cube_stm32f103vet6_fsmc_lcd/Drivers/STM32F1xx_HAL_Driver/Src/stm32f1xx_hal_sram.o
 .debug_macro   0x000000000001d2c0      0x1dc src/lib/cube_stm32f103vet6_fsmc_lcd/Drivers/STM32F1xx_HAL_Driver/Src/stm32f1xx_ll_fsmc.o
 .debug_macro   0x000000000001d49c      0x42c src/main.o

.debug_line     0x0000000000000000    0x17155
 .debug_line    0x0000000000000000      0xebf src/ap/ap.o
 .debug_line    0x0000000000000ebf     0x1586 src/ap/lcd_demo.o
 .debug_line    0x0000000000002445      0xc1c src/bsp/bsp.o
 .debug_line    0x0000000000003061      0xddd src/bsp/stm32f1xx_hal_msp.o
 .debug_line    0x0000000000003e3e      0xeb6 src/bsp/stm32f1xx_it.o
 .debug_line    0x0000000000004cf4      0x4f7 src/bsp/sysmem.o
 .debug_line    0x00000000000051eb      0x5b3 src/bsp/system_stm32f1xx.o
 .debug_line    0x000000000000579e       0x87 src/bsp/startup/startup_stm32f103vetx.o
 .debug_line    0x0000000000005825      0x649 src/common/core/ili9341_setting/fonts/font12.o
 .debug_line    0x0000000000005e6e      0x649 src/common/core/ili9341_setting/fonts/font16.o
 .debug_line    0x00000000000064b7      0x649 src/common/core/ili9341_setting/fonts/font20.o
 .debug_line    0x0000000000006b00      0x649 src/common/core/ili9341_setting/fonts/font24.o
 .debug_line    0x0000000000007149      0x648 src/common/core/ili9341_setting/fonts/font8.o
 .debug_line    0x0000000000007791      0x6b1 src/common/core/ili9341_setting/logo/STlogo.o
 .debug_line    0x0000000000007e42      0xcab src/hw/driver/fsmc.o
 .debug_line    0x0000000000008aed     0x1aae src/hw/driver/ili9341_lcd.o
 .debug_line    0x000000000000a59b      0xc5a src/hw/driver/led.o
 .debug_line    0x000000000000b1f5      0xe85 src/hw/driver/menu.o
 .debug_line    0x000000000000c07a      0xe95 src/hw/driver/showmessage.o
 .debug_line    0x000000000000cf0f      0xc3e src/hw/driver/spi.o
 .debug_line    0x000000000000db4d      0xfd4 src/hw/driver/xpt2046_touch.o
 .debug_line    0x000000000000eb21      0xd2a src/hw/hw.o
 .debug_line    0x000000000000f84b      0xb36 src/lib/cube_stm32f103vet6_fsmc_lcd/Drivers/STM32F1xx_HAL_Driver/Src/stm32f1xx_hal.o
 .debug_line    0x0000000000010381      0xd1e src/lib/cube_stm32f103vet6_fsmc_lcd/Drivers/STM32F1xx_HAL_Driver/Src/stm32f1xx_hal_cortex.o
 .debug_line    0x000000000001109f      0xbf5 src/lib/cube_stm32f103vet6_fsmc_lcd/Drivers/STM32F1xx_HAL_Driver/Src/stm32f1xx_hal_gpio.o
 .debug_line    0x0000000000011c94      0xf44 src/lib/cube_stm32f103vet6_fsmc_lcd/Drivers/STM32F1xx_HAL_Driver/Src/stm32f1xx_hal_rcc.o
 .debug_line    0x0000000000012bd8     0x1dbb src/lib/cube_stm32f103vet6_fsmc_lcd/Drivers/STM32F1xx_HAL_Driver/Src/stm32f1xx_hal_spi.o
 .debug_line    0x0000000000014993      0xea9 src/lib/cube_stm32f103vet6_fsmc_lcd/Drivers/STM32F1xx_HAL_Driver/Src/stm32f1xx_hal_sram.o
 .debug_line    0x000000000001583c      0xb94 src/lib/cube_stm32f103vet6_fsmc_lcd/Drivers/STM32F1xx_HAL_Driver/Src/stm32f1xx_ll_fsmc.o
 .debug_line    0x00000000000163d0      0xd85 src/main.o

.debug_str      0x0000000000000000    0x95693
 .debug_str     0x0000000000000000    0x92352 src/ap/ap.o
                                      0x928ca (size before relaxing)
 .debug_str     0x0000000000092352       0xee src/ap/lcd_demo.o
                                      0x92196 (size before relaxing)
 .debug_str     0x0000000000092440      0x50a src/bsp/bsp.o
                                      0x910d5 (size before relaxing)
 .debug_str     0x000000000009294a       0x66 src/bsp/stm32f1xx_hal_msp.o
                                      0x9284e (size before relaxing)
 .debug_str     0x00000000000929b0       0xcf src/bsp/stm32f1xx_it.o
                                      0x9287e (size before relaxing)
 .debug_str     0x0000000000092a7f      0x4e8 src/bsp/sysmem.o
                                       0x6257 (size before relaxing)
 .debug_str     0x0000000000092f67       0x66 src/bsp/system_stm32f1xx.o
                                      0x5ff91 (size before relaxing)
 .debug_str     0x0000000000092fcd       0x39 src/bsp/startup/startup_stm32f103vetx.o
                                         0x88 (size before relaxing)
 .debug_str     0x0000000000093006       0x3f src/common/core/ili9341_setting/fonts/font12.o
                                       0x8509 (size before relaxing)
 .debug_str     0x0000000000093045       0x3f src/common/core/ili9341_setting/fonts/font16.o
                                       0x8509 (size before relaxing)
 .debug_str     0x0000000000093084       0x3f src/common/core/ili9341_setting/fonts/font20.o
                                       0x8509 (size before relaxing)
 .debug_str     0x00000000000930c3       0x3f src/common/core/ili9341_setting/fonts/font24.o
                                       0x8509 (size before relaxing)
 .debug_str     0x0000000000093102       0x3d src/common/core/ili9341_setting/fonts/font8.o
                                       0x8507 (size before relaxing)
 .debug_str     0x000000000009313f       0x3b src/common/core/ili9341_setting/logo/STlogo.o
                                       0x8509 (size before relaxing)
 .debug_str     0x000000000009317a      0x114 src/hw/driver/fsmc.o
                                      0x9111c (size before relaxing)
 .debug_str     0x000000000009328e      0x5d0 src/hw/driver/ili9341_lcd.o
                                      0x92a33 (size before relaxing)
 .debug_str     0x000000000009385e       0x6e src/hw/driver/led.o
                                      0x90c99 (size before relaxing)
 .debug_str     0x00000000000938cc       0x70 src/hw/driver/menu.o