Archive member included to satisfy reference by file (symbol)

c:/st/stm32cubeide_1.6.0/stm32cubeide/plugins/com.st.stm32cube.ide.mcu.externaltools.gnu-tools-for-stm32.9-2020-q2-update.win32_1.5.0.202011040924/tools/bin/../lib/gcc/arm-none-eabi/9.3.1/../../../../arm-none-eabi/lib/thumb/v7-m/nofp\libc_nano.a(lib_a-errno.o)
                              src/bsp/syscalls.o (__errno)
c:/st/stm32cubeide_1.6.0/stm32cubeide/plugins/com.st.stm32cube.ide.mcu.externaltools.gnu-tools-for-stm32.9-2020-q2-update.win32_1.5.0.202011040924/tools/bin/../lib/gcc/arm-none-eabi/9.3.1/../../../../arm-none-eabi/lib/thumb/v7-m/nofp\libc_nano.a(lib_a-exit.o)
                              c:/st/stm32cubeide_1.6.0/stm32cubeide/plugins/com.st.stm32cube.ide.mcu.externaltools.gnu-tools-for-stm32.9-2020-q2-update.win32_1.5.0.202011040924/tools/bin/../lib/gcc/arm-none-eabi/9.3.1/../../../../arm-none-eabi/lib/thumb/v7-m/nofp/crt0.o (exit)
c:/st/stm32cubeide_1.6.0/stm32cubeide/plugins/com.st.stm32cube.ide.mcu.externaltools.gnu-tools-for-stm32.9-2020-q2-update.win32_1.5.0.202011040924/tools/bin/../lib/gcc/arm-none-eabi/9.3.1/../../../../arm-none-eabi/lib/thumb/v7-m/nofp\libc_nano.a(lib_a-impure.o)
                              c:/st/stm32cubeide_1.6.0/stm32cubeide/plugins/com.st.stm32cube.ide.mcu.externaltools.gnu-tools-for-stm32.9-2020-q2-update.win32_1.5.0.202011040924/tools/bin/../lib/gcc/arm-none-eabi/9.3.1/../../../../arm-none-eabi/lib/thumb/v7-m/nofp\libc_nano.a(lib_a-exit.o) (_global_impure_ptr)
c:/st/stm32cubeide_1.6.0/stm32cubeide/plugins/com.st.stm32cube.ide.mcu.externaltools.gnu-tools-for-stm32.9-2020-q2-update.win32_1.5.0.202011040924/tools/bin/../lib/gcc/arm-none-eabi/9.3.1/../../../../arm-none-eabi/lib/thumb/v7-m/nofp\libc_nano.a(lib_a-init.o)
                              c:/st/stm32cubeide_1.6.0/stm32cubeide/plugins/com.st.stm32cube.ide.mcu.externaltools.gnu-tools-for-stm32.9-2020-q2-update.win32_1.5.0.202011040924/tools/bin/../lib/gcc/arm-none-eabi/9.3.1/../../../../arm-none-eabi/lib/thumb/v7-m/nofp/crt0.o (__libc_init_array)
c:/st/stm32cubeide_1.6.0/stm32cubeide/plugins/com.st.stm32cube.ide.mcu.externaltools.gnu-tools-for-stm32.9-2020-q2-update.win32_1.5.0.202011040924/tools/bin/../lib/gcc/arm-none-eabi/9.3.1/../../../../arm-none-eabi/lib/thumb/v7-m/nofp\libc_nano.a(lib_a-malloc.o)
                              src/hw/driver/showmessage.o (malloc)
c:/st/stm32cubeide_1.6.0/stm32cubeide/plugins/com.st.stm32cube.ide.mcu.externaltools.gnu-tools-for-stm32.9-2020-q2-update.win32_1.5.0.202011040924/tools/bin/../lib/gcc/arm-none-eabi/9.3.1/../../../../arm-none-eabi/lib/thumb/v7-m/nofp\libc_nano.a(lib_a-memset.o)
                              c:/st/stm32cubeide_1.6.0/stm32cubeide/plugins/com.st.stm32cube.ide.mcu.externaltools.gnu-tools-for-stm32.9-2020-q2-update.win32_1.5.0.202011040924/tools/bin/../lib/gcc/arm-none-eabi/9.3.1/../../../../arm-none-eabi/lib/thumb/v7-m/nofp/crt0.o (memset)
c:/st/stm32cubeide_1.6.0/stm32cubeide/plugins/com.st.stm32cube.ide.mcu.externaltools.gnu-tools-for-stm32.9-2020-q2-update.win32_1.5.0.202011040924/tools/bin/../lib/gcc/arm-none-eabi/9.3.1/../../../../arm-none-eabi/lib/thumb/v7-m/nofp\libc_nano.a(lib_a-nano-freer.o)
                              c:/st/stm32cubeide_1.6.0/stm32cubeide/plugins/com.st.stm32cube.ide.mcu.externaltools.gnu-tools-for-stm32.9-2020-q2-update.win32_1.5.0.202011040924/tools/bin/../lib/gcc/arm-none-eabi/9.3.1/../../../../arm-none-eabi/lib/thumb/v7-m/nofp\libc_nano.a(lib_a-malloc.o) (_free_r)
c:/st/stm32cubeide_1.6.0/stm32cubeide/plugins/com.st.stm32cube.ide.mcu.externaltools.gnu-tools-for-stm32.9-2020-q2-update.win32_1.5.0.202011040924/tools/bin/../lib/gcc/arm-none-eabi/9.3.1/../../../../arm-none-eabi/lib/thumb/v7-m/nofp\libc_nano.a(lib_a-nano-mallocr.o)
                              c:/st/stm32cubeide_1.6.0/stm32cubeide/plugins/com.st.stm32cube.ide.mcu.externaltools.gnu-tools-for-stm32.9-2020-q2-update.win32_1.5.0.202011040924/tools/bin/../lib/gcc/arm-none-eabi/9.3.1/../../../../arm-none-eabi/lib/thumb/v7-m/nofp\libc_nano.a(lib_a-malloc.o) (_malloc_r)
c:/st/stm32cubeide_1.6.0/stm32cubeide/plugins/com.st.stm32cube.ide.mcu.externaltools.gnu-tools-for-stm32.9-2020-q2-update.win32_1.5.0.202011040924/tools/bin/../lib/gcc/arm-none-eabi/9.3.1/../../../../arm-none-eabi/lib/thumb/v7-m/nofp\libc_nano.a(lib_a-sbrkr.o)
                              c:/st/stm32cubeide_1.6.0/stm32cubeide/plugins/com.st.stm32cube.ide.mcu.externaltools.gnu-tools-for-stm32.9-2020-q2-update.win32_1.5.0.202011040924/tools/bin/../lib/gcc/arm-none-eabi/9.3.1/../../../../arm-none-eabi/lib/thumb/v7-m/nofp\libc_nano.a(lib_a-nano-mallocr.o) (_sbrk_r)
c:/st/stm32cubeide_1.6.0/stm32cubeide/plugins/com.st.stm32cube.ide.mcu.externaltools.gnu-tools-for-stm32.9-2020-q2-update.win32_1.5.0.202011040924/tools/bin/../lib/gcc/arm-none-eabi/9.3.1/../../../../arm-none-eabi/lib/thumb/v7-m/nofp\libc_nano.a(lib_a-strlen.o)
                              src/hw/driver/showmessage.o (strlen)
[...]
Memory Configuration

Name             Origin             Length             Attributes
RAM              0x0000000020000000 0x0000000000010000 xrw
FLASH            0x0000000008000000 0x0000000000080000 xr
*default*        0x0000000000000000 0xffffffffffffffff

Linker script and memory map

LOAD c:/st/stm32cubeide_1.6.0/stm32cubeide/plugins/com.st.stm32cube.ide.mcu.externaltools.gnu-tools-for-stm32.9-2020-q2-update.win32_1.5.0.202011040924/tools/bin/../lib/gcc/arm-none-eabi/9.3.1/thumb/v7-m/nofp/crti.o
LOAD c:/st/stm32cubeide_1.6.0/stm32cubeide/plugins/com.st.stm32cube.ide.mcu.externaltools.gnu-tools-for-stm32.9-2020-q2-update.win32_1.5.0.202011040924/tools/bin/../lib/gcc/arm-none-eabi/9.3.1/thumb/v7-m/nofp/crtbegin.o
LOAD c:/st/stm32cubeide_1.6.0/stm32cubeide/plugins/com.st.stm32cube.ide.mcu.externaltools.gnu-tools-for-stm32.9-2020-q2-update.win32_1.5.0.202011040924/tools/bin/../lib/gcc/arm-none-eabi/9.3.1/../../../../arm-none-eabi/lib/thumb/v7-m/nofp/crt0.o
LOAD src/ap/ap.o
LOAD src/ap/lcd_demo.o
LOAD src/bsp/bsp.o
LOAD src/bsp/stm32f1xx_hal_msp.o
LOAD src/bsp/stm32f1xx_it.o
LOAD src/bsp/syscalls.o
LOAD src/bsp/sysmem.o
LOAD src/bsp/system_stm32f1xx.o
LOAD src/bsp/startup/startup_stm32f103vetx.o
LOAD src/common/core/ili9341_setting/fonts/font12.o
LOAD src/common/core/ili9341_setting/fonts/font16.o
LOAD src/common/core/ili9341_setting/fonts/font20.o
LOAD src/common/core/ili9341_setting/fonts/font24.o
LOAD src/common/core/ili9341_setting/fonts/font8.o
LOAD src/common/core/ili9341_setting/logo/STlogo.o
LOAD src/common/core/qbuffer.o
LOAD src/hw/driver/fsmc.o
LOAD src/hw/driver/ili9341_lcd.o
LOAD src/hw/driver/led.o
LOAD src/hw/driver/menu.o
LOAD src/hw/driver/showmessage.o
LOAD src/hw/driver/spi.o
LOAD src/hw/driver/xpt2046_touch.o
LOAD src/hw/hw.o
LOAD src/lib/cube_stm32f103vet6_fsmc_lcd/Drivers/STM32F1xx_HAL_Driver/Src/stm32f1xx_hal.o
LOAD src/lib/cube_stm32f103vet6_fsmc_lcd/Drivers/STM32F1xx_HAL_Driver/Src/stm32f1xx_hal_cortex.o
LOAD src/lib/cube_stm32f103vet6_fsmc_lcd/Drivers/STM32F1xx_HAL_Driver/Src/stm32f1xx_hal_dma.o
LOAD src/lib/cube_stm32f103vet6_fsmc_lcd/Drivers/STM32F1xx_HAL_Driver/Src/stm32f1xx_hal_exti.o
LOAD src/lib/cube_stm32f103vet6_fsmc_lcd/Drivers/STM32F1xx_HAL_Driver/Src/stm32f1xx_hal_flash.o
LOAD src/lib/cube_stm32f103vet6_fsmc_lcd/Drivers/STM32F1xx_HAL_Driver/Src/stm32f1xx_hal_flash_ex.o
LOAD src/lib/cube_stm32f103vet6_fsmc_lcd/Drivers/STM32F1xx_HAL_Driver/Src/stm32f1xx_hal_gpio.o
LOAD src/lib/cube_stm32f103vet6_fsmc_lcd/Drivers/STM32F1xx_HAL_Driver/Src/stm32f1xx_hal_gpio_ex.o
LOAD src/lib/cube_stm32f103vet6_fsmc_lcd/Drivers/STM32F1xx_HAL_Driver/Src/stm32f1xx_hal_pwr.o
LOAD src/lib/cube_stm32f103vet6_fsmc_lcd/Drivers/STM32F1xx_HAL_Driver/Src/stm32f1xx_hal_rcc.o
LOAD src/lib/cube_stm32f103vet6_fsmc_lcd/Drivers/STM32F1xx_HAL_Driver/Src/stm32f1xx_hal_rcc_ex.o
LOAD src/lib/cube_stm32f103vet6_fsmc_lcd/Drivers/STM32F1xx_HAL_Driver/Src/stm32f1xx_hal_spi.o
LOAD src/lib/cube_stm32f103vet6_fsmc_lcd/Drivers/STM32F1xx_HAL_Driver/Src/stm32f1xx_hal_sram.o
LOAD src/lib/cube_stm32f103vet6_fsmc_lcd/Drivers/STM32F1xx_HAL_Driver/Src/stm32f1xx_hal_tim.o
LOAD src/lib/cube_stm32f103vet6_fsmc_lcd/Drivers/STM32F1xx_HAL_Driver/Src/stm32f1xx_hal_tim_ex.o
LOAD src/lib/cube_stm32f103vet6_fsmc_lcd/Drivers/STM32F1xx_HAL_Driver/Src/stm32f1xx_ll_fsmc.o
LOAD src/main.o
START GROUP
LOAD c:/st/stm32cubeide_1.6.0/stm32cubeide/plugins/com.st.stm32cube.ide.mcu.externaltools.gnu-tools-for-stm32.9-2020-q2-update.win32_1.5.0.202011040924/tools/bin/../lib/gcc/arm-none-eabi/9.3.1/../../../../arm-none-eabi/lib/thumb/v7-m/nofp\libc_nano.a
LOAD c:/st/stm32cubeide_1.6.0/stm32cubeide/plugins/com.st.stm32cube.ide.mcu.externaltools.gnu-tools-for-stm32.9-2020-q2-update.win32_1.5.0.202011040924/tools/bin/../lib/gcc/arm-none-eabi/9.3.1/../../../../arm-none-eabi/lib/thumb/v7-m/nofp\libm.a
END GROUP
START GROUP
LOAD c:/st/stm32cubeide_1.6.0/stm32cubeide/plugins/com.st.stm32cube.ide.mcu.externaltools.gnu-tools-for-stm32.9-2020-q2-update.win32_1.5.0.202011040924/tools/bin/../lib/gcc/arm-none-eabi/9.3.1/thumb/v7-m/nofp\libgcc.a
LOAD c:/st/stm32cubeide_1.6.0/stm32cubeide/plugins/com.st.stm32cube.ide.mcu.externaltools.gnu-tools-for-stm32.9-2020-q2-update.win32_1.5.0.202011040924/tools/bin/../lib/gcc/arm-none-eabi/9.3.1/../../../../arm-none-eabi/lib/thumb/v7-m/nofp\libc_nano.a
END GROUP
START GROUP
LOAD c:/st/stm32cubeide_1.6.0/stm32cubeide/plugins/com.st.stm32cube.ide.mcu.externaltools.gnu-tools-for-stm32.9-2020-q2-update.win32_1.5.0.202011040924/tools/bin/../lib/gcc/arm-none-eabi/9.3.1/thumb/v7-m/nofp\libgcc.a
LOAD c:/st/stm32cubeide_1.6.0/stm32cubeide/plugins/com.st.stm32cube.ide.mcu.externaltools.gnu-tools-for-stm32.9-2020-q2-update.win32_1.5.0.202011040924/tools/bin/../lib/gcc/arm-none-eabi/9.3.1/../../../../arm-none-eabi/lib/thumb/v7-m/nofp\libc_nano.a
LOAD c:/st/stm32cubeide_1.6.0/stm32cubeide/plugins/com.st.stm32cube.ide.mcu.externaltools.gnu-tools-for-stm32.9-2020-q2-update.win32_1.5.0.202011040924/tools/bin/../lib/gcc/arm-none-eabi/9.3.1/../../../../arm-none-eabi/lib/thumb/v7-m/nofp\libnosys.a
END GROUP
START GROUP
LOAD c:/st/stm32cubeide_1.6.0/stm32cubeide/plugins/com.st.stm32cube.ide.mcu.externaltools.gnu-tools-for-stm32.9-2020-q2-update.win32_1.5.0.202011040924/tools/bin/../lib/gcc/arm-none-eabi/9.3.1/thumb/v7-m/nofp\libgcc.a
LOAD c:/st/stm32cubeide_1.6.0/stm32cubeide/plugins/com.st.stm32cube.ide.mcu.externaltools.gnu-tools-for-stm32.9-2020-q2-update.win32_1.5.0.202011040924/tools/bin/../lib/gcc/arm-none-eabi/9.3.1/../../../../arm-none-eabi/lib/thumb/v7-m/nofp\libc_nano.a
LOAD c:/st/stm32cubeide_1.6.0/stm32cubeide/plugins/com.st.stm32cube.ide.mcu.externaltools.gnu-tools-for-stm32.9-2020-q2-update.win32_1.5.0.202011040924/tools/bin/../lib/gcc/arm-none-eabi/9.3.1/../../../../arm-none-eabi/lib/thumb/v7-m/nofp\libnosys.a
END GROUP
LOAD c:/st/stm32cubeide_1.6.0/stm32cubeide/plugins/com.st.stm32cube.ide.mcu.externaltools.gnu-tools-for-stm32.9-2020-q2-update.win32_1.5.0.202011040924/tools/bin/../lib/gcc/arm-none-eabi/9.3.1/thumb/v7-m/nofp/crtend.o
LOAD c:/st/stm32cubeide_1.6.0/stm32cubeide/plugins/com.st.stm32cube.ide.mcu.externaltools.gnu-tools-for-stm32.9-2020-q2-update.win32_1.5.0.202011040924/tools/bin/../lib/gcc/arm-none-eabi/9.3.1/thumb/v7-m/nofp/crtn.o
                0x0000000020010000                _estack = (ORIGIN (RAM) + LENGTH (RAM))
                0x0000000000000200                _Min_Heap_Size = 0x200
                0x0000000000000400                _Min_Stack_Size = 0x400

.isr_vector     0x0000000008000000      0x1e4
                0x0000000008000000                . = ALIGN (0x4)
 *(.isr_vector)
 .isr_vector    0x0000000008000000      0x1e4 src/bsp/startup/startup_stm32f103vetx.o
                0x0000000008000000                g_pfnVectors
                0x00000000080001e4                . = ALIGN (0x4)

.text           0x00000000080001e4     0x363c
                0x00000000080001e4                . = ALIGN (0x4)
 *(.text)
 .text          0x00000000080001e4       0x40 c:/st/stm32cubeide_1.6.0/stm32cubeide/plugins/com.st.stm32cube.ide.mcu.externaltools.gnu-tools-for-stm32.9-2020-q2-update.win32_1.5.0.202011040924/tools/bin/../lib/gcc/arm-none-eabi/9.3.1/thumb/v7-m/nofp/crtbegin.o
 *(.text*)
 .text.apInit   0x0000000008000224        0xc src/ap/ap.o
                0x0000000008000224                apInit
 .text.apBoardLedTest
                0x0000000008000230       0x18 src/ap/ap.o
                0x0000000008000230                apBoardLedTest
 .text.HAL_GPIO_EXTI_Callback
                0x0000000008000248       0x84 src/ap/ap.o
                0x0000000008000248                HAL_GPIO_EXTI_Callback
 .text.bspInit  0x00000000080002cc       0xf4 src/bsp/bsp.o
                0x00000000080002cc                bspInit
 .text.delay_ms
                0x00000000080003c0       0x16 src/bsp/bsp.o
                0x00000000080003c0                delay_ms
 .text.SystemClock_Config
                0x00000000080003d6       0x8a src/bsp/bsp.o
                0x00000000080003d6                SystemClock_Config
 .text.Error_Handler
                0x0000000008000460        0xa src/bsp/bsp.o
                0x0000000008000460                Error_Handler
 *fill*         0x000000000800046a        0x2 
 .text.HAL_MspInit
                0x000000000800046c       0x64 src/bsp/stm32f1xx_hal_msp.o
                0x000000000800046c                HAL_MspInit
 .text.NMI_Handler
                0x00000000080004d0        0x6 src/bsp/stm32f1xx_it.o
                0x00000000080004d0                NMI_Handler
 .text.HardFault_Handler
                0x00000000080004d6        0x6 src/bsp/stm32f1xx_it.o
                0x00000000080004d6                HardFault_Handler
 .text.MemManage_Handler
                0x00000000080004dc        0x6 src/bsp/stm32f1xx_it.o
                0x00000000080004dc                MemManage_Handler
 .text.BusFault_Handler
                0x00000000080004e2        0x6 src/bsp/stm32f1xx_it.o
                0x00000000080004e2                BusFault_Handler
 .text.UsageFault_Handler
                0x00000000080004e8        0x6 src/bsp/stm32f1xx_it.o
                0x00000000080004e8                UsageFault_Handler
 .text.SVC_Handler
                0x00000000080004ee        0xc src/bsp/stm32f1xx_it.o
                0x00000000080004ee                SVC_Handler
 .text.DebugMon_Handler
                0x00000000080004fa        0xc src/bsp/stm32f1xx_it.o
                0x00000000080004fa                DebugMon_Handler
 .text.PendSV_Handler
                0x0000000008000506        0xc src/bsp/stm32f1xx_it.o
                0x0000000008000506                PendSV_Handler
 .text.SysTick_Handler
                0x0000000008000512        0xc src/bsp/stm32f1xx_it.o
                0x0000000008000512                SysTick_Handler
 .text.EXTI9_5_IRQHandler
                0x000000000800051e       0x10 src/bsp/stm32f1xx_it.o
                0x000000000800051e                EXTI9_5_IRQHandler
 *fill*         0x000000000800052e        0x2 
 .text._sbrk    0x0000000008000530       0x6c src/bsp/sysmem.o
                0x0000000008000530                _sbrk
 .text.SystemInit
                0x000000000800059c        0xc src/bsp/system_stm32f1xx.o
                0x000000000800059c                SystemInit
 .text.Reset_Handler
                0x00000000080005a8       0x48 src/bsp/startup/startup_stm32f103vetx.o
                0x00000000080005a8                Reset_Handler
 .text.Default_Handler
                0x00000000080005f0        0x2 src/bsp/startup/startup_stm32f103vetx.o
                0x00000000080005f0                RTC_Alarm_IRQHandler
                0x00000000080005f0                EXTI2_IRQHandler
                0x00000000080005f0                TIM8_TRG_COM_IRQHandler
                0x00000000080005f0                TIM8_CC_IRQHandler
                0x00000000080005f0                TIM1_CC_IRQHandler
                0x00000000080005f0                TIM6_IRQHandler
                0x00000000080005f0                PVD_IRQHandler
                0x00000000080005f0                SDIO_IRQHandler
                0x00000000080005f0                EXTI3_IRQHandler
                0x00000000080005f0                EXTI0_IRQHandler
                0x00000000080005f0                I2C2_EV_IRQHandler
                0x00000000080005f0                ADC1_2_IRQHandler
                0x00000000080005f0                SPI1_IRQHandler
                0x00000000080005f0                TAMPER_IRQHandler
                0x00000000080005f0                TIM8_UP_IRQHandler
                0x00000000080005f0                DMA2_Channel2_IRQHandler
                0x00000000080005f0                DMA1_Channel4_IRQHandler
                0x00000000080005f0                USART3_IRQHandler
                0x00000000080005f0                RTC_IRQHandler
                0x00000000080005f0                DMA1_Channel7_IRQHandler
                0x00000000080005f0                CAN1_RX1_IRQHandler
                0x00000000080005f0                UART5_IRQHandler
                0x00000000080005f0                ADC3_IRQHandler
                0x00000000080005f0                TIM4_IRQHandler
                0x00000000080005f0                DMA2_Channel1_IRQHandler
                0x00000000080005f0                I2C1_EV_IRQHandler
                0x00000000080005f0                DMA1_Channel6_IRQHandler
                0x00000000080005f0                UART4_IRQHandler
                0x00000000080005f0                TIM3_IRQHandler
                0x00000000080005f0                RCC_IRQHandler
                0x00000000080005f0                TIM1_TRG_COM_IRQHandler
                0x00000000080005f0                DMA1_Channel1_IRQHandler
                0x00000000080005f0                Default_Handler
                0x00000000080005f0                EXTI15_10_IRQHandler
                0x00000000080005f0                TIM7_IRQHandler
                0x00000000080005f0                TIM5_IRQHandler
                0x00000000080005f0                SPI2_IRQHandler
                0x00000000080005f0                DMA1_Channel5_IRQHandler
                0x00000000080005f0                EXTI4_IRQHandler
                0x00000000080005f0                USB_LP_CAN1_RX0_IRQHandler
                0x00000000080005f0                USB_HP_CAN1_TX_IRQHandler
                0x00000000080005f0                DMA1_Channel3_IRQHandler
                0x00000000080005f0                FSMC_IRQHandler
                0x00000000080005f0                TIM1_UP_IRQHandler
                0x00000000080005f0                WWDG_IRQHandler
                0x00000000080005f0                TIM2_IRQHandler
                0x00000000080005f0                TIM1_BRK_IRQHandler
                0x00000000080005f0                EXTI1_IRQHandler
                0x00000000080005f0                DMA2_Channel4_5_IRQHandler
                0x00000000080005f0                USART2_IRQHandler
                0x00000000080005f0                I2C2_ER_IRQHandler
                0x00000000080005f0                DMA1_Channel2_IRQHandler
                0x00000000080005f0                TIM8_BRK_IRQHandler
                0x00000000080005f0                CAN1_SCE_IRQHandler
                0x00000000080005f0                FLASH_IRQHandler
                0x00000000080005f0                USART1_IRQHandler
                0x00000000080005f0                SPI3_IRQHandler
                0x00000000080005f0                I2C1_ER_IRQHandler
                0x00000000080005f0                USBWakeUp_IRQHandler
                0x00000000080005f0                DMA2_Channel3_IRQHandler
 *fill*         0x00000000080005f2        0x2 
 .text.MX_FSMC_Init
                0x00000000080005f4       0xc8 src/hw/driver/fsmc.o
                0x00000000080005f4                MX_FSMC_Init
 .text.HAL_FSMC_MspInit
                0x00000000080006bc       0x88 src/hw/driver/fsmc.o
 .text.HAL_SRAM_MspInit
                0x0000000008000744       0x14 src/hw/driver/fsmc.o
                0x0000000008000744                HAL_SRAM_MspInit
 .text.lcdInit  0x0000000008000758      0x2fc src/hw/driver/ili9341_lcd.o
                0x0000000008000758                lcdInit
 .text.lcdDrawPixel
                0x0000000008000a54       0x48 src/hw/driver/ili9341_lcd.o
                0x0000000008000a54                lcdDrawPixel
 .text.lcdDrawHLine
                0x0000000008000a9c       0x8c src/hw/driver/ili9341_lcd.o
                0x0000000008000a9c                lcdDrawHLine
 .text.lcdFillRect
                0x0000000008000b28       0xb8 src/hw/driver/ili9341_lcd.o
                0x0000000008000b28                lcdFillRect
 .text.lcdDrawChar
                0x0000000008000be0      0x154 src/hw/driver/ili9341_lcd.o
                0x0000000008000be0                lcdDrawChar
 .text.lcdPrintf
                0x0000000008000d34      0x118 src/hw/driver/ili9341_lcd.o
                0x0000000008000d34                lcdPrintf
 .text.lcdSetTextColor
                0x0000000008000e4c       0x2c src/hw/driver/ili9341_lcd.o
                0x0000000008000e4c                lcdSetTextColor
 .text.lcdSetWindow
                0x0000000008000e78       0x98 src/hw/driver/ili9341_lcd.o
                0x0000000008000e78                lcdSetWindow
 .text.lcdBacklightOn
                0x0000000008000f10       0x18 src/hw/driver/ili9341_lcd.o
                0x0000000008000f10                lcdBacklightOn
 .text.lcdReset
                0x0000000008000f28       0x14 src/hw/driver/ili9341_lcd.o
 .text.lcdWriteCommand
                0x0000000008000f3c       0x1e src/hw/driver/ili9341_lcd.o
 *fill*         0x0000000008000f5a        0x2 
 .text.lcdWriteData
                0x0000000008000f5c       0x20 src/hw/driver/ili9341_lcd.o
 .text.lcdBuildMemoryAccessControlConfig
                0x0000000008000f7c       0x82 src/hw/driver/ili9341_lcd.o
 *fill*         0x0000000008000ffe        0x2 
 .text.ledInit  0x0000000008001000       0x6c src/hw/driver/led.o
                0x0000000008001000                ledInit
 .text.ledOff   0x000000000800106c       0x40 src/hw/driver/led.o
                0x000000000800106c                ledOff
 .text.ledToggle
                0x00000000080010ac       0x38 src/hw/driver/led.o
                0x00000000080010ac                ledToggle
 .text.showMenu
                0x00000000080010e4      0x184 src/hw/driver/menu.o
                0x00000000080010e4                showMenu
 .text.getTouchMenItem
                0x0000000008001268       0x98 src/hw/driver/menu.o
                0x0000000008001268                getTouchMenItem
 .text.MX_SPI2_Init
                0x0000000008001300       0x6c src/hw/driver/spi.o
                0x0000000008001300                MX_SPI2_Init
 .text.HAL_SPI_MspInit
                0x000000000800136c       0x98 src/hw/driver/spi.o
                0x000000000800136c                HAL_SPI_MspInit
 .text.XPT2046_TouchSelect
                0x0000000008001404       0x18 src/hw/driver/xpt2046_touch.o
 .text.XPT2046_TouchUnselect
                0x000000000800141c       0x18 src/hw/driver/xpt2046_touch.o
                0x000000000800141c                XPT2046_TouchUnselect
 .text.XPT2046_TouchPressed
                0x0000000008001434       0x24 src/hw/driver/xpt2046_touch.o
                0x0000000008001434                XPT2046_TouchPressed
 .text.XPT2046_Init
                0x0000000008001458        0xc src/hw/driver/xpt2046_touch.o
                0x0000000008001458                XPT2046_Init
 .text.XPT2046_TouchGetCoordinates
                0x0000000008001464      0x164 src/hw/driver/xpt2046_touch.o
                0x0000000008001464                XPT2046_TouchGetCoordinates
 .text.hwInit   0x00000000080015c8       0x18 src/hw/hw.o
                0x00000000080015c8                hwInit
 .text.HAL_Init
                0x00000000080015e0       0x2c src/lib/cube_stm32f103vet6_fsmc_lcd/Drivers/STM32F1xx_HAL_Driver/Src/stm32f1xx_hal.o
                0x00000000080015e0                HAL_Init
 .text.HAL_InitTick
                0x000000000800160c       0x60 src/lib/cube_stm32f103vet6_fsmc_lcd/Drivers/STM32F1xx_HAL_Driver/Src/stm32f1xx_hal.o
                0x000000000800160c                HAL_InitTick
 .text.HAL_IncTick
                0x000000000800166c       0x24 src/lib/cube_stm32f103vet6_fsmc_lcd/Drivers/STM32F1xx_HAL_Driver/Src/stm32f1xx_hal.o
                0x000000000800166c                HAL_IncTick
 .text.HAL_GetTick
                0x0000000008001690       0x14 src/lib/cube_stm32f103vet6_fsmc_lcd/Drivers/STM32F1xx_HAL_Driver/Src/stm32f1xx_hal.o
                0x0000000008001690                HAL_GetTick
 .text.HAL_Delay
                0x00000000080016a4       0x48 src/lib/cube_stm32f103vet6_fsmc_lcd/Drivers/STM32F1xx_HAL_Driver/Src/stm32f1xx_hal.o
                0x00000000080016a4                HAL_Delay
 .text.__NVIC_SetPriorityGrouping
                0x00000000080016ec       0x48 src/lib/cube_stm32f103vet6_fsmc_lcd/Drivers/STM32F1xx_HAL_Driver/Src/stm32f1xx_hal_cortex.o
 .text.__NVIC_GetPriorityGrouping
                0x0000000008001734       0x1c src/lib/cube_stm32f103vet6_fsmc_lcd/Drivers/STM32F1xx_HAL_Driver/Src/stm32f1xx_hal_cortex.o
 .text.__NVIC_EnableIRQ
                0x0000000008001750       0x38 src/lib/cube_stm32f103vet6_fsmc_lcd/Drivers/STM32F1xx_HAL_Driver/Src/stm32f1xx_hal_cortex.o
 .text.__NVIC_SetPriority
                0x0000000008001788       0x54 src/lib/cube_stm32f103vet6_fsmc_lcd/Drivers/STM32F1xx_HAL_Driver/Src/stm32f1xx_hal_cortex.o
 .text.NVIC_EncodePriority
                0x00000000080017dc       0x64 src/lib/cube_stm32f103vet6_fsmc_lcd/Drivers/STM32F1xx_HAL_Driver/Src/stm32f1xx_hal_cortex.o
 .text.SysTick_Config
                0x0000000008001840       0x44 src/lib/cube_stm32f103vet6_fsmc_lcd/Drivers/STM32F1xx_HAL_Driver/Src/stm32f1xx_hal_cortex.o
 .text.HAL_NVIC_SetPriorityGrouping
                0x0000000008001884       0x16 src/lib/cube_stm32f103vet6_fsmc_lcd/Drivers/STM32F1xx_HAL_Driver/Src/stm32f1xx_hal_cortex.o
                0x0000000008001884                HAL_NVIC_SetPriorityGrouping
 .text.HAL_NVIC_SetPriority
                0x000000000800189a       0x38 src/lib/cube_stm32f103vet6_fsmc_lcd/Drivers/STM32F1xx_HAL_Driver/Src/stm32f1xx_hal_cortex.o
                0x000000000800189a                HAL_NVIC_SetPriority
 .text.HAL_NVIC_EnableIRQ
                0x00000000080018d2       0x1c src/lib/cube_stm32f103vet6_fsmc_lcd/Drivers/STM32F1xx_HAL_Driver/Src/stm32f1xx_hal_cortex.o
                0x00000000080018d2                HAL_NVIC_EnableIRQ
 .text.HAL_SYSTICK_Config
                0x00000000080018ee       0x18 src/lib/cube_stm32f103vet6_fsmc_lcd/Drivers/STM32F1xx_HAL_Driver/Src/stm32f1xx_hal_cortex.o
                0x00000000080018ee                HAL_SYSTICK_Config
 *fill*         0x0000000008001906        0x2 
 .text.HAL_GPIO_Init
                0x0000000008001908      0x328 src/lib/cube_stm32f103vet6_fsmc_lcd/Drivers/STM32F1xx_HAL_Driver/Src/stm32f1xx_hal_gpio.o
                0x0000000008001908                HAL_GPIO_Init
 .text.HAL_GPIO_ReadPin
                0x0000000008001c30       0x2e src/lib/cube_stm32f103vet6_fsmc_lcd/Drivers/STM32F1xx_HAL_Driver/Src/stm32f1xx_hal_gpio.o
                0x0000000008001c30                HAL_GPIO_ReadPin
 .text.HAL_GPIO_WritePin
                0x0000000008001c5e       0x30 src/lib/cube_stm32f103vet6_fsmc_lcd/Drivers/STM32F1xx_HAL_Driver/Src/stm32f1xx_hal_gpio.o
                0x0000000008001c5e                HAL_GPIO_WritePin
 .text.HAL_GPIO_TogglePin
                0x0000000008001c8e       0x32 src/lib/cube_stm32f103vet6_fsmc_lcd/Drivers/STM32F1xx_HAL_Driver/Src/stm32f1xx_hal_gpio.o
                0x0000000008001c8e                HAL_GPIO_TogglePin
 .text.HAL_GPIO_EXTI_IRQHandler
                0x0000000008001cc0       0x30 src/lib/cube_stm32f103vet6_fsmc_lcd/Drivers/STM32F1xx_HAL_Driver/Src/stm32f1xx_hal_gpio.o
                0x0000000008001cc0                HAL_GPIO_EXTI_IRQHandler
 .text.HAL_RCC_OscConfig
                0x0000000008001cf0      0x500 src/lib/cube_stm32f103vet6_fsmc_lcd/Drivers/STM32F1xx_HAL_Driver/Src/stm32f1xx_hal_rcc.o
                0x0000000008001cf0                HAL_RCC_OscConfig
 .text.HAL_RCC_ClockConfig
                0x00000000080021f0      0x1d4 src/lib/cube_stm32f103vet6_fsmc_lcd/Drivers/STM32F1xx_HAL_Driver/Src/stm32f1xx_hal_rcc.o
                0x00000000080021f0                HAL_RCC_ClockConfig
 .text.HAL_RCC_GetSysClockFreq
                0x00000000080023c4       0xc0 src/lib/cube_stm32f103vet6_fsmc_lcd/Drivers/STM32F1xx_HAL_Driver/Src/stm32f1xx_hal_rcc.o
                0x00000000080023c4                HAL_RCC_GetSysClockFreq
 .text.RCC_Delay
                0x0000000008002484       0x3c src/lib/cube_stm32f103vet6_fsmc_lcd/Drivers/STM32F1xx_HAL_Driver/Src/stm32f1xx_hal_rcc.o
 .text.HAL_SPI_Init
                0x00000000080024c0      0x108 src/lib/cube_stm32f103vet6_fsmc_lcd/Drivers/STM32F1xx_HAL_Driver/Src/stm32f1xx_hal_spi.o
                0x00000000080024c0                HAL_SPI_Init
 .text.HAL_SPI_Transmit
                0x00000000080025c8      0x278 src/lib/cube_stm32f103vet6_fsmc_lcd/Drivers/STM32F1xx_HAL_Driver/Src/stm32f1xx_hal_spi.o
                0x00000000080025c8                HAL_SPI_Transmit
 .text.HAL_SPI_TransmitReceive
                0x0000000008002840      0x344 src/lib/cube_stm32f103vet6_fsmc_lcd/Drivers/STM32F1xx_HAL_Driver/Src/stm32f1xx_hal_spi.o
                0x0000000008002840                HAL_SPI_TransmitReceive
 .text.SPI_WaitFlagStateUntilTimeout
                0x0000000008002b84      0x110 src/lib/cube_stm32f103vet6_fsmc_lcd/Drivers/STM32F1xx_HAL_Driver/Src/stm32f1xx_hal_spi.o
 .text.SPI_EndRxTxTransaction
                0x0000000008002c94       0x3c src/lib/cube_stm32f103vet6_fsmc_lcd/Drivers/STM32F1xx_HAL_Driver/Src/stm32f1xx_hal_spi.o
 .text.HAL_SRAM_Init
                0x0000000008002cd0       0x9a src/lib/cube_stm32f103vet6_fsmc_lcd/Drivers/STM32F1xx_HAL_Driver/Src/stm32f1xx_hal_sram.o
                0x0000000008002cd0                HAL_SRAM_Init
 *fill*         0x0000000008002d6a        0x2 
 .text.FSMC_NORSRAM_Init
                0x0000000008002d6c       0xd4 src/lib/cube_stm32f103vet6_fsmc_lcd/Drivers/STM32F1xx_HAL_Driver/Src/stm32f1xx_ll_fsmc.o
                0x0000000008002d6c                FSMC_NORSRAM_Init
 .text.FSMC_NORSRAM_Timing_Init
                0x0000000008002e40       0x68 src/lib/cube_stm32f103vet6_fsmc_lcd/Drivers/STM32F1xx_HAL_Driver/Src/stm32f1xx_ll_fsmc.o
                0x0000000008002e40                FSMC_NORSRAM_Timing_Init
 .text.FSMC_NORSRAM_Extended_Timing_Init
                0x0000000008002ea8       0x70 src/lib/cube_stm32f103vet6_fsmc_lcd/Drivers/STM32F1xx_HAL_Driver/Src/stm32f1xx_ll_fsmc.o
                0x0000000008002ea8                FSMC_NORSRAM_Extended_Timing_Init
 .text.main     0x0000000008002f18       0x16 src/main.o
                0x0000000008002f18                main
 *fill*         0x0000000008002f2e        0x2 
 .text.__errno  0x0000000008002f30        0xc c:/st/stm32cubeide_1.6.0/stm32cubeide/plugins/com.st.stm32cube.ide.mcu.externaltools.gnu-tools-for-stm32.9-2020-q2-update.win32_1.5.0.202011040924/tools/bin/../lib/gcc/arm-none-eabi/9.3.1/../../../../arm-none-eabi/lib/thumb/v7-m/nofp\libc_nano.a(lib_a-errno.o)
                0x0000000008002f30                __errno
 .text.__libc_init_array
                0x0000000008002f3c       0x48 c:/st/stm32cubeide_1.6.0/stm32cubeide/plugins/com.st.stm32cube.ide.mcu.externaltools.gnu-tools-for-stm32.9-2020-q2-update.win32_1.5.0.202011040924/tools/bin/../lib/gcc/arm-none-eabi/9.3.1/../../../../arm-none-eabi/lib/thumb/v7-m/nofp\libc_nano.a(lib_a-init.o)
                0x0000000008002f3c                __libc_init_array
 .text.memset   0x0000000008002f84       0x10 c:/st/stm32cubeide_1.6.0/stm32cubeide/plugins/com.st.stm32cube.ide.mcu.externaltools.gnu-tools-for-stm32.9-2020-q2-update.win32_1.5.0.202011040924/tools/bin/../lib/gcc/arm-none-eabi/9.3.1/../../../../arm-none-eabi/lib/thumb/v7-m/nofp\libc_nano.a(lib_a-memset.o)
                0x0000000008002f84                memset
 .text._free_r  0x0000000008002f94       0x98 c:/st/stm32cubeide_1.6.0/stm32cubeide/plugins/com.st.stm32cube.ide.mcu.externaltools.gnu-tools-for-stm32.9-2020-q2-update.win32_1.5.0.202011040924/tools/bin/../lib/gcc/arm-none-eabi/9.3.1/../../../../arm-none-eabi/lib/thumb/v7-m/nofp\libc_nano.a(lib_a-nano-freer.o)
                0x0000000008002f94                _free_r
 .text._malloc_r
                0x000000000800302c       0xb4 c:/st/stm32cubeide_1.6.0/stm32cubeide/plugins/com.st.stm32cube.ide.mcu.externaltools.gnu-tools-for-stm32.9-2020-q2-update.win32_1.5.0.202011040924/tools/bin/../lib/gcc/arm-none-eabi/9.3.1/../../../../arm-none-eabi/lib/thumb/v7-m/nofp\libc_nano.a(lib_a-nano-mallocr.o)
                0x000000000800302c                _malloc_r
 .text._sbrk_r  0x00000000080030e0       0x20 c:/st/stm32cubeide_1.6.0/stm32cubeide/plugins/com.st.stm32cube.ide.mcu.externaltools.gnu-tools-for-stm32.9-2020-q2-update.win32_1.5.0.202011040924/tools/bin/../lib/gcc/arm-none-eabi/9.3.1/../../../../arm-none-eabi/lib/thumb/v7-m/nofp\libc_nano.a(lib_a-sbrkr.o)
                0x00000000080030e0                _sbrk_r
 .text._vsprintf_r
                0x0000000008003100       0x2c c:/st/stm32cubeide_1.6.0/stm32cubeide/plugins/com.st.stm32cube.ide.mcu.externaltools.gnu-tools-for-stm32.9-2020-q2-update.win32_1.5.0.202011040924/tools/bin/../lib/gcc/arm-none-eabi/9.3.1/../../../../arm-none-eabi/lib/thumb/v7-m/nofp\libc_nano.a(lib_a-vsprintf.o)
                0x0000000008003100                _vsprintf_r
                0x0000000008003100                _vsiprintf_r
 .text.vsprintf
                0x000000000800312c       0x14 c:/st/stm32cubeide_1.6.0/stm32cubeide/plugins/com.st.stm32cube.ide.mcu.externaltools.gnu-tools-for-stm32.9-2020-q2-update.win32_1.5.0.202011040924/tools/bin/../lib/gcc/arm-none-eabi/9.3.1/../../../../arm-none-eabi/lib/thumb/v7-m/nofp\libc_nano.a(lib_a-vsprintf.o)
                0x000000000800312c                vsiprintf
                0x000000000800312c                vsprintf
 .text.__malloc_lock
                0x0000000008003140        0xc c:/st/stm32cubeide_1.6.0/stm32cubeide/plugins/com.st.stm32cube.ide.mcu.externaltools.gnu-tools-for-stm32.9-2020-q2-update.win32_1.5.0.202011040924/tools/bin/../lib/gcc/arm-none-eabi/9.3.1/../../../../arm-none-eabi/lib/thumb/v7-m/nofp\libc_nano.a(lib_a-mlock.o)
                0x0000000008003140                __malloc_lock
 .text.__malloc_unlock
                0x000000000800314c        0xc c:/st/stm32cubeide_1.6.0/stm32cubeide/plugins/com.st.stm32cube.ide.mcu.externaltools.gnu-tools-for-stm32.9-2020-q2-update.win32_1.5.0.202011040924/tools/bin/../lib/gcc/arm-none-eabi/9.3.1/../../../../arm-none-eabi/lib/thumb/v7-m/nofp\libc_nano.a(lib_a-mlock.o)
                0x000000000800314c                __malloc_unlock
 .text.__ssputs_r
                0x0000000008003158       0xb6 c:/st/stm32cubeide_1.6.0/stm32cubeide/plugins/com.st.stm32cube.ide.mcu.externaltools.gnu-tools-for-stm32.9-2020-q2-update.win32_1.5.0.202011040924/tools/bin/../lib/gcc/arm-none-eabi/9.3.1/../../../../arm-none-eabi/lib/thumb/v7-m/nofp\libc_nano.a(lib_a-nano-svfprintf.o)
                0x0000000008003158                __ssputs_r
 *fill*         0x000000000800320e        0x2 
 .text._svfprintf_r
                0x0000000008003210      0x200 c:/st/stm32cubeide_1.6.0/stm32cubeide/plugins/com.st.stm32cube.ide.mcu.externaltools.gnu-tools-for-stm32.9-2020-q2-update.win32_1.5.0.202011040924/tools/bin/../lib/gcc/arm-none-eabi/9.3.1/../../../../arm-none-eabi/lib/thumb/v7-m/nofp\libc_nano.a(lib_a-nano-svfprintf.o)
                0x0000000008003210                _svfiprintf_r
                0x0000000008003210                _svfprintf_r
 .text._printf_common
                0x0000000008003410       0xde c:/st/stm32cubeide_1.6.0/stm32cubeide/plugins/com.st.stm32cube.ide.mcu.externaltools.gnu-tools-for-stm32.9-2020-q2-update.win32_1.5.0.202011040924/tools/bin/../lib/gcc/arm-none-eabi/9.3.1/../../../../arm-none-eabi/lib/thumb/v7-m/nofp\libc_nano.a(lib_a-nano-vfprintf_i.o)
                0x0000000008003410                _printf_common
 *fill*         0x00000000080034ee        0x2 
 .text._printf_i
                0x00000000080034f0      0x24c c:/st/stm32cubeide_1.6.0/stm32cubeide/plugins/com.st.stm32cube.ide.mcu.externaltools.gnu-tools-for-stm32.9-2020-q2-update.win32_1.5.0.202011040924/tools/bin/../lib/gcc/arm-none-eabi/9.3.1/../../../../arm-none-eabi/lib/thumb/v7-m/nofp\libc_nano.a(lib_a-nano-vfprintf_i.o)
                0x00000000080034f0                _printf_i
 .text.__retarget_lock_acquire_recursive
                0x000000000800373c        0x2 c:/st/stm32cubeide_1.6.0/stm32cubeide/plugins/com.st.stm32cube.ide.mcu.externaltools.gnu-tools-for-stm32.9-2020-q2-update.win32_1.5.0.202011040924/tools/bin/../lib/gcc/arm-none-eabi/9.3.1/../../../../arm-none-eabi/lib/thumb/v7-m/nofp\libc_nano.a(lib_a-lock.o)
                0x000000000800373c                __retarget_lock_acquire_recursive
 .text.__retarget_lock_release_recursive
                0x000000000800373e        0x2 c:/st/stm32cubeide_1.6.0/stm32cubeide/plugins/com.st.stm32cube.ide.mcu.externaltools.gnu-tools-for-stm32.9-2020-q2-update.win32_1.5.0.202011040924/tools/bin/../lib/gcc/arm-none-eabi/9.3.1/../../../../arm-none-eabi/lib/thumb/v7-m/nofp\libc_nano.a(lib_a-lock.o)
                0x000000000800373e                __retarget_lock_release_recursive
 .text.memchr   0x0000000008003740       0x1c c:/st/stm32cubeide_1.6.0/stm32cubeide/plugins/com.st.stm32cube.ide.mcu.externaltools.gnu-tools-for-stm32.9-2020-q2-update.win32_1.5.0.202011040924/tools/bin/../lib/gcc/arm-none-eabi/9.3.1/../../../../arm-none-eabi/lib/thumb/v7-m/nofp\libc_nano.a(lib_a-memchr-stub.o)
                0x0000000008003740                memchr
 .text.memcpy   0x000000000800375c       0x1c c:/st/stm32cubeide_1.6.0/stm32cubeide/plugins/com.st.stm32cube.ide.mcu.externaltools.gnu-tools-for-stm32.9-2020-q2-update.win32_1.5.0.202011040924/tools/bin/../lib/gcc/arm-none-eabi/9.3.1/../../../../arm-none-eabi/lib/thumb/v7-m/nofp\libc_nano.a(lib_a-memcpy-stub.o)
                0x000000000800375c                memcpy
 .text.memmove  0x0000000008003778       0x34 c:/st/stm32cubeide_1.6.0/stm32cubeide/plugins/com.st.stm32cube.ide.mcu.externaltools.gnu-tools-for-stm32.9-2020-q2-update.win32_1.5.0.202011040924/tools/bin/../lib/gcc/arm-none-eabi/9.3.1/../../../../arm-none-eabi/lib/thumb/v7-m/nofp\libc_nano.a(lib_a-memmove.o)
                0x0000000008003778                memmove
 .text._realloc_r
                0x00000000080037ac       0x4c c:/st/stm32cubeide_1.6.0/stm32cubeide/plugins/com.st.stm32cube.ide.mcu.externaltools.gnu-tools-for-stm32.9-2020-q2-update.win32_1.5.0.202011040924/tools/bin/../lib/gcc/arm-none-eabi/9.3.1/../../../../arm-none-eabi/lib/thumb/v7-m/nofp\libc_nano.a(lib_a-nano-reallocr.o)
                0x00000000080037ac                _realloc_r
 .text._malloc_usable_size_r
                0x00000000080037f8       0x10 c:/st/stm32cubeide_1.6.0/stm32cubeide/plugins/com.st.stm32cube.ide.mcu.externaltools.gnu-tools-for-stm32.9-2020-q2-update.win32_1.5.0.202011040924/tools/bin/../lib/gcc/arm-none-eabi/9.3.1/../../../../arm-none-eabi/lib/thumb/v7-m/nofp\libc_nano.a(lib_a-nano-msizer.o)
                0x00000000080037f8                _malloc_usable_size_r
 *(.glue_7)
 .glue_7        0x0000000008003808        0x0 linker stubs
 *(.glue_7t)
 .glue_7t       0x0000000008003808        0x0 linker stubs
 *(.eh_frame)
 .eh_frame      0x0000000008003808        0x0 c:/st/stm32cubeide_1.6.0/stm32cubeide/plugins/com.st.stm32cube.ide.mcu.externaltools.gnu-tools-for-stm32.9-2020-q2-update.win32_1.5.0.202011040924/tools/bin/../lib/gcc/arm-none-eabi/9.3.1/thumb/v7-m/nofp/crtbegin.o
 *(.init)
 .init          0x0000000008003808        0x4 c:/st/stm32cubeide_1.6.0/stm32cubeide/plugins/com.st.stm32cube.ide.mcu.externaltools.gnu-tools-for-stm32.9-2020-q2-update.win32_1.5.0.202011040924/tools/bin/../lib/gcc/arm-none-eabi/9.3.1/thumb/v7-m/nofp/crti.o
                0x0000000008003808                _init
 .init          0x000000000800380c        0x8 c:/st/stm32cubeide_1.6.0/stm32cubeide/plugins/com.st.stm32cube.ide.mcu.externaltools.gnu-tools-for-stm32.9-2020-q2-update.win32_1.5.0.202011040924/tools/bin/../lib/gcc/arm-none-eabi/9.3.1/thumb/v7-m/nofp/crtn.o
 *(.fini)
 .fini          0x0000000008003814        0x4 c:/st/stm32cubeide_1.6.0/stm32cubeide/plugins/com.st.stm32cube.ide.mcu.externaltools.gnu-tools-for-stm32.9-2020-q2-update.win32_1.5.0.202011040924/tools/bin/../lib/gcc/arm-none-eabi/9.3.1/thumb/v7-m/nofp/crti.o
                0x0000000008003814                _fini
 .fini          0x0000000008003818        0x8 c:/st/stm32cubeide_1.6.0/stm32cubeide/plugins/com.st.stm32cube.ide.mcu.externaltools.gnu-tools-for-stm32.9-2020-q2-update.win32_1.5.0.202011040924/tools/bin/../lib/gcc/arm-none-eabi/9.3.1/thumb/v7-m/nofp/crtn.o
                0x0000000008003820                . = ALIGN (0x4)
                0x0000000008003820                _etext = .

.vfp11_veneer   0x0000000008003820        0x0
 .vfp11_veneer  0x0000000008003820        0x0 linker stubs

.v4_bx          0x0000000008003820        0x0
 .v4_bx         0x0000000008003820        0x0 linker stubs

.iplt           0x0000000008003820        0x0
 .iplt          0x0000000008003820        0x0 c:/st/stm32cubeide_1.6.0/stm32cubeide/plugins/com.st.stm32cube.ide.mcu.externaltools.gnu-tools-for-stm32.9-2020-q2-update.win32_1.5.0.202011040924/tools/bin/../lib/gcc/arm-none-eabi/9.3.1/thumb/v7-m/nofp/crtbegin.o

.rodata         0x0000000008003820      0x4d0
                0x0000000008003820                . = ALIGN (0x4)
 *(.rodata)
 .rodata        0x0000000008003820       0x10 src/lib/cube_stm32f103vet6_fsmc_lcd/Drivers/STM32F1xx_HAL_Driver/Src/stm32f1xx_hal_rcc.o
 *(.rodata*)
 .rodata.AHBPrescTable
                0x0000000008003830       0x10 src/bsp/system_stm32f1xx.o
                0x0000000008003830                AHBPrescTable
 .rodata.Font12_Table
                0x0000000008003840      0x474 src/common/core/ili9341_setting/fonts/font12.o
                0x0000000008003840                Font12_Table
 .rodata.cmd_read_y.7740
                0x0000000008003cb4        0x1 src/hw/driver/xpt2046_touch.o
 *fill*         0x0000000008003cb5        0x3 
 .rodata.zeroes_tx.7741
                0x0000000008003cb8        0x2 src/hw/driver/xpt2046_touch.o
 *fill*         0x0000000008003cba        0x2 
 .rodata.cmd_read_x.7739
                0x0000000008003cbc        0x1 src/hw/driver/xpt2046_touch.o
 .rodata._svfprintf_r.str1.1
                0x0000000008003cbd       0x11 c:/st/stm32cubeide_1.6.0/stm32cubeide/plugins/com.st.stm32cube.ide.mcu.externaltools.gnu-tools-for-stm32.9-2020-q2-update.win32_1.5.0.202011040924/tools/bin/../lib/gcc/arm-none-eabi/9.3.1/../../../../arm-none-eabi/lib/thumb/v7-m/nofp\libc_nano.a(lib_a-nano-svfprintf.o)
 .rodata._printf_i.str1.1
                0x0000000008003cce       0x22 c:/st/stm32cubeide_1.6.0/stm32cubeide/plugins/com.st.stm32cube.ide.mcu.externaltools.gnu-tools-for-stm32.9-2020-q2-update.win32_1.5.0.202011040924/tools/bin/../lib/gcc/arm-none-eabi/9.3.1/../../../../arm-none-eabi/lib/thumb/v7-m/nofp\libc_nano.a(lib_a-nano-vfprintf_i.o)
                0x0000000008003cf0                . = ALIGN (0x4)

.rel.dyn        0x0000000008003cf0        0x0
 .rel.iplt      0x0000000008003cf0        0x0 c:/st/stm32cubeide_1.6.0/stm32cubeide/plugins/com.st.stm32cube.ide.mcu.externaltools.gnu-tools-for-stm32.9-2020-q2-update.win32_1.5.0.202011040924/tools/bin/../lib/gcc/arm-none-eabi/9.3.1/thumb/v7-m/nofp/crtbegin.o

.ARM.extab      0x0000000008003cf0        0x0
                0x0000000008003cf0                . = ALIGN (0x4)
 *(.ARM.extab* .gnu.linkonce.armextab.*)
                0x0000000008003cf0                . = ALIGN (0x4)

.ARM            0x0000000008003cf0        0x0
                0x0000000008003cf0                . = ALIGN (0x4)
                0x0000000008003cf0                __exidx_start = .
 *(.ARM.exidx*)
                0x0000000008003cf0                __exidx_end = .
                0x0000000008003cf0                . = ALIGN (0x4)

.preinit_array  0x0000000008003cf0        0x0
                0x0000000008003cf0                . = ALIGN (0x4)
                0x0000000008003cf0                PROVIDE (__preinit_array_start = .)
 *(.preinit_array*)
                0x0000000008003cf0                PROVIDE (__preinit_array_end = .)
                0x0000000008003cf0                . = ALIGN (0x4)

.init_array     0x0000000008003cf0        0x4
                0x0000000008003cf0                . = ALIGN (0x4)
                0x0000000008003cf0                PROVIDE (__init_array_start = .)
 *(SORT_BY_NAME(.init_array.*))
 *(.init_array*)
 .init_array    0x0000000008003cf0        0x4 c:/st/stm32cubeide_1.6.0/stm32cubeide/plugins/com.st.stm32cube.ide.mcu.externaltools.gnu-tools-for-stm32.9-2020-q2-update.win32_1.5.0.202011040924/tools/bin/../lib/gcc/arm-none-eabi/9.3.1/thumb/v7-m/nofp/crtbegin.o
                0x0000000008003cf4                PROVIDE (__init_array_end = .)
                0x0000000008003cf4                . = ALIGN (0x4)

.fini_array     0x0000000008003cf4        0x4
                0x0000000008003cf4                . = ALIGN (0x4)
                [!provide]                        PROVIDE (__fini_array_start = .)
 *(SORT_BY_NAME(.fini_array.*))
 *(.fini_array*)
 .fini_array    0x0000000008003cf4        0x4 c:/st/stm32cubeide_1.6.0/stm32cubeide/plugins/com.st.stm32cube.ide.mcu.externaltools.gnu-tools-for-stm32.9-2020-q2-update.win32_1.5.0.202011040924/tools/bin/../lib/gcc/arm-none-eabi/9.3.1/thumb/v7-m/nofp/crtbegin.o
                [!provide]                        PROVIDE (__fini_array_end = .)
                0x0000000008003cf8                . = ALIGN (0x4)
                0x0000000008003cf8                _sidata = LOADADDR (.data)

.data           0x0000000020000000       0xa0 load address 0x0000000008003cf8
                0x0000000020000000                . = ALIGN (0x4)
                0x0000000020000000                _sdata = .
 *(.data)
 *(.data*)
 .data.SystemCoreClock
                0x0000000020000000        0x4 src/bsp/system_stm32f1xx.o
                0x0000000020000000                SystemCoreClock
 .data.Font12   0x0000000020000004        0x8 src/common/core/ili9341_setting/fonts/font12.o
                0x0000000020000004                Font12
 .data.lcdProperties
                0x000000002000000c        0x8 src/hw/driver/ili9341_lcd.o
 .data.lcdFont  0x0000000020000014       0x10 src/hw/driver/ili9341_lcd.o
 .data.led_tbl  0x0000000020000024       0x10 src/hw/driver/led.o
                0x0000000020000024                led_tbl
 .data.uwTickPrio
                0x0000000020000034        0x4 src/lib/cube_stm32f103vet6_fsmc_lcd/Drivers/STM32F1xx_HAL_Driver/Src/stm32f1xx_hal.o
                0x0000000020000034                uwTickPrio
 .data.uwTickFreq
                0x0000000020000038        0x1 src/lib/cube_stm32f103vet6_fsmc_lcd/Drivers/STM32F1xx_HAL_Driver/Src/stm32f1xx_hal.o
                0x0000000020000038                uwTickFreq
 *fill*         0x0000000020000039        0x3 
 .data._impure_ptr
                0x000000002000003c        0x4 c:/st/stm32cubeide_1.6.0/stm32cubeide/plugins/com.st.stm32cube.ide.mcu.externaltools.gnu-tools-for-stm32.9-2020-q2-update.win32_1.5.0.202011040924/tools/bin/../lib/gcc/arm-none-eabi/9.3.1/../../../../arm-none-eabi/lib/thumb/v7-m/nofp\libc_nano.a(lib_a-impure.o)
                0x000000002000003c                _impure_ptr
 .data.impure_data
                0x0000000020000040       0x60 c:/st/stm32cubeide_1.6.0/stm32cubeide/plugins/com.st.stm32cube.ide.mcu.externaltools.gnu-tools-for-stm32.9-2020-q2-update.win32_1.5.0.202011040924/tools/bin/../lib/gcc/arm-none-eabi/9.3.1/../../../../arm-none-eabi/lib/thumb/v7-m/nofp\libc_nano.a(lib_a-impure.o)
 *(.RamFunc)
 *(.RamFunc*)
                0x00000000200000a0                . = ALIGN (0x4)
                0x00000000200000a0                _edata = .

.igot.plt       0x00000000200000a0        0x0 load address 0x0000000008003d98
 .igot.plt      0x00000000200000a0        0x0 c:/st/stm32cubeide_1.6.0/stm32cubeide/plugins/com.st.stm32cube.ide.mcu.externaltools.gnu-tools-for-stm32.9-2020-q2-update.win32_1.5.0.202011040924/tools/bin/../lib/gcc/arm-none-eabi/9.3.1/thumb/v7-m/nofp/crtbegin.o
                0x00000000200000a0                . = ALIGN (0x4)

.bss            0x00000000200000a0      0x1f8 load address 0x0000000008003d98
                0x00000000200000a0                _sbss = .
                0x00000000200000a0                __bss_start__ = _sbss
 *(.bss)
 .bss           0x00000000200000a0       0x1c c:/st/stm32cubeide_1.6.0/stm32cubeide/plugins/com.st.stm32cube.ide.mcu.externaltools.gnu-tools-for-stm32.9-2020-q2-update.win32_1.5.0.202011040924/tools/bin/../lib/gcc/arm-none-eabi/9.3.1/thumb/v7-m/nofp/crtbegin.o
 *(.bss*)
 .bss.tempIgnoralEXTI
                0x00000000200000bc        0x1 src/ap/ap.o
                0x00000000200000bc                tempIgnoralEXTI
 *fill*         0x00000000200000bd        0x1 
 .bss.cx        0x00000000200000be        0x2 src/ap/ap.o
                0x00000000200000be                cx
 .bss.cy        0x00000000200000c0        0x2 src/ap/ap.o
                0x00000000200000c0                cy
 *fill*         0x00000000200000c2        0x2 
 .bss.__sbrk_heap_end
                0x00000000200000c4        0x4 src/bsp/sysmem.o
 .bss.FSMC_Initialized
                0x00000000200000c8        0x4 src/hw/driver/fsmc.o
 .bss.cursorXY  0x00000000200000cc        0x4 src/hw/driver/ili9341_lcd.o
 .bss.lcdPortraitConfig
                0x00000000200000d0        0x1 src/hw/driver/ili9341_lcd.o
 .bss.lcdLandscapeConfig
                0x00000000200000d1        0x1 src/hw/driver/ili9341_lcd.o
 .bss.lcdPortraitMirrorConfig
                0x00000000200000d2        0x1 src/hw/driver/ili9341_lcd.o
 .bss.lcdLandscapeMirrorConfig
                0x00000000200000d3        0x1 src/hw/driver/ili9341_lcd.o
 .bss.buf.7985  0x00000000200000d4      0x100 src/hw/driver/ili9341_lcd.o
 .bss.menuColordinate
                0x00000000200001d4        0x0 src/hw/driver/menu.o
                0x00000000200001d4                menuColordinate
 .bss.menuText  0x00000000200001d4        0x0 src/hw/driver/menu.o
                0x00000000200001d4                menuText
 .bss.menuBGColor
                0x00000000200001d4        0x0 src/hw/driver/menu.o
                0x00000000200001d4                menuBGColor
 .bss.selmenuBGColor
                0x00000000200001d4        0x2 src/hw/driver/menu.o
                0x00000000200001d4                selmenuBGColor
 *fill*         0x00000000200001d6        0x2 
 .bss.__malloc_free_list
                0x00000000200001d8        0x4 c:/st/stm32cubeide_1.6.0/stm32cubeide/plugins/com.st.stm32cube.ide.mcu.externaltools.gnu-tools-for-stm32.9-2020-q2-update.win32_1.5.0.202011040924/tools/bin/../lib/gcc/arm-none-eabi/9.3.1/../../../../arm-none-eabi/lib/thumb/v7-m/nofp\libc_nano.a(lib_a-nano-mallocr.o)
                0x00000000200001d8                __malloc_free_list
 .bss.__malloc_sbrk_start
                0x00000000200001dc        0x4 c:/st/stm32cubeide_1.6.0/stm32cubeide/plugins/com.st.stm32cube.ide.mcu.externaltools.gnu-tools-for-stm32.9-2020-q2-update.win32_1.5.0.202011040924/tools/bin/../lib/gcc/arm-none-eabi/9.3.1/../../../../arm-none-eabi/lib/thumb/v7-m/nofp\libc_nano.a(lib_a-nano-mallocr.o)
                0x00000000200001dc                __malloc_sbrk_start
 *(COMMON)
 COMMON         0x00000000200001e0       0x5b src/ap/ap.o
                0x00000000200001e0                hspi2
                0x0000000020000238                menuActived
                0x0000000020000239                activedMenuItem
                0x000000002000023a                isCalbriating
 *fill*         0x000000002000023b        0x1 
 COMMON         0x000000002000023c       0x48 src/hw/driver/fsmc.o
                0x000000002000023c                hsram1
 COMMON         0x0000000020000284        0x4 src/lib/cube_stm32f103vet6_fsmc_lcd/Drivers/STM32F1xx_HAL_Driver/Src/stm32f1xx_hal.o
                0x0000000020000284                uwTick
 COMMON         0x0000000020000288        0x4 c:/st/stm32cubeide_1.6.0/stm32cubeide/plugins/com.st.stm32cube.ide.mcu.externaltools.gnu-tools-for-stm32.9-2020-q2-update.win32_1.5.0.202011040924/tools/bin/../lib/gcc/arm-none-eabi/9.3.1/../../../../arm-none-eabi/lib/thumb/v7-m/nofp\libc_nano.a(lib_a-reent.o)
                0x0000000020000288                errno
 COMMON         0x000000002000028c        0x9 c:/st/stm32cubeide_1.6.0/stm32cubeide/plugins/com.st.stm32cube.ide.mcu.externaltools.gnu-tools-for-stm32.9-2020-q2-update.win32_1.5.0.202011040924/tools/bin/../lib/gcc/arm-none-eabi/9.3.1/../../../../arm-none-eabi/lib/thumb/v7-m/nofp\libc_nano.a(lib_a-lock.o)
                0x000000002000028c                __lock___atexit_recursive_mutex
                0x000000002000028d                __lock___arc4random_mutex
                0x000000002000028e                __lock___env_recursive_mutex
                0x000000002000028f                __lock___sinit_recursive_mutex
                0x0000000020000290                __lock___malloc_recursive_mutex
                0x0000000020000291                __lock___at_quick_exit_mutex
                0x0000000020000292                __lock___dd_hash_mutex
                0x0000000020000293                __lock___tz_mutex
                0x0000000020000294                __lock___sfp_recursive_mutex
                0x0000000020000298                . = ALIGN (0x4)
 *fill*         0x0000000020000295        0x3 
                0x0000000020000298                _ebss = .
                0x0000000020000298                __bss_end__ = _ebss

._user_heap_stack
                0x0000000020000298      0x600 load address 0x0000000008003d98
                0x0000000020000298                . = ALIGN (0x8)
                [!provide]                        PROVIDE (end = .)
                0x0000000020000298                PROVIDE (_end = .)
                0x0000000020000498                . = (. + _Min_Heap_Size)
 *fill*         0x0000000020000298      0x200 
                0x0000000020000898                . = (. + _Min_Stack_Size)
 *fill*         0x0000000020000498      0x400 
                0x0000000020000898                . = ALIGN (0x8)

/DISCARD/
 libc.a(*)
 libm.a(*)
 libgcc.a(*)

.ARM.attributes
                0x0000000000000000       0x29
 *(.ARM.attributes)
 .ARM.attributes
                0x0000000000000000       0x1d c:/st/stm32cubeide_1.6.0/stm32cubeide/plugins/com.st.stm32cube.ide.mcu.externaltools.gnu-tools-for-stm32.9-2020-q2-update.win32_1.5.0.202011040924/tools/bin/../lib/gcc/arm-none-eabi/9.3.1/thumb/v7-m/nofp/crti.o
 .ARM.attributes
                0x000000000000001d       0x2d c:/st/stm32cubeide_1.6.0/stm32cubeide/plugins/com.st.stm32cube.ide.mcu.externaltools.gnu-tools-for-stm32.9-2020-q2-update.win32_1.5.0.202011040924/tools/bin/../lib/gcc/arm-none-eabi/9.3.1/thumb/v7-m/nofp/crtbegin.o
 .ARM.attributes
                0x000000000000004a       0x2d src/ap/ap.o
 .ARM.attributes
                0x0000000000000077       0x2d src/bsp/bsp.o
 .ARM.attributes
                0x00000000000000a4       0x2d src/bsp/stm32f1xx_hal_msp.o
 .ARM.attributes
                0x00000000000000d1       0x2d src/bsp/stm32f1xx_it.o
 .ARM.attributes
                0x00000000000000fe       0x2d src/bsp/sysmem.o
 .ARM.attributes
                0x000000000000012b       0x2d src/bsp/system_stm32f1xx.o
 .ARM.attributes
                0x0000000000000158       0x21 src/bsp/startup/startup_stm32f103vetx.o
 .ARM.attributes
                0x0000000000000179       0x33 src/common/core/ili9341_setting/fonts/font12.o
 .ARM.attributes
                0x00000000000001ac       0x2d src/hw/driver/fsmc.o
 .ARM.attributes
                0x00000000000001d9       0x2d src/hw/driver/ili9341_lcd.o
 .ARM.attributes
                0x0000000000000206       0x2d src/hw/driver/led.o
 .ARM.attributes
                0x0000000000000233       0x2d src/hw/driver/menu.o
 .ARM.attributes
                0x0000000000000260       0x2d src/hw/driver/spi.o
 .ARM.attributes
                0x000000000000028d       0x2d src/hw/driver/xpt2046_touch.o
 .ARM.attributes
                0x00000000000002ba       0x2d src/hw/hw.o
 .ARM.attributes
                0x00000000000002e7       0x2d src/lib/cube_stm32f103vet6_fsmc_lcd/Drivers/STM32F1xx_HAL_Driver/Src/stm32f1xx_hal.o
 .ARM.attributes
                0x0000000000000314       0x2d src/lib/cube_stm32f103vet6_fsmc_lcd/Drivers/STM32F1xx_HAL_Driver/Src/stm32f1xx_hal_cortex.o
 .ARM.attributes
                0x0000000000000341       0x2d src/lib/cube_stm32f103vet6_fsmc_lcd/Drivers/STM32F1xx_HAL_Driver/Src/stm32f1xx_hal_gpio.o
 .ARM.attributes
                0x000000000000036e       0x2d src/lib/cube_stm32f103vet6_fsmc_lcd/Drivers/STM32F1xx_HAL_Driver/Src/stm32f1xx_hal_rcc.o
 .ARM.attributes
                0x000000000000039b       0x2d src/lib/cube_stm32f103vet6_fsmc_lcd/Drivers/STM32F1xx_HAL_Driver/Src/stm32f1xx_hal_spi.o
 .ARM.attributes
                0x00000000000003c8       0x2d src/lib/cube_stm32f103vet6_fsmc_lcd/Drivers/STM32F1xx_HAL_Driver/Src/stm32f1xx_hal_sram.o
 .ARM.attributes
                0x00000000000003f5       0x2d src/lib/cube_stm32f103vet6_fsmc_lcd/Drivers/STM32F1xx_HAL_Driver/Src/stm32f1xx_ll_fsmc.o
 .ARM.attributes
                0x0000000000000422       0x2d src/main.o
 .ARM.attributes
                0x000000000000044f       0x2d c:/st/stm32cubeide_1.6.0/stm32cubeide/plugins/com.st.stm32cube.ide.mcu.externaltools.gnu-tools-for-stm32.9-2020-q2-update.win32_1.5.0.202011040924/tools/bin/../lib/gcc/arm-none-eabi/9.3.1/../../../../arm-none-eabi/lib/thumb/v7-m/nofp\libc_nano.a(lib_a-errno.o)
 .ARM.attributes
                0x000000000000047c       0x2d c:/st/stm32cubeide_1.6.0/stm32cubeide/plugins/com.st.stm32cube.ide.mcu.externaltools.gnu-tools-for-stm32.9-2020-q2-update.win32_1.5.0.202011040924/tools/bin/../lib/gcc/arm-none-eabi/9.3.1/../../../../arm-none-eabi/lib/thumb/v7-m/nofp\libc_nano.a(lib_a-impure.o)
 .ARM.attributes
                0x00000000000004a9       0x2d c:/st/stm32cubeide_1.6.0/stm32cubeide/plugins/com.st.stm32cube.ide.mcu.externaltools.gnu-tools-for-stm32.9-2020-q2-update.win32_1.5.0.202011040924/tools/bin/../lib/gcc/arm-none-eabi/9.3.1/../../../../arm-none-eabi/lib/thumb/v7-m/nofp\libc_nano.a(lib_a-init.o)
 .ARM.attributes
                0x00000000000004d6       0x2d c:/st/stm32cubeide_1.6.0/stm32cubeide/plugins/com.st.stm32cube.ide.mcu.externaltools.gnu-tools-for-stm32.9-2020-q2-update.win32_1.5.0.202011040924/tools/bin/../lib/gcc/arm-none-eabi/9.3.1/../../../../arm-none-eabi/lib/thumb/v7-m/nofp\libc_nano.a(lib_a-memset.o)
 .ARM.attributes
                0x0000000000000503       0x2d c:/st/stm32cubeide_1.6.0/stm32cubeide/plugins/com.st.stm32cube.ide.mcu.externaltools.gnu-tools-for-stm32.9-2020-q2-update.win32_1.5.0.202011040924/tools/bin/../lib/gcc/arm-none-eabi/9.3.1/../../../../arm-none-eabi/lib/thumb/v7-m/nofp\libc_nano.a(lib_a-nano-freer.o)
 .ARM.attributes
                0x0000000000000530       0x2d c:/st/stm32cubeide_1.6.0/stm32cubeide/plugins/com.st.stm32cube.ide.mcu.externaltools.gnu-tools-for-stm32.9-2020-q2-update.win32_1.5.0.202011040924/tools/bin/../lib/gcc/arm-none-eabi/9.3.1/../../../../arm-none-eabi/lib/thumb/v7-m/nofp\libc_nano.a(lib_a-nano-mallocr.o)
 .ARM.attributes
                0x000000000000055d       0x2d c:/st/stm32cubeide_1.6.0/stm32cubeide/plugins/com.st.stm32cube.ide.mcu.externaltools.gnu-tools-for-stm32.9-2020-q2-update.win32_1.5.0.202011040924/tools/bin/../lib/gcc/arm-none-eabi/9.3.1/../../../../arm-none-eabi/lib/thumb/v7-m/nofp\libc_nano.a(lib_a-sbrkr.o)
 .ARM.attributes
                0x000000000000058a       0x2d c:/st/stm32cubeide_1.6.0/stm32cubeide/plugins/com.st.stm32cube.ide.mcu.externaltools.gnu-tools-for-stm32.9-2020-q2-update.win32_1.5.0.202011040924/tools/bin/../lib/gcc/arm-none-eabi/9.3.1/../../../../arm-none-eabi/lib/thumb/v7-m/nofp\libc_nano.a(lib_a-vsprintf.o)
 .ARM.attributes
                0x00000000000005b7       0x2d c:/st/stm32cubeide_1.6.0/stm32cubeide/plugins/com.st.stm32cube.ide.mcu.externaltools.gnu-tools-for-stm32.9-2020-q2-update.win32_1.5.0.202011040924/tools/bin/../lib/gcc/arm-none-eabi/9.3.1/../../../../arm-none-eabi/lib/thumb/v7-m/nofp\libc_nano.a(lib_a-mlock.o)
 .ARM.attributes
                0x00000000000005e4       0x2d c:/st/stm32cubeide_1.6.0/stm32cubeide/plugins/com.st.stm32cube.ide.mcu.externaltools.gnu-tools-for-stm32.9-2020-q2-update.win32_1.5.0.202011040924/tools/bin/../lib/gcc/arm-none-eabi/9.3.1/../../../../arm-none-eabi/lib/thumb/v7-m/nofp\libc_nano.a(lib_a-nano-svfprintf.o)
 .ARM.attributes
                0x0000000000000611       0x2d c:/st/stm32cubeide_1.6.0/stm32cubeide/plugins/com.st.stm32cube.ide.mcu.externaltools.gnu-tools-for-stm32.9-2020-q2-update.win32_1.5.0.202011040924/tools/bin/../lib/gcc/arm-none-eabi/9.3.1/../../../../arm-none-eabi/lib/thumb/v7-m/nofp\libc_nano.a(lib_a-nano-vfprintf_i.o)
 .ARM.attributes
                0x000000000000063e       0x2d c:/st/stm32cubeide_1.6.0/stm32cubeide/plugins/com.st.stm32cube.ide.mcu.externaltools.gnu-tools-for-stm32.9-2020-q2-update.win32_1.5.0.202011040924/tools/bin/../lib/gcc/arm-none-eabi/9.3.1/../../../../arm-none-eabi/lib/thumb/v7-m/nofp\libc_nano.a(lib_a-reent.o)
 .ARM.attributes
                0x000000000000066b       0x2d c:/st/stm32cubeide_1.6.0/stm32cubeide/plugins/com.st.stm32cube.ide.mcu.externaltools.gnu-tools-for-stm32.9-2020-q2-update.win32_1.5.0.202011040924/tools/bin/../lib/gcc/arm-none-eabi/9.3.1/../../../../arm-none-eabi/lib/thumb/v7-m/nofp\libc_nano.a(lib_a-lock.o)
 .ARM.attributes
                0x0000000000000698       0x2d c:/st/stm32cubeide_1.6.0/stm32cubeide/plugins/com.st.stm32cube.ide.mcu.externaltools.gnu-tools-for-stm32.9-2020-q2-update.win32_1.5.0.202011040924/tools/bin/../lib/gcc/arm-none-eabi/9.3.1/../../../../arm-none-eabi/lib/thumb/v7-m/nofp\libc_nano.a(lib_a-memchr-stub.o)
 .ARM.attributes
                0x00000000000006c5       0x2d c:/st/stm32cubeide_1.6.0/stm32cubeide/plugins/com.st.stm32cube.ide.mcu.externaltools.gnu-tools-for-stm32.9-2020-q2-update.win32_1.5.0.202011040924/tools/bin/../lib/gcc/arm-none-eabi/9.3.1/../../../../arm-none-eabi/lib/thumb/v7-m/nofp\libc_nano.a(lib_a-memcpy-stub.o)
 .ARM.attributes
                0x00000000000006f2       0x2d c:/st/stm32cubeide_1.6.0/stm32cubeide/plugins/com.st.stm32cube.ide.mcu.externaltools.gnu-tools-for-stm32.9-2020-q2-update.win32_1.5.0.202011040924/tools/bin/../lib/gcc/arm-none-eabi/9.3.1/../../../../arm-none-eabi/lib/thumb/v7-m/nofp\libc_nano.a(lib_a-memmove.o)
 .ARM.attributes
                0x000000000000071f       0x2d c:/st/stm32cubeide_1.6.0/stm32cubeide/plugins/com.st.stm32cube.ide.mcu.externaltools.gnu-tools-for-stm32.9-2020-q2-update.win32_1.5.0.202011040924/tools/bin/../lib/gcc/arm-none-eabi/9.3.1/../../../../arm-none-eabi/lib/thumb/v7-m/nofp\libc_nano.a(lib_a-nano-reallocr.o)
 .ARM.attributes
                0x000000000000074c       0x2d c:/st/stm32cubeide_1.6.0/stm32cubeide/plugins/com.st.stm32cube.ide.mcu.externaltools.gnu-tools-for-stm32.9-2020-q2-update.win32_1.5.0.202011040924/tools/bin/../lib/gcc/arm-none-eabi/9.3.1/../../../../arm-none-eabi/lib/thumb/v7-m/nofp\libc_nano.a(lib_a-nano-msizer.o)
 .ARM.attributes
                0x0000000000000779       0x1d c:/st/stm32cubeide_1.6.0/stm32cubeide/plugins/com.st.stm32cube.ide.mcu.externaltools.gnu-tools-for-stm32.9-2020-q2-update.win32_1.5.0.202011040924/tools/bin/../lib/gcc/arm-none-eabi/9.3.1/thumb/v7-m/nofp/crtn.o
OUTPUT(stm32f103vet6_fsmc_lcd_test.elf elf32-littlearm)
LOAD linker stubs
LOAD c:/st/stm32cubeide_1.6.0/stm32cubeide/plugins/com.st.stm32cube.ide.mcu.externaltools.gnu-tools-for-stm32.9-2020-q2-update.win32_1.5.0.202011040924/tools/bin/../lib/gcc/arm-none-eabi/9.3.1/../../../../arm-none-eabi/lib/thumb/v7-m/nofp\libc.a
LOAD c:/st/stm32cubeide_1.6.0/stm32cubeide/plugins/com.st.stm32cube.ide.mcu.externaltools.gnu-tools-for-stm32.9-2020-q2-update.win32_1.5.0.202011040924/tools/bin/../lib/gcc/arm-none-eabi/9.3.1/../../../../arm-none-eabi/lib/thumb/v7-m/nofp\libm.a
LOAD c:/st/stm32cubeide_1.6.0/stm32cubeide/plugins/com.st.stm32cube.ide.mcu.externaltools.gnu-tools-for-stm32.9-2020-q2-update.win32_1.5.0.202011040924/tools/bin/../lib/gcc/arm-none-eabi/9.3.1/thumb/v7-m/nofp\libgcc.a

.debug_info     0x0000000000000000    0x149a0
 .debug_info    0x0000000000000000     0x12f6 src/ap/ap.o
 .debug_info    0x00000000000012f6     0x1044 src/bsp/bsp.o
 .debug_info    0x000000000000233a     0x13b9 src/bsp/stm32f1xx_hal_msp.o
 .debug_info    0x00000000000036f3     0x12f1 src/bsp/stm32f1xx_it.o
 .debug_info    0x00000000000049e4      0xa25 src/bsp/sysmem.o
 .debug_info    0x0000000000005409      0x260 src/bsp/system_stm32f1xx.o
 .debug_info    0x0000000000005669       0x22 src/bsp/startup/startup_stm32f103vetx.o
 .debug_info    0x000000000000568b      0xa0c src/common/core/ili9341_setting/fonts/font12.o
 .debug_info    0x0000000000006097     0x11db src/hw/driver/fsmc.o
 .debug_info    0x0000000000007272     0x222f src/hw/driver/ili9341_lcd.o
 .debug_info    0x00000000000094a1      0xc69 src/hw/driver/led.o
 .debug_info    0x000000000000a10a      0xcb6 src/hw/driver/menu.o
 .debug_info    0x000000000000adc0     0x1153 src/hw/driver/spi.o
 .debug_info    0x000000000000bf13     0x134b src/hw/driver/xpt2046_touch.o
 .debug_info    0x000000000000d25e     0x124f src/hw/hw.o
 .debug_info    0x000000000000e4ad      0x7d0 src/lib/cube_stm32f103vet6_fsmc_lcd/Drivers/STM32F1xx_HAL_Driver/Src/stm32f1xx_hal.o
 .debug_info    0x000000000000ec7d      0xc42 src/lib/cube_stm32f103vet6_fsmc_lcd/Drivers/STM32F1xx_HAL_Driver/Src/stm32f1xx_hal_cortex.o
 .debug_info    0x000000000000f8bf      0x701 src/lib/cube_stm32f103vet6_fsmc_lcd/Drivers/STM32F1xx_HAL_Driver/Src/stm32f1xx_hal_gpio.o
 .debug_info    0x000000000000ffc0      0x88e src/lib/cube_stm32f103vet6_fsmc_lcd/Drivers/STM32F1xx_HAL_Driver/Src/stm32f1xx_hal_rcc.o
 .debug_info    0x000000000001084e     0x16cd src/lib/cube_stm32f103vet6_fsmc_lcd/Drivers/STM32F1xx_HAL_Driver/Src/stm32f1xx_hal_spi.o
 .debug_info    0x0000000000011f1b      0xd4b src/lib/cube_stm32f103vet6_fsmc_lcd/Drivers/STM32F1xx_HAL_Driver/Src/stm32f1xx_hal_sram.o
 .debug_info    0x0000000000012c66      0xae7 src/lib/cube_stm32f103vet6_fsmc_lcd/Drivers/STM32F1xx_HAL_Driver/Src/stm32f1xx_ll_fsmc.o
 .debug_info    0x000000000001374d     0x1253 src/main.o

.debug_abbrev   0x0000000000000000     0x300f
 .debug_abbrev  0x0000000000000000      0x25c src/ap/ap.o
 .debug_abbrev  0x000000000000025c      0x261 src/bsp/bsp.o
 .debug_abbrev  0x00000000000004bd      0x20d src/bsp/stm32f1xx_hal_msp.o
 .debug_abbrev  0x00000000000006ca      0x202 src/bsp/stm32f1xx_it.o
 .debug_abbrev  0x00000000000008cc      0x1bf src/bsp/sysmem.o
 .debug_abbrev  0x0000000000000a8b      0x14e src/bsp/system_stm32f1xx.o
 .debug_abbrev  0x0000000000000bd9       0x12 src/bsp/startup/startup_stm32f103vetx.o
 .debug_abbrev  0x0000000000000beb      0x1a1 src/common/core/ili9341_setting/fonts/font12.o
 .debug_abbrev  0x0000000000000d8c      0x24e src/hw/driver/fsmc.o
 .debug_abbrev  0x0000000000000fda      0x3de src/hw/driver/ili9341_lcd.o
 .debug_abbrev  0x00000000000013b8      0x235 src/hw/driver/led.o
 .debug_abbrev  0x00000000000015ed      0x254 src/hw/driver/menu.o
 .debug_abbrev  0x0000000000001841      0x227 src/hw/driver/spi.o
 .debug_abbrev  0x0000000000001a68      0x26c src/hw/driver/xpt2046_touch.o
 .debug_abbrev  0x0000000000001cd4      0x1e8 src/hw/hw.o
 .debug_abbrev  0x0000000000001ebc      0x1ed src/lib/cube_stm32f103vet6_fsmc_lcd/Drivers/STM32F1xx_HAL_Driver/Src/stm32f1xx_hal.o
 .debug_abbrev  0x00000000000020a9      0x313 src/lib/cube_stm32f103vet6_fsmc_lcd/Drivers/STM32F1xx_HAL_Driver/Src/stm32f1xx_hal_cortex.o
 .debug_abbrev  0x00000000000023bc      0x1e8 src/lib/cube_stm32f103vet6_fsmc_lcd/Drivers/STM32F1xx_HAL_Driver/Src/stm32f1xx_hal_gpio.o
 .debug_abbrev  0x00000000000025a4      0x273 src/lib/cube_stm32f103vet6_fsmc_lcd/Drivers/STM32F1xx_HAL_Driver/Src/stm32f1xx_hal_rcc.o
 .debug_abbrev  0x0000000000002817      0x26e src/lib/cube_stm32f103vet6_fsmc_lcd/Drivers/STM32F1xx_HAL_Driver/Src/stm32f1xx_hal_spi.o
 .debug_abbrev  0x0000000000002a85      0x1f2 src/lib/cube_stm32f103vet6_fsmc_lcd/Drivers/STM32F1xx_HAL_Driver/Src/stm32f1xx_hal_sram.o
 .debug_abbrev  0x0000000000002c77      0x1ae src/lib/cube_stm32f103vet6_fsmc_lcd/Drivers/STM32F1xx_HAL_Driver/Src/stm32f1xx_ll_fsmc.o
 .debug_abbrev  0x0000000000002e25      0x1ea src/main.o

.debug_aranges  0x0000000000000000      0xa80
 .debug_aranges
                0x0000000000000000       0x30 src/ap/ap.o
 .debug_aranges
                0x0000000000000030       0x48 src/bsp/bsp.o
 .debug_aranges
                0x0000000000000078       0x20 src/bsp/stm32f1xx_hal_msp.o
 .debug_aranges
                0x0000000000000098       0x68 src/bsp/stm32f1xx_it.o
 .debug_aranges
                0x0000000000000100       0x20 src/bsp/sysmem.o
 .debug_aranges
                0x0000000000000120       0x28 src/bsp/system_stm32f1xx.o
 .debug_aranges
                0x0000000000000148       0x28 src/bsp/startup/startup_stm32f103vetx.o
 .debug_aranges
                0x0000000000000170       0x18 src/common/core/ili9341_setting/fonts/font12.o
 .debug_aranges
                0x0000000000000188       0x40 src/hw/driver/fsmc.o
 .debug_aranges
                0x00000000000001c8      0x1a0 src/hw/driver/ili9341_lcd.o
 .debug_aranges
                0x0000000000000368       0x38 src/hw/driver/led.o
 .debug_aranges
                0x00000000000003a0       0x30 src/hw/driver/menu.o
 .debug_aranges
                0x00000000000003d0       0x30 src/hw/driver/spi.o
 .debug_aranges
                0x0000000000000400       0x48 src/hw/driver/xpt2046_touch.o
 .debug_aranges
                0x0000000000000448       0x20 src/hw/hw.o
 .debug_aranges
                0x0000000000000468       0xe0 src/lib/cube_stm32f103vet6_fsmc_lcd/Drivers/STM32F1xx_HAL_Driver/Src/stm32f1xx_hal.o
 .debug_aranges
                0x0000000000000548      0x100 src/lib/cube_stm32f103vet6_fsmc_lcd/Drivers/STM32F1xx_HAL_Driver/Src/stm32f1xx_hal_cortex.o
 .debug_aranges
                0x0000000000000648       0x58 src/lib/cube_stm32f103vet6_fsmc_lcd/Drivers/STM32F1xx_HAL_Driver/Src/stm32f1xx_hal_gpio.o
 .debug_aranges
                0x00000000000006a0       0x90 src/lib/cube_stm32f103vet6_fsmc_lcd/Drivers/STM32F1xx_HAL_Driver/Src/stm32f1xx_hal_rcc.o
 .debug_aranges
                0x0000000000000730      0x1d0 src/lib/cube_stm32f103vet6_fsmc_lcd/Drivers/STM32F1xx_HAL_Driver/Src/stm32f1xx_hal_spi.o
 .debug_aranges
                0x0000000000000900       0xb8 src/lib/cube_stm32f103vet6_fsmc_lcd/Drivers/STM32F1xx_HAL_Driver/Src/stm32f1xx_hal_sram.o
 .debug_aranges
                0x00000000000009b8       0xa8 src/lib/cube_stm32f103vet6_fsmc_lcd/Drivers/STM32F1xx_HAL_Driver/Src/stm32f1xx_ll_fsmc.o
 .debug_aranges
                0x0000000000000a60       0x20 src/main.o

.debug_ranges   0x0000000000000000      0x928
 .debug_ranges  0x0000000000000000       0x20 src/ap/ap.o
 .debug_ranges  0x0000000000000020       0x38 src/bsp/bsp.o
 .debug_ranges  0x0000000000000058       0x10 src/bsp/stm32f1xx_hal_msp.o
 .debug_ranges  0x0000000000000068       0x58 src/bsp/stm32f1xx_it.o
 .debug_ranges  0x00000000000000c0       0x10 src/bsp/sysmem.o
 .debug_ranges  0x00000000000000d0       0x18 src/bsp/system_stm32f1xx.o
 .debug_ranges  0x00000000000000e8       0x20 src/bsp/startup/startup_stm32f103vetx.o
 .debug_ranges  0x0000000000000108       0x30 src/hw/driver/fsmc.o
 .debug_ranges  0x0000000000000138      0x190 src/hw/driver/ili9341_lcd.o
 .debug_ranges  0x00000000000002c8       0x28 src/hw/driver/led.o
 .debug_ranges  0x00000000000002f0       0x20 src/hw/driver/menu.o
 .debug_ranges  0x0000000000000310       0x20 src/hw/driver/spi.o
 .debug_ranges  0x0000000000000330       0x50 src/hw/driver/xpt2046_touch.o
 .debug_ranges  0x0000000000000380       0x10 src/hw/hw.o
 .debug_ranges  0x0000000000000390       0xd0 src/lib/cube_stm32f103vet6_fsmc_lcd/Drivers/STM32F1xx_HAL_Driver/Src/stm32f1xx_hal.o
 .debug_ranges  0x0000000000000460       0xf0 src/lib/cube_stm32f103vet6_fsmc_lcd/Drivers/STM32F1xx_HAL_Driver/Src/stm32f1xx_hal_cortex.o
 .debug_ranges  0x0000000000000550       0x48 src/lib/cube_stm32f103vet6_fsmc_lcd/Drivers/STM32F1xx_HAL_Driver/Src/stm32f1xx_hal_gpio.o
 .debug_ranges  0x0000000000000598       0x80 src/lib/cube_stm32f103vet6_fsmc_lcd/Drivers/STM32F1xx_HAL_Driver/Src/stm32f1xx_hal_rcc.o
 .debug_ranges  0x0000000000000618      0x1c0 src/lib/cube_stm32f103vet6_fsmc_lcd/Drivers/STM32F1xx_HAL_Driver/Src/stm32f1xx_hal_spi.o
 .debug_ranges  0x00000000000007d8       0xa8 src/lib/cube_stm32f103vet6_fsmc_lcd/Drivers/STM32F1xx_HAL_Driver/Src/stm32f1xx_hal_sram.o
 .debug_ranges  0x0000000000000880       0x98 src/lib/cube_stm32f103vet6_fsmc_lcd/Drivers/STM32F1xx_HAL_Driver/Src/stm32f1xx_ll_fsmc.o
 .debug_ranges  0x0000000000000918       0x10 src/main.o

.debug_macro    0x0000000000000000    0x1c50f
 .debug_macro   0x0000000000000000      0x432 src/ap/ap.o
 .debug_macro   0x0000000000000432      0xa90 src/ap/ap.o
 .debug_macro   0x0000000000000ec2       0x22 src/ap/ap.o
 .debug_macro   0x0000000000000ee4       0x4c src/ap/ap.o
 .debug_macro   0x0000000000000f30       0x18 src/ap/ap.o
 .debug_macro   0x0000000000000f48       0x94 src/ap/ap.o
 .debug_macro   0x0000000000000fdc       0x3c src/ap/ap.o
 .debug_macro   0x0000000000001018       0x34 src/ap/ap.o
 .debug_macro   0x000000000000104c       0x16 src/ap/ap.o
 .debug_macro   0x0000000000001062       0x57 src/ap/ap.o
 .debug_macro   0x00000000000010b9       0x97 src/ap/ap.o
 .debug_macro   0x0000000000001150      0x339 src/ap/ap.o
 .debug_macro   0x0000000000001489       0xfd src/ap/ap.o
 .debug_macro   0x0000000000001586       0x10 src/ap/ap.o
 .debug_macro   0x0000000000001596       0x16 src/ap/ap.o
 .debug_macro   0x00000000000015ac       0x43 src/ap/ap.o
 .debug_macro   0x00000000000015ef       0x34 src/ap/ap.o
 .debug_macro   0x0000000000001623       0x10 src/ap/ap.o
 .debug_macro   0x0000000000001633       0x58 src/ap/ap.o
 .debug_macro   0x000000000000168b       0x71 src/ap/ap.o
 .debug_macro   0x00000000000016fc       0x1c src/ap/ap.o
 .debug_macro   0x0000000000001718      0x12a src/ap/ap.o
 .debug_macro   0x0000000000001842       0x10 src/ap/ap.o
 .debug_macro   0x0000000000001852       0x6a src/ap/ap.o
 .debug_macro   0x00000000000018bc       0x1c src/ap/ap.o
 .debug_macro   0x00000000000018d8       0x52 src/ap/ap.o
 .debug_macro   0x000000000000192a       0x22 src/ap/ap.o
 .debug_macro   0x000000000000194c       0x10 src/ap/ap.o
 .debug_macro   0x000000000000195c       0x40 src/ap/ap.o
 .debug_macro   0x000000000000199c       0xd5 src/ap/ap.o
 .debug_macro   0x0000000000001a71       0x1c src/ap/ap.o
 .debug_macro   0x0000000000001a8d       0x3d src/ap/ap.o
 .debug_macro   0x0000000000001aca       0x16 src/ap/ap.o
 .debug_macro   0x0000000000001ae0      0x145 src/ap/ap.o
 .debug_macro   0x0000000000001c25       0x16 src/ap/ap.o
 .debug_macro   0x0000000000001c3b       0x35 src/ap/ap.o
 .debug_macro   0x0000000000001c70       0x20 src/ap/ap.o
 .debug_macro   0x0000000000001c90      0x103 src/ap/ap.o
 .debug_macro   0x0000000000001d93      0x1df src/ap/ap.o
 .debug_macro   0x0000000000001f72       0x22 src/ap/ap.o
 .debug_macro   0x0000000000001f94       0x4c src/ap/ap.o
 .debug_macro   0x0000000000001fe0       0x16 src/ap/ap.o
 .debug_macro   0x0000000000001ff6       0x16 src/ap/ap.o
 .debug_macro   0x000000000000200c       0x29 src/ap/ap.o
 .debug_macro   0x0000000000002035       0x46 src/ap/ap.o
 .debug_macro   0x000000000000207b      0x21b src/ap/ap.o
 .debug_macro   0x0000000000002296       0x2e src/ap/ap.o
 .debug_macro   0x00000000000022c4       0x22 src/ap/ap.o
 .debug_macro   0x00000000000022e6       0x1c src/ap/ap.o
 .debug_macro   0x0000000000002302       0x22 src/ap/ap.o
 .debug_macro   0x0000000000002324       0xbd src/ap/ap.o
 .debug_macro   0x00000000000023e1      0xd23 src/ap/ap.o
 .debug_macro   0x0000000000003104     0xfd8c src/ap/ap.o
 .debug_macro   0x0000000000012e90       0x6d src/ap/ap.o
 .debug_macro   0x0000000000012efd     0x3468 src/ap/ap.o
 .debug_macro   0x0000000000016365       0x56 src/ap/ap.o
 .debug_macro   0x00000000000163bb      0x5be src/ap/ap.o
 .debug_macro   0x0000000000016979      0x4d5 src/ap/ap.o
 .debug_macro   0x0000000000016e4e      0x1cb src/ap/ap.o
 .debug_macro   0x0000000000017019      0x114 src/ap/ap.o
 .debug_macro   0x000000000001712d      0x1ea src/ap/ap.o
 .debug_macro   0x0000000000017317       0x27 src/ap/ap.o
 .debug_macro   0x000000000001733e      0x144 src/ap/ap.o
 .debug_macro   0x0000000000017482      0x1bc src/ap/ap.o
 .debug_macro   0x000000000001763e       0x30 src/ap/ap.o
 .debug_macro   0x000000000001766e       0x3c src/ap/ap.o
 .debug_macro   0x00000000000176aa       0x57 src/ap/ap.o
 .debug_macro   0x0000000000017701       0x88 src/ap/ap.o
 .debug_macro   0x0000000000017789      0x24f src/ap/ap.o
 .debug_macro   0x00000000000179d8      0x356 src/ap/ap.o
 .debug_macro   0x0000000000017d2e      0x141 src/ap/ap.o
 .debug_macro   0x0000000000017e6f      0x217 src/ap/ap.o
 .debug_macro   0x0000000000018086       0xb5 src/ap/ap.o
 .debug_macro   0x000000000001813b       0x34 src/ap/ap.o
 .debug_macro   0x000000000001816f      0x136 src/ap/ap.o
 .debug_macro   0x00000000000182a5      0x1fc src/ap/ap.o
 .debug_macro   0x00000000000184a1       0x10 src/ap/ap.o
 .debug_macro   0x00000000000184b1       0x16 src/ap/ap.o
 .debug_macro   0x00000000000184c7       0x4c src/ap/ap.o
 .debug_macro   0x0000000000018513       0x4c src/ap/ap.o
 .debug_macro   0x000000000001855f       0x10 src/ap/ap.o
 .debug_macro   0x000000000001856f       0x10 src/ap/ap.o
 .debug_macro   0x000000000001857f      0x38f src/bsp/bsp.o
 .debug_macro   0x000000000001890e      0x42d src/bsp/stm32f1xx_hal_msp.o
 .debug_macro   0x0000000000018d3b      0x437 src/bsp/stm32f1xx_it.o
 .debug_macro   0x0000000000019172       0xff src/bsp/sysmem.o
 .debug_macro   0x0000000000019271      0x23b src/bsp/sysmem.o
 .debug_macro   0x00000000000194ac       0xc8 src/bsp/system_stm32f1xx.o
 .debug_macro   0x0000000000019574       0x8e src/bsp/system_stm32f1xx.o
 .debug_macro   0x0000000000019602       0x51 src/bsp/system_stm32f1xx.o
 .debug_macro   0x0000000000019653       0xc3 src/bsp/system_stm32f1xx.o
 .debug_macro   0x0000000000019716      0x256 src/common/core/ili9341_setting/fonts/font12.o
 .debug_macro   0x000000000001996c      0x3a8 src/hw/driver/fsmc.o
 .debug_macro   0x0000000000019d14      0x3db src/hw/driver/ili9341_lcd.o
 .debug_macro   0x000000000001a0ef      0x3ae src/hw/driver/led.o
 .debug_macro   0x000000000001a49d      0x3e1 src/hw/driver/menu.o
 .debug_macro   0x000000000001a87e      0x3a8 src/hw/driver/spi.o
 .debug_macro   0x000000000001ac26      0x3f0 src/hw/driver/xpt2046_touch.o
 .debug_macro   0x000000000001b016      0x419 src/hw/hw.o
 .debug_macro   0x000000000001b42f      0x1c7 src/lib/cube_stm32f103vet6_fsmc_lcd/Drivers/STM32F1xx_HAL_Driver/Src/stm32f1xx_hal.o
 .debug_macro   0x000000000001b5f6       0x5c src/lib/cube_stm32f103vet6_fsmc_lcd/Drivers/STM32F1xx_HAL_Driver/Src/stm32f1xx_hal.o
 .debug_macro   0x000000000001b652      0x1a3 src/lib/cube_stm32f103vet6_fsmc_lcd/Drivers/STM32F1xx_HAL_Driver/Src/stm32f1xx_hal_cortex.o
 .debug_macro   0x000000000001b7f5      0x20e src/lib/cube_stm32f103vet6_fsmc_lcd/Drivers/STM32F1xx_HAL_Driver/Src/stm32f1xx_hal_gpio.o
 .debug_macro   0x000000000001ba03      0x1b5 src/lib/cube_stm32f103vet6_fsmc_lcd/Drivers/STM32F1xx_HAL_Driver/Src/stm32f1xx_hal_rcc.o
 .debug_macro   0x000000000001bbb8      0x1ab src/lib/cube_stm32f103vet6_fsmc_lcd/Drivers/STM32F1xx_HAL_Driver/Src/stm32f1xx_hal_spi.o
 .debug_macro   0x000000000001bd63      0x1a3 src/lib/cube_stm32f103vet6_fsmc_lcd/Drivers/STM32F1xx_HAL_Driver/Src/stm32f1xx_hal_sram.o
 .debug_macro   0x000000000001bf06      0x1dc src/lib/cube_stm32f103vet6_fsmc_lcd/Drivers/STM32F1xx_HAL_Driver/Src/stm32f1xx_ll_fsmc.o
 .debug_macro   0x000000000001c0e2      0x42d src/main.o

.debug_line     0x0000000000000000    0x12c0b
 .debug_line    0x0000000000000000      0xd9a src/ap/ap.o
 .debug_line    0x0000000000000d9a      0xc1c src/bsp/bsp.o
 .debug_line    0x00000000000019b6      0xddd src/bsp/stm32f1xx_hal_msp.o
 .debug_line    0x0000000000002793      0xeb6 src/bsp/stm32f1xx_it.o
 .debug_line    0x0000000000003649      0x4f7 src/bsp/sysmem.o
 .debug_line    0x0000000000003b40      0x5b3 src/bsp/system_stm32f1xx.o
 .debug_line    0x00000000000040f3       0x87 src/bsp/startup/startup_stm32f103vetx.o
 .debug_line    0x000000000000417a      0x649 src/common/core/ili9341_setting/fonts/font12.o
 .debug_line    0x00000000000047c3      0xcab src/hw/driver/fsmc.o
 .debug_line    0x000000000000546e     0x1aae src/hw/driver/ili9341_lcd.o
 .debug_line    0x0000000000006f1c      0xc5a src/hw/driver/led.o
 .debug_line    0x0000000000007b76      0xe4f src/hw/driver/menu.o
 .debug_line    0x00000000000089c5      0xc3e src/hw/driver/spi.o
 .debug_line    0x0000000000009603      0xfd4 src/hw/driver/xpt2046_touch.o
 .debug_line    0x000000000000a5d7      0xd2a src/hw/hw.o
 .debug_line    0x000000000000b301      0xb36 src/lib/cube_stm32f103vet6_fsmc_lcd/Drivers/STM32F1xx_HAL_Driver/Src/stm32f1xx_hal.o
 .debug_line    0x000000000000be37      0xd1e src/lib/cube_stm32f103vet6_fsmc_lcd/Drivers/STM32F1xx_HAL_Driver/Src/stm32f1xx_hal_cortex.o
 .debug_line    0x000000000000cb55      0xbf5 src/lib/cube_stm32f103vet6_fsmc_lcd/Drivers/STM32F1xx_HAL_Driver/Src/stm32f1xx_hal_gpio.o
 .debug_line    0x000000000000d74a      0xf44 src/lib/cube_stm32f103vet6_fsmc_lcd/Drivers/STM32F1xx_HAL_Driver/Src/stm32f1xx_hal_rcc.o
 .debug_line    0x000000000000e68e     0x1dbb src/lib/cube_stm32f103vet6_fsmc_lcd/Drivers/STM32F1xx_HAL_Driver/Src/stm32f1xx_hal_spi.o
 .debug_line    0x0000000000010449      0xea9 src/lib/cube_stm32f103vet6_fsmc_lcd/Drivers/STM32F1xx_HAL_Driver/Src/stm32f1xx_hal_sram.o
 .debug_line    0x00000000000112f2      0xb94 src/lib/cube_stm32f103vet6_fsmc_lcd/Drivers/STM32F1xx_HAL_Driver/Src/stm32f1xx_ll_fsmc.o
 .debug_line    0x0000000000011e86      0xd85 src/main.o

.debug_str      0x0000000000000000    0x95403
 .debug_str     0x0000000000000000    0x92297 src/ap/ap.o
                                      0x9280f (size before relaxing)
 .debug_str     0x0000000000092297      0x50a src/bsp/bsp.o
                                      0x910dd (size before relaxing)
 .debug_str     0x00000000000927a1       0x66 src/bsp/stm32f1xx_hal_msp.o
                                      0x9280b (size before relaxing)
 .debug_str     0x0000000000092807       0xcf src/bsp/stm32f1xx_it.o
                                      0x9283b (size before relaxing)
 .debug_str     0x00000000000928d6      0x4e8 src/bsp/sysmem.o
                                       0x6257 (size before relaxing)
 .debug_str     0x0000000000092dbe       0x66 src/bsp/system_stm32f1xx.o
                                      0x5ff91 (size before relaxing)
 .debug_str     0x0000000000092e24       0x39 src/bsp/startup/startup_stm32f103vetx.o
                                         0x88 (size before relaxing)
 .debug_str     0x0000000000092e5d       0x3f src/common/core/ili9341_setting/fonts/font12.o
                                       0x8511 (size before relaxing)
 .debug_str     0x0000000000092e9c      0x114 src/hw/driver/fsmc.o
                                      0x91124 (size before relaxing)
 .debug_str     0x0000000000092fb0      0x644 src/hw/driver/ili9341_lcd.o
                                      0x92a3b (size before relaxing)
 .debug_str     0x00000000000935f4       0x6e src/hw/driver/led.o
                                      0x90ca1 (size before relaxing)
 .debug_str     0x0000000000093662       0x87 src/hw/driver/menu.o
                                      0x920c8 (size before relaxing)
 .debug_str     0x00000000000936e9       0x50 src/hw/driver/spi.o
                                      0x91055 (size before relaxing)
 .debug_str     0x0000000000093739      0x137 src/hw/driver/xpt2046_touch.o
                                      0x926e7 (size before relaxing)
 .debug_str     0x0000000000093870       0x16 src/hw/hw.o
                                      0x92767 (size before relaxing)
 .debug_str     0x0000000000093886      0x31e src/lib/cube_stm32f103vet6_fsmc_lcd/Drivers/STM32F1xx_HAL_Driver/Src/stm32f1xx_hal.o
                                      0x8ceb0 (size before relaxing)
 .debug_str     0x0000000000093ba4      0x324 src/lib/cube_stm32f103vet6_fsmc_lcd/Drivers/STM32F1xx_HAL_Driver/Src/stm32f1xx_hal_cortex.o
                                      0x8ceb8 (size before relaxing)
 .debug_str     0x0000000000093ec8      0x315 src/lib/cube_stm32f103vet6_fsmc_lcd/Drivers/STM32F1xx_HAL_Driver/Src/stm32f1xx_hal_gpio.o
                                      0x8caff (size before relaxing)
 .debug_str     0x00000000000941dd      0x273 src/lib/cube_stm32f103vet6_fsmc_lcd/Drivers/STM32F1xx_HAL_Driver/Src/stm32f1xx_hal_rcc.o
                                      0x8cb38 (size before relaxing)
 .debug_str     0x0000000000094450      0x56c src/lib/cube_stm32f103vet6_fsmc_lcd/Drivers/STM32F1xx_HAL_Driver/Src/stm32f1xx_hal_spi.o
                                      0x8d04d (size before relaxing)
 .debug_str     0x00000000000949bc      0x221 src/lib/cube_stm32f103vet6_fsmc_lcd/Drivers/STM32F1xx_HAL_Driver/Src/stm32f1xx_hal_sram.o
                                      0x8cd31 (size before relaxing)
 .debug_str     0x0000000000094bdd      0x813 src/lib/cube_stm32f103vet6_fsmc_lcd/Drivers/STM32F1xx_HAL_Driver/Src/stm32f1xx_ll_fsmc.o
                                      0x8d0d2 (size before relaxing)
 .debug_str     0x00000000000953f0       0x13 src/main.o
                                      0x9277f (size before relaxing)

.comment        0x0000000000000000       0x53
 .comment       0x0000000000000000       0x53 src/ap/ap.o
                                         0x54 (size before relaxing)
 .comment       0x0000000000000053       0x54 src/bsp/bsp.o
 .comment       0x0000000000000053       0x54 src/bsp/stm32f1xx_hal_msp.o
 .comment       0x0000000000000053       0x54 src/bsp/stm32f1xx_it.o
 .comment       0x0000000000000053       0x54 src/bsp/sysmem.o
 .comment       0x0000000000000053       0x54 src/bsp/system_stm32f1xx.o
 .comment       0x0000000000000053       0x54 src/common/core/ili9341_setting/fonts/font12.o
 .comment       0x0000000000000053       0x54 src/hw/driver/fsmc.o
 .comment       0x0000000000000053       0x54 src/hw/driver/ili9341_lcd.o
 .comment       0x0000000000000053       0x54 src/hw/driver/led.o
 .comment       0x0000000000000053       0x54 src/hw/driver/menu.o
 .comment       0x0000000000000053       0x54 src/hw/driver/spi.o
 .comment       0x0000000000000053       0x54 src/hw/driver/xpt2046_touch.o
 .comment       0x0000000000000053       0x54 src/hw/hw.o
 .comment       0x0000000000000053       0x54 src/lib/cube_stm32f103vet6_fsmc_lcd/Drivers/STM32F1xx_HAL_Driver/Src/stm32f1xx_hal.o
 .comment       0x0000000000000053       0x54 src/lib/cube_stm32f103vet6_fsmc_lcd/Drivers/STM32F1xx_HAL_Driver/Src/stm32f1xx_hal_cortex.o
 .comment       0x0000000000000053       0x54 src/lib/cube_stm32f103vet6_fsmc_lcd/Drivers/STM32F1xx_HAL_Driver/Src/stm32f1xx_hal_gpio.o
 .comment       0x0000000000000053       0x54 src/lib/cube_stm32f103vet6_fsmc_lcd/Drivers/STM32F1xx_HAL_Driver/Src/stm32f1xx_hal_rcc.o
 .comment       0x0000000000000053       0x54 src/lib/cube_stm32f103vet6_fsmc_lcd/Drivers/STM32F1xx_HAL_Driver/Src/stm32f1xx_hal_spi.o
 .comment       0x0000000000000053       0x54 src/lib/cube_stm32f103vet6_fsmc_lcd/Drivers/STM32F1xx_HAL_Driver/Src/stm32f1xx_hal_sram.o
 .comment       0x0000000000000053       0x54 src/lib/cube_stm32f103vet6_fsmc_lcd/Drivers/STM32F1xx_HAL_Driver/Src/stm32f1xx_ll_fsmc.o
 .comment       0x0000000000000053       0x54 src/main.o

.debug_frame    0x0000000000000000     0x2ac4
 .debug_frame   0x0000000000000000       0x70 src/ap/ap.o
 .debug_frame   0x0000000000000070       0xd8 src/bsp/bsp.o
 .debug_frame   0x0000000000000148       0x38 src/bsp/stm32f1xx_hal_msp.o
 .debug_frame   0x0000000000000180      0x120 src/bsp/stm32f1xx_it.o
 .debug_frame   0x00000000000002a0       0x34 src/bsp/sysmem.o
 .debug_frame   0x00000000000002d4       0x58 src/bsp/system_stm32f1xx.o
 .debug_frame   0x000000000000032c       0xbc src/hw/driver/fsmc.o
 .debug_frame   0x00000000000003e8      0x710 src/hw/driver/ili9341_lcd.o
 .debug_frame   0x0000000000000af8       0xa0 src/hw/driver/led.o
 .debug_frame   0x0000000000000b98       0x84 src/hw/driver/menu.o
 .debug_frame   0x0000000000000c1c       0x74 src/hw/driver/spi.o
 .debug_frame   0x0000000000000c90       0xd0 src/hw/driver/xpt2046_touch.o
 .debug_frame   0x0000000000000d60       0x2c src/hw/hw.o
 .debug_frame   0x0000000000000d8c      0x334 src/lib/cube_stm32f103vet6_fsmc_lcd/Drivers/STM32F1xx_HAL_Driver/Src/stm32f1xx_hal.o
 .debug_frame   0x00000000000010c0      0x428 src/lib/cube_stm32f103vet6_fsmc_lcd/Drivers/STM32F1xx_HAL_Driver/Src/stm32f1xx_hal_cortex.o
 .debug_frame   0x00000000000014e8      0x14c src/lib/cube_stm32f103vet6_fsmc_lcd/Drivers/STM32F1xx_HAL_Driver/Src/stm32f1xx_hal_gpio.o
 .debug_frame   0x0000000000001634      0x21c src/lib/cube_stm32f103vet6_fsmc_lcd/Drivers/STM32F1xx_HAL_Driver/Src/stm32f1xx_hal_rcc.o
 .debug_frame   0x0000000000001850      0x824 src/lib/cube_stm32f103vet6_fsmc_lcd/Drivers/STM32F1xx_HAL_Driver/Src/stm32f1xx_hal_spi.o
 .debug_frame   0x0000000000002074      0x30c src/lib/cube_stm32f103vet6_fsmc_lcd/Drivers/STM32F1xx_HAL_Driver/Src/stm32f1xx_hal_sram.o
 .debug_frame   0x0000000000002380      0x2dc src/lib/cube_stm32f103vet6_fsmc_lcd/Drivers/STM32F1xx_HAL_Driver/Src/stm32f1xx_ll_fsmc.o
 .debug_frame   0x000000000000265c       0x2c src/main.o
 .debug_frame   0x0000000000002688       0x20 c:/st/stm32cubeide_1.6.0/stm32cubeide/plugins/com.st.stm32cube.ide.mcu.externaltools.gnu-tools-for-stm32.9-2020-q2-update.win32_1.5.0.202011040924/tools/bin/../lib/gcc/arm-none-eabi/9.3.1/../../../../arm-none-eabi/lib/thumb/v7-m/nofp\libc_nano.a(lib_a-errno.o)
 .debug_frame   0x00000000000026a8       0x2c c:/st/stm32cubeide_1.6.0/stm32cubeide/plugins/com.st.stm32cube.ide.mcu.externaltools.gnu-tools-for-stm32.9-2020-q2-update.win32_1.5.0.202011040924/tools/bin/../lib/gcc/arm-none-eabi/9.3.1/../../../../arm-none-eabi/lib/thumb/v7-m/nofp\libc_nano.a(lib_a-init.o)
 .debug_frame   0x00000000000026d4       0x20 c:/st/stm32cubeide_1.6.0/stm32cubeide/plugins/com.st.stm32cube.ide.mcu.externaltools.gnu-tools-for-stm32.9-2020-q2-update.win32_1.5.0.202011040924/tools/bin/../lib/gcc/arm-none-eabi/9.3.1/../../../../arm-none-eabi/lib/thumb/v7-m/nofp\libc_nano.a(lib_a-memset.o)
 .debug_frame   0x00000000000026f4       0x38 c:/st/stm32cubeide_1.6.0/stm32cubeide/plugins/com.st.stm32cube.ide.mcu.externaltools.gnu-tools-for-stm32.9-2020-q2-update.win32_1.5.0.202011040924/tools/bin/../lib/gcc/arm-none-eabi/9.3.1/../../../../arm-none-eabi/lib/thumb/v7-m/nofp\libc_nano.a(lib_a-nano-freer.o)
 .debug_frame   0x000000000000272c       0x30 c:/st/stm32cubeide_1.6.0/stm32cubeide/plugins/com.st.stm32cube.ide.mcu.externaltools.gnu-tools-for-stm32.9-2020-q2-update.win32_1.5.0.202011040924/tools/bin/../lib/gcc/arm-none-eabi/9.3.1/../../../../arm-none-eabi/lib/thumb/v7-m/nofp\libc_nano.a(lib_a-nano-mallocr.o)
 .debug_frame   0x000000000000275c       0x2c c:/st/stm32cubeide_1.6.0/stm32cubeide/plugins/com.st.stm32cube.ide.mcu.externaltools.gnu-tools-for-stm32.9-2020-q2-update.win32_1.5.0.202011040924/tools/bin/../lib/gcc/arm-none-eabi/9.3.1/../../../../arm-none-eabi/lib/thumb/v7-m/nofp\libc_nano.a(lib_a-sbrkr.o)
 .debug_frame   0x0000000000002788       0x3c c:/st/stm32cubeide_1.6.0/stm32cubeide/plugins/com.st.stm32cube.ide.mcu.externaltools.gnu-tools-for-stm32.9-2020-q2-update.win32_1.5.0.202011040924/tools/bin/../lib/gcc/arm-none-eabi/9.3.1/../../../../arm-none-eabi/lib/thumb/v7-m/nofp\libc_nano.a(lib_a-vsprintf.o)
 .debug_frame   0x00000000000027c4       0x30 c:/st/stm32cubeide_1.6.0/stm32cubeide/plugins/com.st.stm32cube.ide.mcu.externaltools.gnu-tools-for-stm32.9-2020-q2-update.win32_1.5.0.202011040924/tools/bin/../lib/gcc/arm-none-eabi/9.3.1/../../../../arm-none-eabi/lib/thumb/v7-m/nofp\libc_nano.a(lib_a-mlock.o)
 .debug_frame   0x00000000000027f4       0x90 c:/st/stm32cubeide_1.6.0/stm32cubeide/plugins/com.st.stm32cube.ide.mcu.externaltools.gnu-tools-for-stm32.9-2020-q2-update.win32_1.5.0.202011040924/tools/bin/../lib/gcc/arm-none-eabi/9.3.1/../../../../arm-none-eabi/lib/thumb/v7-m/nofp\libc_nano.a(lib_a-nano-svfprintf.o)
 .debug_frame   0x0000000000002884       0x60 c:/st/stm32cubeide_1.6.0/stm32cubeide/plugins/com.st.stm32cube.ide.mcu.externaltools.gnu-tools-for-stm32.9-2020-q2-update.win32_1.5.0.202011040924/tools/bin/../lib/gcc/arm-none-eabi/9.3.1/../../../../arm-none-eabi/lib/thumb/v7-m/nofp\libc_nano.a(lib_a-nano-vfprintf_i.o)
 .debug_frame   0x00000000000028e4       0x5c c:/st/stm32cubeide_1.6.0/stm32cubeide/plugins/com.st.stm32cube.ide.mcu.externaltools.gnu-tools-for-stm32.9-2020-q2-update.win32_1.5.0.202011040924/tools/bin/../lib/gcc/arm-none-eabi/9.3.1/../../../../arm-none-eabi/lib/thumb/v7-m/nofp\libc_nano.a(lib_a-reent.o)
 .debug_frame   0x0000000000002940       0xb0 c:/st/stm32cubeide_1.6.0/stm32cubeide/plugins/com.st.stm32cube.ide.mcu.externaltools.gnu-tools-for-stm32.9-2020-q2-update.win32_1.5.0.202011040924/tools/bin/../lib/gcc/arm-none-eabi/9.3.1/../../../../arm-none-eabi/lib/thumb/v7-m/nofp\libc_nano.a(lib_a-lock.o)
 .debug_frame   0x00000000000029f0       0x28 c:/st/stm32cubeide_1.6.0/stm32cubeide/plugins/com.st.stm32cube.ide.mcu.externaltools.gnu-tools-for-stm32.9-2020-q2-update.win32_1.5.0.202011040924/tools/bin/../lib/gcc/arm-none-eabi/9.3.1/../../../../arm-none-eabi/lib/thumb/v7-m/nofp\libc_nano.a(lib_a-memchr-stub.o)
 .debug_frame   0x0000000000002a18       0x28 c:/st/stm32cubeide_1.6.0/stm32cubeide/plugins/com.st.stm32cube.ide.mcu.externaltools.gnu-tools-for-stm32.9-2020-q2-update.win32_1.5.0.202011040924/tools/bin/../lib/gcc/arm-none-eabi/9.3.1/../../../../arm-none-eabi/lib/thumb/v7-m/nofp\libc_nano.a(lib_a-memcpy-stub.o)
 .debug_frame   0x0000000000002a40       0x28 c:/st/stm32cubeide_1.6.0/stm32cubeide/plugins/com.st.stm32cube.ide.mcu.externaltools.gnu-tools-for-stm32.9-2020-q2-update.win32_1.5.0.202011040924/tools/bin/../lib/gcc/arm-none-eabi/9.3.1/../../../../arm-none-eabi/lib/thumb/v7-m/nofp\libc_nano.a(lib_a-memmove.o)
 .debug_frame   0x0000000000002a68       0x3c c:/st/stm32cubeide_1.6.0/stm32cubeide/plugins/com.st.stm32cube.ide.mcu.externaltools.gnu-tools-for-stm32.9-2020-q2-update.win32_1.5.0.202011040924/tools/bin/../lib/gcc/arm-none-eabi/9.3.1/../../../../arm-none-eabi/lib/thumb/v7-m/nofp\libc_nano.a(lib_a-nano-reallocr.o)
 .debug_frame   0x0000000000002aa4       0x20 c:/st/stm32cubeide_1.6.0/stm32cubeide/plugins/com.st.stm32cube.ide.mcu.externaltools.gnu-tools-for-stm32.9-2020-q2-update.win32_1.5.0.202011040924/tools/bin/../lib/gcc/arm-none-eabi/9.3.1/../../../../arm-none-eabi/lib/thumb/v7-m/nofp\libc_nano.a(lib_a-nano-msizer.o)
