01:08:01 **** Incremental Build of configuration Debug for project stm32f103vet6_fsmc_lcd_test ****
make -j4 all 
arm-none-eabi-gcc "../src/hw/driver/fsmc.c" -mcpu=cortex-m3 -std=gnu11 -g3 -DSTM32F103xE -c -I"C:/STM32 Coding files/stm32f103vet6_fsmc_lcd/stm32f103vet6_fsmc_lcd_test/src" -I"C:/STM32 Coding files/stm32f103vet6_fsmc_lcd/stm32f103vet6_fsmc_lcd_test/src/ap" -I"C:/STM32 Coding files/stm32f103vet6_fsmc_lcd/stm32f103vet6_fsmc_lcd_test/src/bsp" -I"C:/STM32 Coding files/stm32f103vet6_fsmc_lcd/stm32f103vet6_fsmc_lcd_test/src/common" -I"C:/STM32 Coding files/stm32f103vet6_fsmc_lcd/stm32f103vet6_fsmc_lcd_test/src/hw" -I"C:/STM32 Coding files/stm32f103vet6_fsmc_lcd/stm32f103vet6_fsmc_lcd_test/src/lib" -I"C:/STM32 Coding files/stm32f103vet6_fsmc_lcd/stm32f103vet6_fsmc_lcd_test/src/common/hw/include" -I"C:/STM32 Coding files/stm32f103vet6_fsmc_lcd/stm32f103vet6_fsmc_lcd_test/src/common/core" -I"C:/STM32 Coding files/stm32f103vet6_fsmc_lcd/stm32f103vet6_fsmc_lcd_test/src/lib/cube_stm32f103vet6_fsmc_lcd/Drivers/CMSIS/Device/ST/STM32F1xx/Include" -I"C:/STM32 Coding files/stm32f103vet6_fsmc_lcd/stm32f103vet6_fsmc_lcd_test/src/lib/cube_stm32f103vet6_fsmc_lcd/Drivers/CMSIS/Include" -I"C:/STM32 Coding files/stm32f103vet6_fsmc_lcd/stm32f103vet6_fsmc_lcd_test/src/lib/cube_stm32f103vet6_fsmc_lcd/Drivers/STM32F1xx_HAL_Driver/Inc" -I"C:/STM32 Coding files/stm32f103vet6_fsmc_lcd/stm32f103vet6_fsmc_lcd_test/src/common/core/ili9341_setting" -I"C:/STM32 Coding files/stm32f103vet6_fsmc_lcd/stm32f103vet6_fsmc_lcd_test/src/common/core/ili9341_setting/logo" -I"C:/STM32 Coding files/stm32f103vet6_fsmc_lcd/stm32f103vet6_fsmc_lcd_test/src/common/core/ili9341_setting/fonts" -O0 -ffunction-sections -fdata-sections -Wall -fstack-usage -MMD -MP -MF"src/hw/driver/fsmc.d" -MT"src/hw/driver/fsmc.o" --specs=nano.specs -mfloat-abi=soft -mthumb -o "src/hw/driver/fsmc.o"
arm-none-eabi-gcc "../src/hw/driver/ili9341_lcd.c" -mcpu=cortex-m3 -std=gnu11 -g3 -DSTM32F103xE -c -I"C:/STM32 Coding files/stm32f103vet6_fsmc_lcd/stm32f103vet6_fsmc_lcd_test/src" -I"C:/STM32 Coding files/stm32f103vet6_fsmc_lcd/stm32f103vet6_fsmc_lcd_test/src/ap" -I"C:/STM32 Coding files/stm32f103vet6_fsmc_lcd/stm32f103vet6_fsmc_lcd_test/src/bsp" -I"C:/STM32 Coding files/stm32f103vet6_fsmc_lcd/stm32f103vet6_fsmc_lcd_test/src/common" -I"C:/STM32 Coding files/stm32f103vet6_fsmc_lcd/stm32f103vet6_fsmc_lcd_test/src/hw" -I"C:/STM32 Coding files/stm32f103vet6_fsmc_lcd/stm32f103vet6_fsmc_lcd_test/src/lib" -I"C:/STM32 Coding files/stm32f103vet6_fsmc_lcd/stm32f103vet6_fsmc_lcd_test/src/common/hw/include" -I"C:/STM32 Coding files/stm32f103vet6_fsmc_lcd/stm32f103vet6_fsmc_lcd_test/src/common/core" -I"C:/STM32 Coding files/stm32f103vet6_fsmc_lcd/stm32f103vet6_fsmc_lcd_test/src/lib/cube_stm32f103vet6_fsmc_lcd/Drivers/CMSIS/Device/ST/STM32F1xx/Include" -I"C:/STM32 Coding files/stm32f103vet6_fsmc_lcd/stm32f103vet6_fsmc_lcd_test/src/lib/cube_stm32f103vet6_fsmc_lcd/Drivers/CMSIS/Include" -I"C:/STM32 Coding files/stm32f103vet6_fsmc_lcd/stm32f103vet6_fsmc_lcd_test/src/lib/cube_stm32f103vet6_fsmc_lcd/Drivers/STM32F1xx_HAL_Driver/Inc" -I"C:/STM32 Coding files/stm32f103vet6_fsmc_lcd/stm32f103vet6_fsmc_lcd_test/src/common/core/ili9341_setting" -I"C:/STM32 Coding files/stm32f103vet6_fsmc_lcd/stm32f103vet6_fsmc_lcd_test/src/common/core/ili9341_setting/logo" -I"C:/STM32 Coding files/stm32f103vet6_fsmc_lcd/stm32f103vet6_fsmc_lcd_test/src/common/core/ili9341_setting/fonts" -O0 -ffunction-sections -fdata-sections -Wall -fstack-usage -MMD -MP -MF"src/hw/driver/ili9341_lcd.d" -MT"src/hw/driver/ili9341_lcd.o" --specs=nano.specs -mfloat-abi=soft -mthumb -o "src/hw/driver/ili9341_lcd.o"
arm-none-eabi-gcc "../src/hw/driver/led.c" -mcpu=cortex-m3 -std=gnu11 -g3 -DSTM32F103xE -c -I"C:/STM32 Coding files/stm32f103vet6_fsmc_lcd/stm32f103vet6_fsmc_lcd_test/src" -I"C:/STM32 Coding files/stm32f103vet6_fsmc_lcd/stm32f103vet6_fsmc_lcd_test/src/ap" -I"C:/STM32 Coding files/stm32f103vet6_fsmc_lcd/stm32f103vet6_fsmc_lcd_test/src/bsp" -I"C:/STM32 Coding files/stm32f103vet6_fsmc_lcd/stm32f103vet6_fsmc_lcd_test/src/common" -I"C:/STM32 Coding files/stm32f103vet6_fsmc_lcd/stm32f103vet6_fsmc_lcd_test/src/hw" -I"C:/STM32 Coding files/stm32f103vet6_fsmc_lcd/stm32f103vet6_fsmc_lcd_test/src/lib" -I"C:/STM32 Coding files/stm32f103vet6_fsmc_lcd/stm32f103vet6_fsmc_lcd_test/src/common/hw/include" -I"C:/STM32 Coding files/stm32f103vet6_fsmc_lcd/stm32f103vet6_fsmc_lcd_test/src/common/core" -I"C:/STM32 Coding files/stm32f103vet6_fsmc_lcd/stm32f103vet6_fsmc_lcd_test/src/lib/cube_stm32f103vet6_fsmc_lcd/Drivers/CMSIS/Device/ST/STM32F1xx/Include" -I"C:/STM32 Coding files/stm32f103vet6_fsmc_lcd/stm32f103vet6_fsmc_lcd_test/src/lib/cube_stm32f103vet6_fsmc_lcd/Drivers/CMSIS/Include" -I"C:/STM32 Coding files/stm32f103vet6_fsmc_lcd/stm32f103vet6_fsmc_lcd_test/src/lib/cube_stm32f103vet6_fsmc_lcd/Drivers/STM32F1xx_HAL_Driver/Inc" -I"C:/STM32 Coding files/stm32f103vet6_fsmc_lcd/stm32f103vet6_fsmc_lcd_test/src/common/core/ili9341_setting" -I"C:/STM32 Coding files/stm32f103vet6_fsmc_lcd/stm32f103vet6_fsmc_lcd_test/src/common/core/ili9341_setting/logo" -I"C:/STM32 Coding files/stm32f103vet6_fsmc_lcd/stm32f103vet6_fsmc_lcd_test/src/common/core/ili9341_setting/fonts" -O0 -ffunction-sections -fdata-sections -Wall -fstack-usage -MMD -MP -MF"src/hw/driver/led.d" -MT"src/hw/driver/led.o" --specs=nano.specs -mfloat-abi=soft -mthumb -o "src/hw/driver/led.o"
arm-none-eabi-gcc "../src/hw/driver/menu.c" -mcpu=cortex-m3 -std=gnu11 -g3 -DSTM32F103xE -c -I"C:/STM32 Coding files/stm32f103vet6_fsmc_lcd/stm32f103vet6_fsmc_lcd_test/src" -I"C:/STM32 Coding files/stm32f103vet6_fsmc_lcd/stm32f103vet6_fsmc_lcd_test/src/ap" -I"C:/STM32 Coding files/stm32f103vet6_fsmc_lcd/stm32f103vet6_fsmc_lcd_test/src/bsp" -I"C:/STM32 Coding files/stm32f103vet6_fsmc_lcd/stm32f103vet6_fsmc_lcd_test/src/common" -I"C:/STM32 Coding files/stm32f103vet6_fsmc_lcd/stm32f103vet6_fsmc_lcd_test/src/hw" -I"C:/STM32 Coding files/stm32f103vet6_fsmc_lcd/stm32f103vet6_fsmc_lcd_test/src/lib" -I"C:/STM32 Coding files/stm32f103vet6_fsmc_lcd/stm32f103vet6_fsmc_lcd_test/src/common/hw/include" -I"C:/STM32 Coding files/stm32f103vet6_fsmc_lcd/stm32f103vet6_fsmc_lcd_test/src/common/core" -I"C:/STM32 Coding files/stm32f103vet6_fsmc_lcd/stm32f103vet6_fsmc_lcd_test/src/lib/cube_stm32f103vet6_fsmc_lcd/Drivers/CMSIS/Device/ST/STM32F1xx/Include" -I"C:/STM32 Coding files/stm32f103vet6_fsmc_lcd/stm32f103vet6_fsmc_lcd_test/src/lib/cube_stm32f103vet6_fsmc_lcd/Drivers/CMSIS/Include" -I"C:/STM32 Coding files/stm32f103vet6_fsmc_lcd/stm32f103vet6_fsmc_lcd_test/src/lib/cube_stm32f103vet6_fsmc_lcd/Drivers/STM32F1xx_HAL_Driver/Inc" -I"C:/STM32 Coding files/stm32f103vet6_fsmc_lcd/stm32f103vet6_fsmc_lcd_test/src/common/core/ili9341_setting" -I"C:/STM32 Coding files/stm32f103vet6_fsmc_lcd/stm32f103vet6_fsmc_lcd_test/src/common/core/ili9341_setting/logo" -I"C:/STM32 Coding files/stm32f103vet6_fsmc_lcd/stm32f103vet6_fsmc_lcd_test/src/common/core/ili9341_setting/fonts" -O0 -ffunction-sections -fdata-sections -Wall -fstack-usage -MMD -MP -MF"src/hw/driver/menu.d" -MT"src/hw/driver/menu.o" --specs=nano.specs -mfloat-abi=soft -mthumb -o "src/hw/driver/menu.o"
arm-none-eabi-gcc "../src/hw/driver/showmessage.c" -mcpu=cortex-m3 -std=gnu11 -g3 -DSTM32F103xE -c -I"C:/STM32 Coding files/stm32f103vet6_fsmc_lcd/stm32f103vet6_fsmc_lcd_test/src" -I"C:/STM32 Coding files/stm32f103vet6_fsmc_lcd/stm32f103vet6_fsmc_lcd_test/src/ap" -I"C:/STM32 Coding files/stm32f103vet6_fsmc_lcd/stm32f103vet6_fsmc_lcd_test/src/bsp" -I"C:/STM32 Coding files/stm32f103vet6_fsmc_lcd/stm32f103vet6_fsmc_lcd_test/src/common" -I"C:/STM32 Coding files/stm32f103vet6_fsmc_lcd/stm32f103vet6_fsmc_lcd_test/src/hw" -I"C:/STM32 Coding files/stm32f103vet6_fsmc_lcd/stm32f103vet6_fsmc_lcd_test/src/lib" -I"C:/STM32 Coding files/stm32f103vet6_fsmc_lcd/stm32f103vet6_fsmc_lcd_test/src/common/hw/include" -I"C:/STM32 Coding files/stm32f103vet6_fsmc_lcd/stm32f103vet6_fsmc_lcd_test/src/common/core" -I"C:/STM32 Coding files/stm32f103vet6_fsmc_lcd/stm32f103vet6_fsmc_lcd_test/src/lib/cube_stm32f103vet6_fsmc_lcd/Drivers/CMSIS/Device/ST/STM32F1xx/Include" -I"C:/STM32 Coding files/stm32f103vet6_fsmc_lcd/stm32f103vet6_fsmc_lcd_test/src/lib/cube_stm32f103vet6_fsmc_lcd/Drivers/CMSIS/Include" -I"C:/STM32 Coding files/stm32f103vet6_fsmc_lcd/stm32f103vet6_fsmc_lcd_test/src/lib/cube_stm32f103vet6_fsmc_lcd/Drivers/STM32F1xx_HAL_Driver/Inc" -I"C:/STM32 Coding files/stm32f103vet6_fsmc_lcd/stm32f103vet6_fsmc_lcd_test/src/common/core/ili9341_setting" -I"C:/STM32 Coding files/stm32f103vet6_fsmc_lcd/stm32f103vet6_fsmc_lcd_test/src/common/core/ili9341_setting/logo" -I"C:/STM32 Coding files/stm32f103vet6_fsmc_lcd/stm32f103vet6_fsmc_lcd_test/src/common/core/ili9341_setting/fonts" -O0 -ffunction-sections -fdata-sections -Wall -fstack-usage -MMD -MP -MF"src/hw/driver/showmessage.d" -MT"src/hw/driver/showmessage.o" --specs=nano.specs -mfloat-abi=soft -mthumb -o "src/hw/driver/showmessage.o"
arm-none-eabi-gcc "../src/hw/driver/spi.c" -mcpu=cortex-m3 -std=gnu11 -g3 -DSTM32F103xE -c -I"C:/STM32 Coding files/stm32f103vet6_fsmc_lcd/stm32f103vet6_fsmc_lcd_test/src" -I"C:/STM32 Coding files/stm32f103vet6_fsmc_lcd/stm32f103vet6_fsmc_lcd_test/src/ap" -I"C:/STM32 Coding files/stm32f103vet6_fsmc_lcd/stm32f103vet6_fsmc_lcd_test/src/bsp" -I"C:/STM32 Coding files/stm32f103vet6_fsmc_lcd/stm32f103vet6_fsmc_lcd_test/src/common" -I"C:/STM32 Coding files/stm32f103vet6_fsmc_lcd/stm32f103vet6_fsmc_lcd_test/src/hw" -I"C:/STM32 Coding files/stm32f103vet6_fsmc_lcd/stm32f103vet6_fsmc_lcd_test/src/lib" -I"C:/STM32 Coding files/stm32f103vet6_fsmc_lcd/stm32f103vet6_fsmc_lcd_test/src/common/hw/include" -I"C:/STM32 Coding files/stm32f103vet6_fsmc_lcd/stm32f103vet6_fsmc_lcd_test/src/common/core" -I"C:/STM32 Coding files/stm32f103vet6_fsmc_lcd/stm32f103vet6_fsmc_lcd_test/src/lib/cube_stm32f103vet6_fsmc_lcd/Drivers/CMSIS/Device/ST/STM32F1xx/Include" -I"C:/STM32 Coding files/stm32f103vet6_fsmc_lcd/stm32f103vet6_fsmc_lcd_test/src/lib/cube_stm32f103vet6_fsmc_lcd/Drivers/CMSIS/Include" -I"C:/STM32 Coding files/stm32f103vet6_fsmc_lcd/stm32f103vet6_fsmc_lcd_test/src/lib/cube_stm32f103vet6_fsmc_lcd/Drivers/STM32F1xx_HAL_Driver/Inc" -I"C:/STM32 Coding files/stm32f103vet6_fsmc_lcd/stm32f103vet6_fsmc_lcd_test/src/common/core/ili9341_setting" -I"C:/STM32 Coding files/stm32f103vet6_fsmc_lcd/stm32f103vet6_fsmc_lcd_test/src/common/core/ili9341_setting/logo" -I"C:/STM32 Coding files/stm32f103vet6_fsmc_lcd/stm32f103vet6_fsmc_lcd_test/src/common/core/ili9341_setting/fonts" -O0 -ffunction-sections -fdata-sections -Wall -fstack-usage -MMD -MP -MF"src/hw/driver/spi.d" -MT"src/hw/driver/spi.o" --specs=nano.specs -mfloat-abi=soft -mthumb -o "src/hw/driver/spi.o"
arm-none-eabi-gcc "../src/hw/driver/xpt2046_touch.c" -mcpu=cortex-m3 -std=gnu11 -g3 -DSTM32F103xE -c -I"C:/STM32 Coding files/stm32f103vet6_fsmc_lcd/stm32f103vet6_fsmc_lcd_test/src" -I"C:/STM32 Coding files/stm32f103vet6_fsmc_lcd/stm32f103vet6_fsmc_lcd_test/src/ap" -I"C:/STM32 Coding files/stm32f103vet6_fsmc_lcd/stm32f103vet6_fsmc_lcd_test/src/bsp" -I"C:/STM32 Coding files/stm32f103vet6_fsmc_lcd/stm32f103vet6_fsmc_lcd_test/src/common" -I"C:/STM32 Coding files/stm32f103vet6_fsmc_lcd/stm32f103vet6_fsmc_lcd_test/src/hw" -I"C:/STM32 Coding files/stm32f103vet6_fsmc_lcd/stm32f103vet6_fsmc_lcd_test/src/lib" -I"C:/STM32 Coding files/stm32f103vet6_fsmc_lcd/stm32f103vet6_fsmc_lcd_test/src/common/hw/include" -I"C:/STM32 Coding files/stm32f103vet6_fsmc_lcd/stm32f103vet6_fsmc_lcd_test/src/common/core" -I"C:/STM32 Coding files/stm32f103vet6_fsmc_lcd/stm32f103vet6_fsmc_lcd_test/src/lib/cube_stm32f103vet6_fsmc_lcd/Drivers/CMSIS/Device/ST/STM32F1xx/Include" -I"C:/STM32 Coding files/stm32f103vet6_fsmc_lcd/stm32f103vet6_fsmc_lcd_test/src/lib/cube_stm32f103vet6_fsmc_lcd/Drivers/CMSIS/Include" -I"C:/STM32 Coding files/stm32f103vet6_fsmc_lcd/stm32f103vet6_fsmc_lcd_test/src/lib/cube_stm32f103vet6_fsmc_lcd/Drivers/STM32F1xx_HAL_Driver/Inc" -I"C:/STM32 Coding files/stm32f103vet6_fsmc_lcd/stm32f103vet6_fsmc_lcd_test/src/common/core/ili9341_setting" -I"C:/STM32 Coding files/stm32f103vet6_fsmc_lcd/stm32f103vet6_fsmc_lcd_test/src/common/core/ili9341_setting/logo" -I"C:/STM32 Coding files/stm32f103vet6_fsmc_lcd/stm32f103vet6_fsmc_lcd_test/src/common/core/ili9341_setting/fonts" -O0 -ffunction-sections -fdata-sections -Wall -fstack-usage -MMD -MP -MF"src/hw/driver/xpt2046_touch.d" -MT"src/hw/driver/xpt2046_touch.o" --specs=nano.specs -mfloat-abi=soft -mthumb -o "src/hw/driver/xpt2046_touch.o"
arm-none-eabi-gcc "../src/hw/hw.c" -mcpu=cortex-m3 -std=gnu11 -g3 -DSTM32F103xE -c -I"C:/STM32 Coding files/stm32f103vet6_fsmc_lcd/stm32f103vet6_fsmc_lcd_test/src" -I"C:/STM32 Coding files/stm32f103vet6_fsmc_lcd/stm32f103vet6_fsmc_lcd_test/src/ap" -I"C:/STM32 Coding files/stm32f103vet6_fsmc_lcd/stm32f103vet6_fsmc_lcd_test/src/bsp" -I"C:/STM32 Coding files/stm32f103vet6_fsmc_lcd/stm32f103vet6_fsmc_lcd_test/src/common" -I"C:/STM32 Coding files/stm32f103vet6_fsmc_lcd/stm32f103vet6_fsmc_lcd_test/src/hw" -I"C:/STM32 Coding files/stm32f103vet6_fsmc_lcd/stm32f103vet6_fsmc_lcd_test/src/lib" -I"C:/STM32 Coding files/stm32f103vet6_fsmc_lcd/stm32f103vet6_fsmc_lcd_test/src/common/hw/include" -I"C:/STM32 Coding files/stm32f103vet6_fsmc_lcd/stm32f103vet6_fsmc_lcd_test/src/common/core" -I"C:/STM32 Coding files/stm32f103vet6_fsmc_lcd/stm32f103vet6_fsmc_lcd_test/src/lib/cube_stm32f103vet6_fsmc_lcd/Drivers/CMSIS/Device/ST/STM32F1xx/Include" -I"C:/STM32 Coding files/stm32f103vet6_fsmc_lcd/stm32f103vet6_fsmc_lcd_test/src/lib/cube_stm32f103vet6_fsmc_lcd/Drivers/CMSIS/Include" -I"C:/STM32 Coding files/stm32f103vet6_fsmc_lcd/stm32f103vet6_fsmc_lcd_test/src/lib/cube_stm32f103vet6_fsmc_lcd/Drivers/STM32F1xx_HAL_Driver/Inc" -I"C:/STM32 Coding files/stm32f103vet6_fsmc_lcd/stm32f103vet6_fsmc_lcd_test/src/common/core/ili9341_setting" -I"C:/STM32 Coding files/stm32f103vet6_fsmc_lcd/stm32f103vet6_fsmc_lcd_test/src/common/core/ili9341_setting/logo" -I"C:/STM32 Coding files/stm32f103vet6_fsmc_lcd/stm32f103vet6_fsmc_lcd_test/src/common/core/ili9341_setting/fonts" -O0 -ffunction-sections -fdata-sections -Wall -fstack-usage -MMD -MP -MF"src/hw/hw.d" -MT"src/hw/hw.o" --specs=nano.specs -mfloat-abi=soft -mthumb -o "src/hw/hw.o"
arm-none-eabi-gcc "../src/common/core/ili9341_setting/logo/STlogo.c" -mcpu=cortex-m3 -std=gnu11 -g3 -DSTM32F103xE -c -I"C:/STM32 Coding files/stm32f103vet6_fsmc_lcd/stm32f103vet6_fsmc_lcd_test/src" -I"C:/STM32 Coding files/stm32f103vet6_fsmc_lcd/stm32f103vet6_fsmc_lcd_test/src/ap" -I"C:/STM32 Coding files/stm32f103vet6_fsmc_lcd/stm32f103vet6_fsmc_lcd_test/src/bsp" -I"C:/STM32 Coding files/stm32f103vet6_fsmc_lcd/stm32f103vet6_fsmc_lcd_test/src/common" -I"C:/STM32 Coding files/stm32f103vet6_fsmc_lcd/stm32f103vet6_fsmc_lcd_test/src/hw" -I"C:/STM32 Coding files/stm32f103vet6_fsmc_lcd/stm32f103vet6_fsmc_lcd_test/src/lib" -I"C:/STM32 Coding files/stm32f103vet6_fsmc_lcd/stm32f103vet6_fsmc_lcd_test/src/common/hw/include" -I"C:/STM32 Coding files/stm32f103vet6_fsmc_lcd/stm32f103vet6_fsmc_lcd_test/src/common/core" -I"C:/STM32 Coding files/stm32f103vet6_fsmc_lcd/stm32f103vet6_fsmc_lcd_test/src/lib/cube_stm32f103vet6_fsmc_lcd/Drivers/CMSIS/Device/ST/STM32F1xx/Include" -I"C:/STM32 Coding files/stm32f103vet6_fsmc_lcd/stm32f103vet6_fsmc_lcd_test/src/lib/cube_stm32f103vet6_fsmc_lcd/Drivers/CMSIS/Include" -I"C:/STM32 Coding files/stm32f103vet6_fsmc_lcd/stm32f103vet6_fsmc_lcd_test/src/lib/cube_stm32f103vet6_fsmc_lcd/Drivers/STM32F1xx_HAL_Driver/Inc" -I"C:/STM32 Coding files/stm32f103vet6_fsmc_lcd/stm32f103vet6_fsmc_lcd_test/src/common/core/ili9341_setting" -I"C:/STM32 Coding files/stm32f103vet6_fsmc_lcd/stm32f103vet6_fsmc_lcd_test/src/common/core/ili9341_setting/logo" -I"C:/STM32 Coding files/stm32f103vet6_fsmc_lcd/stm32f103vet6_fsmc_lcd_test/src/common/core/ili9341_setting/fonts" -O0 -ffunction-sections -fdata-sections -Wall -fstack-usage -MMD -MP -MF"src/common/core/ili9341_setting/logo/STlogo.d" -MT"src/common/core/ili9341_setting/logo/STlogo.o" --specs=nano.specs -mfloat-abi=soft -mthumb -o "src/common/core/ili9341_setting/logo/STlogo.o"
arm-none-eabi-gcc "../src/common/core/ili9341_setting/fonts/font12.c" -mcpu=cortex-m3 -std=gnu11 -g3 -DSTM32F103xE -c -I"C:/STM32 Coding files/stm32f103vet6_fsmc_lcd/stm32f103vet6_fsmc_lcd_test/src" -I"C:/STM32 Coding files/stm32f103vet6_fsmc_lcd/stm32f103vet6_fsmc_lcd_test/src/ap" -I"C:/STM32 Coding files/stm32f103vet6_fsmc_lcd/stm32f103vet6_fsmc_lcd_test/src/bsp" -I"C:/STM32 Coding files/stm32f103vet6_fsmc_lcd/stm32f103vet6_fsmc_lcd_test/src/common" -I"C:/STM32 Coding files/stm32f103vet6_fsmc_lcd/stm32f103vet6_fsmc_lcd_test/src/hw" -I"C:/STM32 Coding files/stm32f103vet6_fsmc_lcd/stm32f103vet6_fsmc_lcd_test/src/lib" -I"C:/STM32 Coding files/stm32f103vet6_fsmc_lcd/stm32f103vet6_fsmc_lcd_test/src/common/hw/include" -I"C:/STM32 Coding files/stm32f103vet6_fsmc_lcd/stm32f103vet6_fsmc_lcd_test/src/common/core" -I"C:/STM32 Coding files/stm32f103vet6_fsmc_lcd/stm32f103vet6_fsmc_lcd_test/src/lib/cube_stm32f103vet6_fsmc_lcd/Drivers/CMSIS/Device/ST/STM32F1xx/Include" -I"C:/STM32 Coding files/stm32f103vet6_fsmc_lcd/stm32f103vet6_fsmc_lcd_test/src/lib/cube_stm32f103vet6_fsmc_lcd/Drivers/CMSIS/Include" -I"C:/STM32 Coding files/stm32f103vet6_fsmc_lcd/stm32f103vet6_fsmc_lcd_test/src/lib/cube_stm32f103vet6_fsmc_lcd/Drivers/STM32F1xx_HAL_Driver/Inc" -I"C:/STM32 Coding files/stm32f103vet6_fsmc_lcd/stm32f103vet6_fsmc_lcd_test/src/common/core/ili9341_setting" -I"C:/STM32 Coding files/stm32f103vet6_fsmc_lcd/stm32f103vet6_fsmc_lcd_test/src/common/core/ili9341_setting/logo" -I"C:/STM32 Coding files/stm32f103vet6_fsmc_lcd/stm32f103vet6_fsmc_lcd_test/src/common/core/ili9341_setting/fonts" -O0 -ffunction-sections -fdata-sections -Wall -fstack-usage -MMD -MP -MF"src/common/core/ili9341_setting/fonts/font12.d" -MT"src/common/core/ili9341_setting/fonts/font12.o" --specs=nano.specs -mfloat-abi=soft -mthumb -o "src/common/core/ili9341_setting/fonts/font12.o"
arm-none-eabi-gcc "../src/common/core/ili9341_setting/fonts/font16.c" -mcpu=cortex-m3 -std=gnu11 -g3 -DSTM32F103xE -c -I"C:/STM32 Coding files/stm32f103vet6_fsmc_lcd/stm32f103vet6_fsmc_lcd_test/src" -I"C:/STM32 Coding files/stm32f103vet6_fsmc_lcd/stm32f103vet6_fsmc_lcd_test/src/ap" -I"C:/STM32 Coding files/stm32f103vet6_fsmc_lcd/stm32f103vet6_fsmc_lcd_test/src/bsp" -I"C:/STM32 Coding files/stm32f103vet6_fsmc_lcd/stm32f103vet6_fsmc_lcd_test/src/common" -I"C:/STM32 Coding files/stm32f103vet6_fsmc_lcd/stm32f103vet6_fsmc_lcd_test/src/hw" -I"C:/STM32 Coding files/stm32f103vet6_fsmc_lcd/stm32f103vet6_fsmc_lcd_test/src/lib" -I"C:/STM32 Coding files/stm32f103vet6_fsmc_lcd/stm32f103vet6_fsmc_lcd_test/src/common/hw/include" -I"C:/STM32 Coding files/stm32f103vet6_fsmc_lcd/stm32f103vet6_fsmc_lcd_test/src/common/core" -I"C:/STM32 Coding files/stm32f103vet6_fsmc_lcd/stm32f103vet6_fsmc_lcd_test/src/lib/cube_stm32f103vet6_fsmc_lcd/Drivers/CMSIS/Device/ST/STM32F1xx/Include" -I"C:/STM32 Coding files/stm32f103vet6_fsmc_lcd/stm32f103vet6_fsmc_lcd_test/src/lib/cube_stm32f103vet6_fsmc_lcd/Drivers/CMSIS/Include" -I"C:/STM32 Coding files/stm32f103vet6_fsmc_lcd/stm32f103vet6_fsmc_lcd_test/src/lib/cube_stm32f103vet6_fsmc_lcd/Drivers/STM32F1xx_HAL_Driver/Inc" -I"C:/STM32 Coding files/stm32f103vet6_fsmc_lcd/stm32f103vet6_fsmc_lcd_test/src/common/core/ili9341_setting" -I"C:/STM32 Coding files/stm32f103vet6_fsmc_lcd/stm32f103vet6_fsmc_lcd_test/src/common/core/ili9341_setting/logo" -I"C:/STM32 Coding files/stm32f103vet6_fsmc_lcd/stm32f103vet6_fsmc_lcd_test/src/common/core/ili9341_setting/fonts" -O0 -ffunction-sections -fdata-sections -Wall -fstack-usage -MMD -MP -MF"src/common/core/ili9341_setting/fonts/font16.d" -MT"src/common/core/ili9341_setting/fonts/font16.o" --specs=nano.specs -mfloat-abi=soft -mthumb -o "src/common/core/ili9341_setting/fonts/font16.o"
arm-none-eabi-gcc "../src/common/core/ili9341_setting/fonts/font20.c" -mcpu=cortex-m3 -std=gnu11 -g3 -DSTM32F103xE -c -I"C:/STM32 Coding files/stm32f103vet6_fsmc_lcd/stm32f103vet6_fsmc_lcd_test/src" -I"C:/STM32 Coding files/stm32f103vet6_fsmc_lcd/stm32f103vet6_fsmc_lcd_test/src/ap" -I"C:/STM32 Coding files/stm32f103vet6_fsmc_lcd/stm32f103vet6_fsmc_lcd_test/src/bsp" -I"C:/STM32 Coding files/stm32f103vet6_fsmc_lcd/stm32f103vet6_fsmc_lcd_test/src/common" -I"C:/STM32 Coding files/stm32f103vet6_fsmc_lcd/stm32f103vet6_fsmc_lcd_test/src/hw" -I"C:/STM32 Coding files/stm32f103vet6_fsmc_lcd/stm32f103vet6_fsmc_lcd_test/src/lib" -I"C:/STM32 Coding files/stm32f103vet6_fsmc_lcd/stm32f103vet6_fsmc_lcd_test/src/common/hw/include" -I"C:/STM32 Coding files/stm32f103vet6_fsmc_lcd/stm32f103vet6_fsmc_lcd_test/src/common/core" -I"C:/STM32 Coding files/stm32f103vet6_fsmc_lcd/stm32f103vet6_fsmc_lcd_test/src/lib/cube_stm32f103vet6_fsmc_lcd/Drivers/CMSIS/Device/ST/STM32F1xx/Include" -I"C:/STM32 Coding files/stm32f103vet6_fsmc_lcd/stm32f103vet6_fsmc_lcd_test/src/lib/cube_stm32f103vet6_fsmc_lcd/Drivers/CMSIS/Include" -I"C:/STM32 Coding files/stm32f103vet6_fsmc_lcd/stm32f103vet6_fsmc_lcd_test/src/lib/cube_stm32f103vet6_fsmc_lcd/Drivers/STM32F1xx_HAL_Driver/Inc" -I"C:/STM32 Coding files/stm32f103vet6_fsmc_lcd/stm32f103vet6_fsmc_lcd_test/src/common/core/ili9341_setting" -I"C:/STM32 Coding files/stm32f103vet6_fsmc_lcd/stm32f103vet6_fsmc_lcd_test/src/common/core/ili9341_setting/logo" -I"C:/STM32 Coding files/stm32f103vet6_fsmc_lcd/stm32f103vet6_fsmc_lcd_test/src/common/core/ili9341_setting/fonts" -O0 -ffunction-sections -fdata-sections -Wall -fstack-usage -MMD -MP -MF"src/common/core/ili9341_setting/fonts/font20.d" -MT"src/common/core/ili9341_setting/fonts/font20.o" --specs=nano.specs -mfloat-abi=soft -mthumb -o "src/common/core/ili9341_setting/fonts/font20.o"
arm-none-eabi-gcc "../src/common/core/ili9341_setting/fonts/font24.c" -mcpu=cortex-m3 -std=gnu11 -g3 -DSTM32F103xE -c -I"C:/STM32 Coding files/stm32f103vet6_fsmc_lcd/stm32f103vet6_fsmc_lcd_test/src" -I"C:/STM32 Coding files/stm32f103vet6_fsmc_lcd/stm32f103vet6_fsmc_lcd_test/src/ap" -I"C:/STM32 Coding files/stm32f103vet6_fsmc_lcd/stm32f103vet6_fsmc_lcd_test/src/bsp" -I"C:/STM32 Coding files/stm32f103vet6_fsmc_lcd/stm32f103vet6_fsmc_lcd_test/src/common" -I"C:/STM32 Coding files/stm32f103vet6_fsmc_lcd/stm32f103vet6_fsmc_lcd_test/src/hw" -I"C:/STM32 Coding files/stm32f103vet6_fsmc_lcd/stm32f103vet6_fsmc_lcd_test/src/lib" -I"C:/STM32 Coding files/stm32f103vet6_fsmc_lcd/stm32f103vet6_fsmc_lcd_test/src/common/hw/include" -I"C:/STM32 Coding files/stm32f103vet6_fsmc_lcd/stm32f103vet6_fsmc_lcd_test/src/common/core" -I"C:/STM32 Coding files/stm32f103vet6_fsmc_lcd/stm32f103vet6_fsmc_lcd_test/src/lib/cube_stm32f103vet6_fsmc_lcd/Drivers/CMSIS/Device/ST/STM32F1xx/Include" -I"C:/STM32 Coding files/stm32f103vet6_fsmc_lcd/stm32f103vet6_fsmc_lcd_test/src/lib/cube_stm32f103vet6_fsmc_lcd/Drivers/CMSIS/Include" -I"C:/STM32 Coding files/stm32f103vet6_fsmc_lcd/stm32f103vet6_fsmc_lcd_test/src/lib/cube_stm32f103vet6_fsmc_lcd/Drivers/STM32F1xx_HAL_Driver/Inc" -I"C:/STM32 Coding files/stm32f103vet6_fsmc_lcd/stm32f103vet6_fsmc_lcd_test/src/common/core/ili9341_setting" -I"C:/STM32 Coding files/stm32f103vet6_fsmc_lcd/stm32f103vet6_fsmc_lcd_test/src/common/core/ili9341_setting/logo" -I"C:/STM32 Coding files/stm32f103vet6_fsmc_lcd/stm32f103vet6_fsmc_lcd_test/src/common/core/ili9341_setting/fonts" -O0 -ffunction-sections -fdata-sections -Wall -fstack-usage -MMD -MP -MF"src/common/core/ili9341_setting/fonts/font24.d" -MT"src/common/core/ili9341_setting/fonts/font24.o" --specs=nano.specs -mfloat-abi=soft -mthumb -o "src/common/core/ili9341_setting/fonts/font24.o"
arm-none-eabi-gcc "../src/common/core/ili9341_setting/fonts/font8.c" -mcpu=cortex-m3 -std=gnu11 -g3 -DSTM32F103xE -c -I"C:/STM32 Coding files/stm32f103vet6_fsmc_lcd/stm32f103vet6_fsmc_lcd_test/src" -I"C:/STM32 Coding files/stm32f103vet6_fsmc_lcd/stm32f103vet6_fsmc_lcd_test/src/ap" -I"C:/STM32 Coding files/stm32f103vet6_fsmc_lcd/stm32f103vet6_fsmc_lcd_test/src/bsp" -I"C:/STM32 Coding files/stm32f103vet6_fsmc_lcd/stm32f103vet6_fsmc_lcd_test/src/common" -I"C:/STM32 Coding files/stm32f103vet6_fsmc_lcd/stm32f103vet6_fsmc_lcd_test/src/hw" -I"C:/STM32 Coding files/stm32f103vet6_fsmc_lcd/stm32f103vet6_fsmc_lcd_test/src/lib" -I"C:/STM32 Coding files/stm32f103vet6_fsmc_lcd/stm32f103vet6_fsmc_lcd_test/src/common/hw/include" -I"C:/STM32 Coding files/stm32f103vet6_fsmc_lcd/stm32f103vet6_fsmc_lcd_test/src/common/core" -I"C:/STM32 Coding files/stm32f103vet6_fsmc_lcd/stm32f103vet6_fsmc_lcd_test/src/lib/cube_stm32f103vet6_fsmc_lcd/Drivers/CMSIS/Device/ST/STM32F1xx/Include" -I"C:/STM32 Coding files/stm32f103vet6_fsmc_lcd/stm32f103vet6_fsmc_lcd_test/src/lib/cube_stm32f103vet6_fsmc_lcd/Drivers/CMSIS/Include" -I"C:/STM32 Coding files/stm32f103vet6_fsmc_lcd/stm32f103vet6_fsmc_lcd_test/src/lib/cube_stm32f103vet6_fsmc_lcd/Drivers/STM32F1xx_HAL_Driver/Inc" -I"C:/STM32 Coding files/stm32f103vet6_fsmc_lcd/stm32f103vet6_fsmc_lcd_test/src/common/core/ili9341_setting" -I"C:/STM32 Coding files/stm32f103vet6_fsmc_lcd/stm32f103vet6_fsmc_lcd_test/src/common/core/ili9341_setting/logo" -I"C:/STM32 Coding files/stm32f103vet6_fsmc_lcd/stm32f103vet6_fsmc_lcd_test/src/common/core/ili9341_setting/fonts" -O0 -ffunction-sections -fdata-sections -Wall -fstack-usage -MMD -MP -MF"src/common/core/ili9341_setting/fonts/font8.d" -MT"src/common/core/ili9341_setting/fonts/font8.o" --specs=nano.specs -mfloat-abi=soft -mthumb -o "src/common/core/ili9341_setting/fonts/font8.o"
arm-none-eabi-gcc "../src/common/core/qbuffer.c" -mcpu=cortex-m3 -std=gnu11 -g3 -DSTM32F103xE -c -I"C:/STM32 Coding files/stm32f103vet6_fsmc_lcd/stm32f103vet6_fsmc_lcd_test/src" -I"C:/STM32 Coding files/stm32f103vet6_fsmc_lcd/stm32f103vet6_fsmc_lcd_test/src/ap" -I"C:/STM32 Coding files/stm32f103vet6_fsmc_lcd/stm32f103vet6_fsmc_lcd_test/src/bsp" -I"C:/STM32 Coding files/stm32f103vet6_fsmc_lcd/stm32f103vet6_fsmc_lcd_test/src/common" -I"C:/STM32 Coding files/stm32f103vet6_fsmc_lcd/stm32f103vet6_fsmc_lcd_test/src/hw" -I"C:/STM32 Coding files/stm32f103vet6_fsmc_lcd/stm32f103vet6_fsmc_lcd_test/src/lib" -I"C:/STM32 Coding files/stm32f103vet6_fsmc_lcd/stm32f103vet6_fsmc_lcd_test/src/common/hw/include" -I"C:/STM32 Coding files/stm32f103vet6_fsmc_lcd/stm32f103vet6_fsmc_lcd_test/src/common/core" -I"C:/STM32 Coding files/stm32f103vet6_fsmc_lcd/stm32f103vet6_fsmc_lcd_test/src/lib/cube_stm32f103vet6_fsmc_lcd/Drivers/CMSIS/Device/ST/STM32F1xx/Include" -I"C:/STM32 Coding files/stm32f103vet6_fsmc_lcd/stm32f103vet6_fsmc_lcd_test/src/lib/cube_stm32f103vet6_fsmc_lcd/Drivers/CMSIS/Include" -I"C:/STM32 Coding files/stm32f103vet6_fsmc_lcd/stm32f103vet6_fsmc_lcd_test/src/lib/cube_stm32f103vet6_fsmc_lcd/Drivers/STM32F1xx_HAL_Driver/Inc" -I"C:/STM32 Coding files/stm32f103vet6_fsmc_lcd/stm32f103vet6_fsmc_lcd_test/src/common/core/ili9341_setting" -I"C:/STM32 Coding files/stm32f103vet6_fsmc_lcd/stm32f103vet6_fsmc_lcd_test/src/common/core/ili9341_setting/logo" -I"C:/STM32 Coding files/stm32f103vet6_fsmc_lcd/stm32f103vet6_fsmc_lcd_test/src/common/core/ili9341_setting/fonts" -O0 -ffunction-sections -fdata-sections -Wall -fstack-usage -MMD -MP -MF"src/common/core/qbuffer.d" -MT"src/common/core/qbuffer.o" --specs=nano.specs -mfloat-abi=soft -mthumb -o "src/common/core/qbuffer.o"
arm-none-eabi-gcc "../src/bsp/bsp.c" -mcpu=cortex-m3 -std=gnu11 -g3 -DSTM32F103xE -c -I"C:/STM32 Coding files/stm32f103vet6_fsmc_lcd/stm32f103vet6_fsmc_lcd_test/src" -I"C:/STM32 Coding files/stm32f103vet6_fsmc_lcd/stm32f103vet6_fsmc_lcd_test/src/ap" -I"C:/STM32 Coding files/stm32f103vet6_fsmc_lcd/stm32f103vet6_fsmc_lcd_test/src/bsp" -I"C:/STM32 Coding files/stm32f103vet6_fsmc_lcd/stm32f103vet6_fsmc_lcd_test/src/common" -I"C:/STM32 Coding files/stm32f103vet6_fsmc_lcd/stm32f103vet6_fsmc_lcd_test/src/hw" -I"C:/STM32 Coding files/stm32f103vet6_fsmc_lcd/stm32f103vet6_fsmc_lcd_test/src/lib" -I"C:/STM32 Coding files/stm32f103vet6_fsmc_lcd/stm32f103vet6_fsmc_lcd_test/src/common/hw/include" -I"C:/STM32 Coding files/stm32f103vet6_fsmc_lcd/stm32f103vet6_fsmc_lcd_test/src/common/core" -I"C:/STM32 Coding files/stm32f103vet6_fsmc_lcd/stm32f103vet6_fsmc_lcd_test/src/lib/cube_stm32f103vet6_fsmc_lcd/Drivers/CMSIS/Device/ST/STM32F1xx/Include" -I"C:/STM32 Coding files/stm32f103vet6_fsmc_lcd/stm32f103vet6_fsmc_lcd_test/src/lib/cube_stm32f103vet6_fsmc_lcd/Drivers/CMSIS/Include" -I"C:/STM32 Coding files/stm32f103vet6_fsmc_lcd/stm32f103vet6_fsmc_lcd_test/src/lib/cube_stm32f103vet6_fsmc_lcd/Drivers/STM32F1xx_HAL_Driver/Inc" -I"C:/STM32 Coding files/stm32f103vet6_fsmc_lcd/stm32f103vet6_fsmc_lcd_test/src/common/core/ili9341_setting" -I"C:/STM32 Coding files/stm32f103vet6_fsmc_lcd/stm32f103vet6_fsmc_lcd_test/src/common/core/ili9341_setting/logo" -I"C:/STM32 Coding files/stm32f103vet6_fsmc_lcd/stm32f103vet6_fsmc_lcd_test/src/common/core/ili9341_setting/fonts" -O0 -ffunction-sections -fdata-sections -Wall -fstack-usage -MMD -MP -MF"src/bsp/bsp.d" -MT"src/bsp/bsp.o" --specs=nano.specs -mfloat-abi=soft -mthumb -o "src/bsp/bsp.o"
arm-none-eabi-gcc "../src/bsp/stm32f1xx_hal_msp.c" -mcpu=cortex-m3 -std=gnu11 -g3 -DSTM32F103xE -c -I"C:/STM32 Coding files/stm32f103vet6_fsmc_lcd/stm32f103vet6_fsmc_lcd_test/src" -I"C:/STM32 Coding files/stm32f103vet6_fsmc_lcd/stm32f103vet6_fsmc_lcd_test/src/ap" -I"C:/STM32 Coding files/stm32f103vet6_fsmc_lcd/stm32f103vet6_fsmc_lcd_test/src/bsp" -I"C:/STM32 Coding files/stm32f103vet6_fsmc_lcd/stm32f103vet6_fsmc_lcd_test/src/common" -I"C:/STM32 Coding files/stm32f103vet6_fsmc_lcd/stm32f103vet6_fsmc_lcd_test/src/hw" -I"C:/STM32 Coding files/stm32f103vet6_fsmc_lcd/stm32f103vet6_fsmc_lcd_test/src/lib" -I"C:/STM32 Coding files/stm32f103vet6_fsmc_lcd/stm32f103vet6_fsmc_lcd_test/src/common/hw/include" -I"C:/STM32 Coding files/stm32f103vet6_fsmc_lcd/stm32f103vet6_fsmc_lcd_test/src/common/core" -I"C:/STM32 Coding files/stm32f103vet6_fsmc_lcd/stm32f103vet6_fsmc_lcd_test/src/lib/cube_stm32f103vet6_fsmc_lcd/Drivers/CMSIS/Device/ST/STM32F1xx/Include" -I"C:/STM32 Coding files/stm32f103vet6_fsmc_lcd/stm32f103vet6_fsmc_lcd_test/src/lib/cube_stm32f103vet6_fsmc_lcd/Drivers/CMSIS/Include" -I"C:/STM32 Coding files/stm32f103vet6_fsmc_lcd/stm32f103vet6_fsmc_lcd_test/src/lib/cube_stm32f103vet6_fsmc_lcd/Drivers/STM32F1xx_HAL_Driver/Inc" -I"C:/STM32 Coding files/stm32f103vet6_fsmc_lcd/stm32f103vet6_fsmc_lcd_test/src/common/core/ili9341_setting" -I"C:/STM32 Coding files/stm32f103vet6_fsmc_lcd/stm32f103vet6_fsmc_lcd_test/src/common/core/ili9341_setting/logo" -I"C:/STM32 Coding files/stm32f103vet6_fsmc_lcd/stm32f103vet6_fsmc_lcd_test/src/common/core/ili9341_setting/fonts" -O0 -ffunction-sections -fdata-sections -Wall -fstack-usage -MMD -MP -MF"src/bsp/stm32f1xx_hal_msp.d" -MT"src/bsp/stm32f1xx_hal_msp.o" --specs=nano.specs -mfloat-abi=soft -mthumb -o "src/bsp/stm32f1xx_hal_msp.o"
arm-none-eabi-gcc "../src/bsp/stm32f1xx_it.c" -mcpu=cortex-m3 -std=gnu11 -g3 -DSTM32F103xE -c -I"C:/STM32 Coding files/stm32f103vet6_fsmc_lcd/stm32f103vet6_fsmc_lcd_test/src" -I"C:/STM32 Coding files/stm32f103vet6_fsmc_lcd/stm32f103vet6_fsmc_lcd_test/src/ap" -I"C:/STM32 Coding files/stm32f103vet6_fsmc_lcd/stm32f103vet6_fsmc_lcd_test/src/bsp" -I"C:/STM32 Coding files/stm32f103vet6_fsmc_lcd/stm32f103vet6_fsmc_lcd_test/src/common" -I"C:/STM32 Coding files/stm32f103vet6_fsmc_lcd/stm32f103vet6_fsmc_lcd_test/src/hw" -I"C:/STM32 Coding files/stm32f103vet6_fsmc_lcd/stm32f103vet6_fsmc_lcd_test/src/lib" -I"C:/STM32 Coding files/stm32f103vet6_fsmc_lcd/stm32f103vet6_fsmc_lcd_test/src/common/hw/include" -I"C:/STM32 Coding files/stm32f103vet6_fsmc_lcd/stm32f103vet6_fsmc_lcd_test/src/common/core" -I"C:/STM32 Coding files/stm32f103vet6_fsmc_lcd/stm32f103vet6_fsmc_lcd_test/src/lib/cube_stm32f103vet6_fsmc_lcd/Drivers/CMSIS/Device/ST/STM32F1xx/Include" -I"C:/STM32 Coding files/stm32f103vet6_fsmc_lcd/stm32f103vet6_fsmc_lcd_test/src/lib/cube_stm32f103vet6_fsmc_lcd/Drivers/CMSIS/Include" -I"C:/STM32 Coding files/stm32f103vet6_fsmc_lcd/stm32f103vet6_fsmc_lcd_test/src/lib/cube_stm32f103vet6_fsmc_lcd/Drivers/STM32F1xx_HAL_Driver/Inc" -I"C:/STM32 Coding files/stm32f103vet6_fsmc_lcd/stm32f103vet6_fsmc_lcd_test/src/common/core/ili9341_setting" -I"C:/STM32 Coding files/stm32f103vet6_fsmc_lcd/stm32f103vet6_fsmc_lcd_test/src/common/core/ili9341_setting/logo" -I"C:/STM32 Coding files/stm32f103vet6_fsmc_lcd/stm32f103vet6_fsmc_lcd_test/src/common/core/ili9341_setting/fonts" -O0 -ffunction-sections -fdata-sections -Wall -fstack-usage -MMD -MP -MF"src/bsp/stm32f1xx_it.d" -MT"src/bsp/stm32f1xx_it.o" --specs=nano.specs -mfloat-abi=soft -mthumb -o "src/bsp/stm32f1xx_it.o"
arm-none-eabi-gcc "../src/ap/ap.c" -mcpu=cortex-m3 -std=gnu11 -g3 -DSTM32F103xE -c -I"C:/STM32 Coding files/stm32f103vet6_fsmc_lcd/stm32f103vet6_fsmc_lcd_test/src" -I"C:/STM32 Coding files/stm32f103vet6_fsmc_lcd/stm32f103vet6_fsmc_lcd_test/src/ap" -I"C:/STM32 Coding files/stm32f103vet6_fsmc_lcd/stm32f103vet6_fsmc_lcd_test/src/bsp" -I"C:/STM32 Coding files/stm32f103vet6_fsmc_lcd/stm32f103vet6_fsmc_lcd_test/src/common" -I"C:/STM32 Coding files/stm32f103vet6_fsmc_lcd/stm32f103vet6_fsmc_lcd_test/src/hw" -I"C:/STM32 Coding files/stm32f103vet6_fsmc_lcd/stm32f103vet6_fsmc_lcd_test/src/lib" -I"C:/STM32 Coding files/stm32f103vet6_fsmc_lcd/stm32f103vet6_fsmc_lcd_test/src/common/hw/include" -I"C:/STM32 Coding files/stm32f103vet6_fsmc_lcd/stm32f103vet6_fsmc_lcd_test/src/common/core" -I"C:/STM32 Coding files/stm32f103vet6_fsmc_lcd/stm32f103vet6_fsmc_lcd_test/src/lib/cube_stm32f103vet6_fsmc_lcd/Drivers/CMSIS/Device/ST/STM32F1xx/Include" -I"C:/STM32 Coding files/stm32f103vet6_fsmc_lcd/stm32f103vet6_fsmc_lcd_test/src/lib/cube_stm32f103vet6_fsmc_lcd/Drivers/CMSIS/Include" -I"C:/STM32 Coding files/stm32f103vet6_fsmc_lcd/stm32f103vet6_fsmc_lcd_test/src/lib/cube_stm32f103vet6_fsmc_lcd/Drivers/STM32F1xx_HAL_Driver/Inc" -I"C:/STM32 Coding files/stm32f103vet6_fsmc_lcd/stm32f103vet6_fsmc_lcd_test/src/common/core/ili9341_setting" -I"C:/STM32 Coding files/stm32f103vet6_fsmc_lcd/stm32f103vet6_fsmc_lcd_test/src/common/core/ili9341_setting/logo" -I"C:/STM32 Coding files/stm32f103vet6_fsmc_lcd/stm32f103vet6_fsmc_lcd_test/src/common/core/ili9341_setting/fonts" -O0 -ffunction-sections -fdata-sections -Wall -fstack-usage -MMD -MP -MF"src/ap/ap.d" -MT"src/ap/ap.o" --specs=nano.specs -mfloat-abi=soft -mthumb -o "src/ap/ap.o"
arm-none-eabi-gcc "../src/ap/lcd_demo.c" -mcpu=cortex-m3 -std=gnu11 -g3 -DSTM32F103xE -c -I"C:/STM32 Coding files/stm32f103vet6_fsmc_lcd/stm32f103vet6_fsmc_lcd_test/src" -I"C:/STM32 Coding files/stm32f103vet6_fsmc_lcd/stm32f103vet6_fsmc_lcd_test/src/ap" -I"C:/STM32 Coding files/stm32f103vet6_fsmc_lcd/stm32f103vet6_fsmc_lcd_test/src/bsp" -I"C:/STM32 Coding files/stm32f103vet6_fsmc_lcd/stm32f103vet6_fsmc_lcd_test/src/common" -I"C:/STM32 Coding files/stm32f103vet6_fsmc_lcd/stm32f103vet6_fsmc_lcd_test/src/hw" -I"C:/STM32 Coding files/stm32f103vet6_fsmc_lcd/stm32f103vet6_fsmc_lcd_test/src/lib" -I"C:/STM32 Coding files/stm32f103vet6_fsmc_lcd/stm32f103vet6_fsmc_lcd_test/src/common/hw/include" -I"C:/STM32 Coding files/stm32f103vet6_fsmc_lcd/stm32f103vet6_fsmc_lcd_test/src/common/core" -I"C:/STM32 Coding files/stm32f103vet6_fsmc_lcd/stm32f103vet6_fsmc_lcd_test/src/lib/cube_stm32f103vet6_fsmc_lcd/Drivers/CMSIS/Device/ST/STM32F1xx/Include" -I"C:/STM32 Coding files/stm32f103vet6_fsmc_lcd/stm32f103vet6_fsmc_lcd_test/src/lib/cube_stm32f103vet6_fsmc_lcd/Drivers/CMSIS/Include" -I"C:/STM32 Coding files/stm32f103vet6_fsmc_lcd/stm32f103vet6_fsmc_lcd_test/src/lib/cube_stm32f103vet6_fsmc_lcd/Drivers/STM32F1xx_HAL_Driver/Inc" -I"C:/STM32 Coding files/stm32f103vet6_fsmc_lcd/stm32f103vet6_fsmc_lcd_test/src/common/core/ili9341_setting" -I"C:/STM32 Coding files/stm32f103vet6_fsmc_lcd/stm32f103vet6_fsmc_lcd_test/src/common/core/ili9341_setting/logo" -I"C:/STM32 Coding files/stm32f103vet6_fsmc_lcd/stm32f103vet6_fsmc_lcd_test/src/common/core/ili9341_setting/fonts" -O0 -ffunction-sections -fdata-sections -Wall -fstack-usage -MMD -MP -MF"src/ap/lcd_demo.d" -MT"src/ap/lcd_demo.o" --specs=nano.specs -mfloat-abi=soft -mthumb -o "src/ap/lcd_demo.o"
arm-none-eabi-gcc "../src/main.c" -mcpu=cortex-m3 -std=gnu11 -g3 -DSTM32F103xE -c -I"C:/STM32 Coding files/stm32f103vet6_fsmc_lcd/stm32f103vet6_fsmc_lcd_test/src" -I"C:/STM32 Coding files/stm32f103vet6_fsmc_lcd/stm32f103vet6_fsmc_lcd_test/src/ap" -I"C:/STM32 Coding files/stm32f103vet6_fsmc_lcd/stm32f103vet6_fsmc_lcd_test/src/bsp" -I"C:/STM32 Coding files/stm32f103vet6_fsmc_lcd/stm32f103vet6_fsmc_lcd_test/src/common" -I"C:/STM32 Coding files/stm32f103vet6_fsmc_lcd/stm32f103vet6_fsmc_lcd_test/src/hw" -I"C:/STM32 Coding files/stm32f103vet6_fsmc_lcd/stm32f103vet6_fsmc_lcd_test/src/lib" -I"C:/STM32 Coding files/stm32f103vet6_fsmc_lcd/stm32f103vet6_fsmc_lcd_test/src/common/hw/include" -I"C:/STM32 Coding files/stm32f103vet6_fsmc_lcd/stm32f103vet6_fsmc_lcd_test/src/common/core" -I"C:/STM32 Coding files/stm32f103vet6_fsmc_lcd/stm32f103vet6_fsmc_lcd_test/src/lib/cube_stm32f103vet6_fsmc_lcd/Drivers/CMSIS/Device/ST/STM32F1xx/Include" -I"C:/STM32 Coding files/stm32f103vet6_fsmc_lcd/stm32f103vet6_fsmc_lcd_test/src/lib/cube_stm32f103vet6_fsmc_lcd/Drivers/CMSIS/Include" -I"C:/STM32 Coding files/stm32f103vet6_fsmc_lcd/stm32f103vet6_fsmc_lcd_test/src/lib/cube_stm32f103vet6_fsmc_lcd/Drivers/STM32F1xx_HAL_Driver/Inc" -I"C:/STM32 Coding files/stm32f103vet6_fsmc_lcd/stm32f103vet6_fsmc_lcd_test/src/common/core/ili9341_setting" -I"C:/STM32 Coding files/stm32f103vet6_fsmc_lcd/stm32f103vet6_fsmc_lcd_test/src/common/core/ili9341_setting/logo" -I"C:/STM32 Coding files/stm32f103vet6_fsmc_lcd/stm32f103vet6_fsmc_lcd_test/src/common/core/ili9341_setting/fonts" -O0 -ffunction-sections -fdata-sections -Wall -fstack-usage -MMD -MP -MF"src/main.d" -MT"src/main.o" --specs=nano.specs -mfloat-abi=soft -mthumb -o "src/main.o"
arm-none-eabi-gcc -o "stm32f103vet6_fsmc_lcd_test.elf" @"objects.list"   -mcpu=cortex-m3 -T"C:\STM32 Coding files\stm32f103vet6_fsmc_lcd\stm32f103vet6_fsmc_lcd_test\src\bsp\ldscript\STM32F103VETX_FLASH.ld" --specs=nosys.specs -Wl,-Map="stm32f103vet6_fsmc_lcd_test.map" -Wl,--gc-sections -static --specs=nano.specs -mfloat-abi=soft -mthumb -Wl,--start-group -lc -lm -Wl,--end-group
Finished building target: stm32f103vet6_fsmc_lcd_test.elf
 
arm-none-eabi-objdump -h -S  stm32f103vet6_fsmc_lcd_test.elf  > "stm32f103vet6_fsmc_lcd_test.list"
arm-none-eabi-objcopy  -O ihex  stm32f103vet6_fsmc_lcd_test.elf  "stm32f103vet6_fsmc_lcd_test.hex"
arm-none-eabi-objcopy  -O binary  stm32f103vet6_fsmc_lcd_test.elf  "stm32f103vet6_fsmc_lcd_test.bin"
arm-none-eabi-size   stm32f103vet6_fsmc_lcd_test.elf 
   text	   data	    bss	    dec	    hex	filename
  15600	    168	   2040	  17808	   4590	stm32f103vet6_fsmc_lcd_test.elf
Finished building: default.size.stdout
 
Finished building: stm32f103vet6_fsmc_lcd_test.bin
Finished building: stm32f103vet6_fsmc_lcd_test.hex
 
 
Finished building: stm32f103vet6_fsmc_lcd_test.list
 

01:08:53 Build Finished. 0 errors, 0 warnings. (took 52s.323ms)

